
26. Printing statistics.

=== add_round_key ===

        +----------Local Count, excluding submodules.
        | 
        3 wires
      384 wire bits
        3 public wires
      384 public wire bits
        3 ports
      384 port bits
      128 cells
      128   sky130_fd_sc_hs__xor2_1

=== aes_core ===

        +----------Local Count, excluding submodules.
        | 
      405 wires
     1300 wire bits
       19 public wires
      914 public wire bits
        8 ports
      389 port bits
      514 cells
      256   sky130_fd_sc_hs__a22oi_1
      128   sky130_fd_sc_hs__dfrtp_1
        1   sky130_fd_sc_hs__nor2b_1
        1   sky130_fd_sc_hs__nor3_1
      128   sky130_fd_sc_hs__o21ai_1
        5 submodules
        1   add_round_key
        1   aes_final_round
        1   aes_round
        1   key_expansion
        1   round_controller

=== aes_final_round ===

        +----------Local Count, excluding submodules.
        | 
        5 wires
      640 wire bits
        5 public wires
      640 public wire bits
        3 ports
      384 port bits
        3 submodules
        1   add_round_key
        1   shift_rows
        1   sub_bytes

=== aes_round ===

        +----------Local Count, excluding submodules.
        | 
        6 wires
      768 wire bits
        6 public wires
      768 public wire bits
        3 ports
      384 port bits
        4 submodules
        1   add_round_key
        1   mix_columns
        1   shift_rows
        1   sub_bytes

=== aes_sbox ===

        +----------Local Count, excluding submodules.
        | 
      368 wires
      382 wire bits
        2 public wires
       16 public wire bits
        2 ports
       16 port bits
      374 cells
        3   sky130_fd_sc_hs__a211o_1
       11   sky130_fd_sc_hs__a211oi_1
        2   sky130_fd_sc_hs__a21bo_1
        1   sky130_fd_sc_hs__a21boi_1
        4   sky130_fd_sc_hs__a21o_1
       54   sky130_fd_sc_hs__a21oi_1
        1   sky130_fd_sc_hs__a221o_1
        2   sky130_fd_sc_hs__a221oi_1
        3   sky130_fd_sc_hs__a22oi_1
        4   sky130_fd_sc_hs__a2bb2oi_1
        4   sky130_fd_sc_hs__a311o_1
        3   sky130_fd_sc_hs__a311oi_1
        3   sky130_fd_sc_hs__a31o_1
        7   sky130_fd_sc_hs__a31oi_1
        3   sky130_fd_sc_hs__a32o_1
        3   sky130_fd_sc_hs__a32oi_1
        2   sky130_fd_sc_hs__and2_1
        1   sky130_fd_sc_hs__and3_1
        2   sky130_fd_sc_hs__and3b_1
        6   sky130_fd_sc_hs__clkinv_1
       28   sky130_fd_sc_hs__nand2_1
       12   sky130_fd_sc_hs__nand2b_1
        5   sky130_fd_sc_hs__nand3_1
        1   sky130_fd_sc_hs__nand3b_1
        1   sky130_fd_sc_hs__nand4_1
       43   sky130_fd_sc_hs__nor2_1
        7   sky130_fd_sc_hs__nor2b_1
       19   sky130_fd_sc_hs__nor3_1
        1   sky130_fd_sc_hs__nor4_1
        1   sky130_fd_sc_hs__nor4b_1
        2   sky130_fd_sc_hs__o2111ai_1
        2   sky130_fd_sc_hs__o211a_2
       21   sky130_fd_sc_hs__o211ai_1
        5   sky130_fd_sc_hs__o21a_1
       31   sky130_fd_sc_hs__o21ai_1
        1   sky130_fd_sc_hs__o21ba_1
        3   sky130_fd_sc_hs__o21bai_1
        7   sky130_fd_sc_hs__o221ai_1
        1   sky130_fd_sc_hs__o22a_1
        7   sky130_fd_sc_hs__o22ai_1
        2   sky130_fd_sc_hs__o2bb2ai_1
        2   sky130_fd_sc_hs__o311a_1
        8   sky130_fd_sc_hs__o311ai_1
        3   sky130_fd_sc_hs__o31a_1
       19   sky130_fd_sc_hs__o31ai_1
        8   sky130_fd_sc_hs__o32ai_1
        4   sky130_fd_sc_hs__o41ai_1
        5   sky130_fd_sc_hs__or2_1
        1   sky130_fd_sc_hs__or3b_1
        2   sky130_fd_sc_hs__xnor2_1
        3   sky130_fd_sc_hs__xor2_1

=== key_expansion ===

        +----------Local Count, excluding submodules.
        | 
      422 wires
      714 wire bits
       13 public wires
      305 public wire bits
        8 ports
      265 port bits
      551 cells
       10   sky130_fd_sc_hs__a21oi_1
       40   sky130_fd_sc_hs__a222o_1
        4   sky130_fd_sc_hs__a22o_1
       56   sky130_fd_sc_hs__a22oi_1
        6   sky130_fd_sc_hs__a32oi_1
        6   sky130_fd_sc_hs__and2_1
        6   sky130_fd_sc_hs__and3_1
        8   sky130_fd_sc_hs__clkinv_1
      141   sky130_fd_sc_hs__dfrtp_1
        1   sky130_fd_sc_hs__dfstp_1
       52   sky130_fd_sc_hs__nand2_1
       10   sky130_fd_sc_hs__nand2b_1
        2   sky130_fd_sc_hs__nand3_1
        4   sky130_fd_sc_hs__nor2_1
        1   sky130_fd_sc_hs__nor3_1
       20   sky130_fd_sc_hs__o211ai_1
        2   sky130_fd_sc_hs__o21a_1
       46   sky130_fd_sc_hs__o21ai_1
        1   sky130_fd_sc_hs__o22a_1
        1   sky130_fd_sc_hs__o22ai_1
        3   sky130_fd_sc_hs__o2bb2ai_1
        8   sky130_fd_sc_hs__o311ai_1
       22   sky130_fd_sc_hs__o31ai_1
        2   sky130_fd_sc_hs__or3_1
       15   sky130_fd_sc_hs__xnor2_1
       32   sky130_fd_sc_hs__xnor3_1
       44   sky130_fd_sc_hs__xor2_1
        8   sky130_fd_sc_hs__xor3_1
        4 submodules
        4   aes_sbox

=== mix_columns ===

        +----------Local Count, excluding submodules.
        | 
      199 wires
      453 wire bits
        2 public wires
      256 public wire bits
        2 ports
      256 port bits
      325 cells
       87   sky130_fd_sc_hs__xnor2_1
      150   sky130_fd_sc_hs__xnor3_1
       66   sky130_fd_sc_hs__xor2_1
       22   sky130_fd_sc_hs__xor3_1

=== round_controller ===

        +----------Local Count, excluding submodules.
        | 
       41 wires
       48 wire bits
       10 public wires
       17 public wire bits
        9 ports
       12 port bits
       41 cells
        2   sky130_fd_sc_hs__a21oi_1
        3   sky130_fd_sc_hs__a31oi_1
        1   sky130_fd_sc_hs__and3_1
        2   sky130_fd_sc_hs__clkinv_1
        8   sky130_fd_sc_hs__dfrtp_1
        1   sky130_fd_sc_hs__dfstp_1
        2   sky130_fd_sc_hs__nand2_1
        4   sky130_fd_sc_hs__nand3_1
        1   sky130_fd_sc_hs__nand4bb_1
        6   sky130_fd_sc_hs__nor2_1
        3   sky130_fd_sc_hs__nor3_1
        1   sky130_fd_sc_hs__nor4b_1
        1   sky130_fd_sc_hs__o211ai_1
        1   sky130_fd_sc_hs__o21ai_1
        1   sky130_fd_sc_hs__o22ai_1
        2   sky130_fd_sc_hs__or2_1
        1   sky130_fd_sc_hs__or3_1
        1   sky130_fd_sc_hs__or3b_1

=== shift_rows ===

        +----------Local Count, excluding submodules.
        | 
        2 wires
      256 wire bits
        2 public wires
      256 public wire bits
        2 ports
      256 port bits

=== sub_bytes ===

        +----------Local Count, excluding submodules.
        | 
        2 wires
      256 wire bits
        2 public wires
      256 public wire bits
        2 ports
      256 port bits
       16 submodules
       16   aes_sbox

=== design hierarchy ===

        +----------Count including submodules.
        | 
    15279 aes_core
      128 add_round_key
      128   add_round_key
      374     aes_sbox
      128   add_round_key
      325   mix_columns
      374     aes_sbox
      551 key_expansion
      374   aes_sbox
       41 round_controller

        +----------Count including submodules.
        | 
    14343 wires
    19851 wire bits
      144 public wires
     5652 public wire bits
      122 ports
     4442 port bits
        - memories
        - memory bits
        - processes
    15279 cells
      108   sky130_fd_sc_hs__a211o_1
      396   sky130_fd_sc_hs__a211oi_1
       72   sky130_fd_sc_hs__a21bo_1
       36   sky130_fd_sc_hs__a21boi_1
      144   sky130_fd_sc_hs__a21o_1
     1956   sky130_fd_sc_hs__a21oi_1
       36   sky130_fd_sc_hs__a221o_1
       72   sky130_fd_sc_hs__a221oi_1
       40   sky130_fd_sc_hs__a222o_1
        4   sky130_fd_sc_hs__a22o_1
      420   sky130_fd_sc_hs__a22oi_1
      144   sky130_fd_sc_hs__a2bb2oi_1
      144   sky130_fd_sc_hs__a311o_1
      108   sky130_fd_sc_hs__a311oi_1
      108   sky130_fd_sc_hs__a31o_1
      255   sky130_fd_sc_hs__a31oi_1
      108   sky130_fd_sc_hs__a32o_1
      114   sky130_fd_sc_hs__a32oi_1
       78   sky130_fd_sc_hs__and2_1
       43   sky130_fd_sc_hs__and3_1
       72   sky130_fd_sc_hs__and3b_1
      226   sky130_fd_sc_hs__clkinv_1
      277   sky130_fd_sc_hs__dfrtp_1
        2   sky130_fd_sc_hs__dfstp_1
     1062   sky130_fd_sc_hs__nand2_1
      442   sky130_fd_sc_hs__nand2b_1
      186   sky130_fd_sc_hs__nand3_1
       36   sky130_fd_sc_hs__nand3b_1
       36   sky130_fd_sc_hs__nand4_1
        1   sky130_fd_sc_hs__nand4bb_1
     1558   sky130_fd_sc_hs__nor2_1
      253   sky130_fd_sc_hs__nor2b_1
      689   sky130_fd_sc_hs__nor3_1
       36   sky130_fd_sc_hs__nor4_1
       37   sky130_fd_sc_hs__nor4b_1
       72   sky130_fd_sc_hs__o2111ai_1
       72   sky130_fd_sc_hs__o211a_2
      777   sky130_fd_sc_hs__o211ai_1
      182   sky130_fd_sc_hs__o21a_1
     1291   sky130_fd_sc_hs__o21ai_1
       36   sky130_fd_sc_hs__o21ba_1
      108   sky130_fd_sc_hs__o21bai_1
      252   sky130_fd_sc_hs__o221ai_1
       37   sky130_fd_sc_hs__o22a_1
      254   sky130_fd_sc_hs__o22ai_1
       75   sky130_fd_sc_hs__o2bb2ai_1
       72   sky130_fd_sc_hs__o311a_1
      296   sky130_fd_sc_hs__o311ai_1
      108   sky130_fd_sc_hs__o31a_1
      706   sky130_fd_sc_hs__o31ai_1
      288   sky130_fd_sc_hs__o32ai_1
      144   sky130_fd_sc_hs__o41ai_1
      182   sky130_fd_sc_hs__or2_1
        3   sky130_fd_sc_hs__or3_1
       37   sky130_fd_sc_hs__or3b_1
      174   sky130_fd_sc_hs__xnor2_1
      182   sky130_fd_sc_hs__xnor3_1
      602   sky130_fd_sc_hs__xor2_1
       30   sky130_fd_sc_hs__xor3_1
        5 submodules
        1   add_round_key
        1   aes_final_round
        1   aes_round
        1   key_expansion
        1   round_controller

