OpenSTA 3.1.0 5be03c5cca Copyright (c) 2026, Parallax Software, Inc.
License GPLv3: GNU GPL version 3 <http://gnu.org/licenses/gpl.html>

This is free software, and you are free to change and redistribute it
under certain conditions; type `show_copying' for details. 
This program comes with ABSOLUTELY NO WARRANTY; for details type `show_warranty'.

============================================================
SKY130HS WORST SETUP PATH
============================================================
Startpoint: u_controller/_68_ (rising edge-triggered flip-flop clocked by clk)
Endpoint: _772_ (rising edge-triggered flip-flop clocked by clk)
Path Group: clk
Path Type: max

Fanout       Cap      Slew     Delay      Time   Description
-------------------------------------------------------------------------------------
                    0.0000    0.0000    0.0000   clock clk (rise edge)
                              0.0000    0.0000   clock network delay (ideal)
                    0.0000    0.0000    0.0000 ^ u_controller/_68_/CLK (sky130_fd_sc_hs__dfrtp_1)
   260    0.7528    4.5441    3.1868    3.1868 ^ u_controller/_68_/Q (sky130_fd_sc_hs__dfrtp_1)
                                                 do_initial_key (net)
                    4.5441    0.0000    3.1868 ^ _388_/A (sky130_fd_sc_hs__nor3_1)
   128    0.3622    3.1564    4.0290    7.2158 v _388_/Y (sky130_fd_sc_hs__nor3_1)
                                                 _150_ (net)
                    3.1564    0.0000    7.2158 v _767_/B2 (sky130_fd_sc_hs__a22oi_1)
     1    0.0029    0.3963    0.6388    7.8547 ^ _767_/Y (sky130_fd_sc_hs__a22oi_1)
                                                 _145_ (net)
                    0.3963    0.0000    7.8547 ^ _768_/B1 (sky130_fd_sc_hs__o21ai_1)
     1    0.0019    0.4017    0.0793    7.9339 v _768_/Y (sky130_fd_sc_hs__o21ai_1)
                                                 _126_ (net)
                    0.4017    0.0000    7.9339 v _772_/D (sky130_fd_sc_hs__dfrtp_1)
                                        7.9339   data arrival time

                    0.0000   10.0000   10.0000   clock clk (rise edge)
                              0.0000   10.0000   clock network delay (ideal)
                             -0.2000    9.8000   clock uncertainty
                              0.0000    9.8000   clock reconvergence pessimism
                                        9.8000 ^ _772_/CLK (sky130_fd_sc_hs__dfrtp_1)
                             -0.2915    9.5085   library setup time
                                        9.5085   data required time
-------------------------------------------------------------------------------------
                                        9.5085   data required time
                                       -7.9339   data arrival time
-------------------------------------------------------------------------------------
                                        1.5745   slack (MET)



============================================================
SKY130HS WORST HOLD PATH
============================================================
Startpoint: u_key_expansion/_947_
            (rising edge-triggered flip-flop clocked by clk)
Endpoint: u_key_expansion/_948_ (rising edge-triggered flip-flop clocked by clk)
Path Group: clk
Path Type: min

Fanout       Cap      Slew     Delay      Time   Description
-------------------------------------------------------------------------------------
                    0.0000    0.0000    0.0000   clock clk (rise edge)
                              0.0000    0.0000   clock network delay (ideal)
                    0.0000    0.0000    0.0000 ^ u_key_expansion/_947_/CLK (sky130_fd_sc_hs__dfrtp_1)
     3    0.0078    0.0607    0.1955    0.1955 ^ u_key_expansion/_947_/Q (sky130_fd_sc_hs__dfrtp_1)
                                                 u_key_expansion/rcon[1] (net)
                    0.0607    0.0000    0.1955 ^ u_key_expansion/_437_/B2 (sky130_fd_sc_hs__a22o_1)
     1    0.0019    0.0274    0.0752    0.2707 ^ u_key_expansion/_437_/X (sky130_fd_sc_hs__a22o_1)
                                                 u_key_expansion/_009_ (net)
                    0.0274    0.0000    0.2707 ^ u_key_expansion/_948_/D (sky130_fd_sc_hs__dfrtp_1)
                                        0.2707   data arrival time

                    0.0000    0.0000    0.0000   clock clk (rise edge)
                              0.0000    0.0000   clock network delay (ideal)
                              0.2000    0.2000   clock uncertainty
                              0.0000    0.2000   clock reconvergence pessimism
                                        0.2000 ^ u_key_expansion/_948_/CLK (sky130_fd_sc_hs__dfrtp_1)
                             -0.0305    0.1695   library hold time
                                        0.1695   data required time
-------------------------------------------------------------------------------------
                                        0.1695   data required time
                                       -0.2707   data arrival time
-------------------------------------------------------------------------------------
                                        0.1012   slack (MET)



============================================================
SKY130HS SLACK SUMMARY
============================================================
wns max 0.00
tns max 0.00

============================================================
CLOCK INFORMATION
============================================================
Clock                   Period          Waveform
----------------------------------------------------
clk                      10.00        0.00      5.00

============================================================
TIMING VIOLATIONS
============================================================
Startpoint: u_controller/_68_ (rising edge-triggered flip-flop clocked by clk)
Endpoint: _772_ (rising edge-triggered flip-flop clocked by clk)
Path Group: clk
Path Type: max

  Delay    Time   Description
---------------------------------------------------------
   0.00    0.00   clock clk (rise edge)
   0.00    0.00   clock network delay (ideal)
   0.00    0.00 ^ u_controller/_68_/CLK (sky130_fd_sc_hs__dfrtp_1)
   3.19    3.19 ^ u_controller/_68_/Q (sky130_fd_sc_hs__dfrtp_1)
   4.03    7.22 v _388_/Y (sky130_fd_sc_hs__nor3_1)
   0.64    7.85 ^ _767_/Y (sky130_fd_sc_hs__a22oi_1)
   0.08    7.93 v _768_/Y (sky130_fd_sc_hs__o21ai_1)
   0.00    7.93 v _772_/D (sky130_fd_sc_hs__dfrtp_1)
           7.93   data arrival time

  10.00   10.00   clock clk (rise edge)
   0.00   10.00   clock network delay (ideal)
  -0.20    9.80   clock uncertainty
   0.00    9.80   clock reconvergence pessimism
           9.80 ^ _772_/CLK (sky130_fd_sc_hs__dfrtp_1)
  -0.29    9.51   library setup time
           9.51   data required time
---------------------------------------------------------
           9.51   data required time
          -7.93   data arrival time
---------------------------------------------------------
           1.57   slack (MET)



============================================================
UNCONSTRAINED PATHS
============================================================
Startpoint: u_controller/_68_ (rising edge-triggered flip-flop clocked by clk)
Endpoint: _772_ (rising edge-triggered flip-flop clocked by clk)
Path Group: clk
Path Type: max

  Delay    Time   Description
---------------------------------------------------------
   0.00    0.00   clock clk (rise edge)
   0.00    0.00   clock network delay (ideal)
   0.00    0.00 ^ u_controller/_68_/CLK (sky130_fd_sc_hs__dfrtp_1)
   3.19    3.19 ^ u_controller/_68_/Q (sky130_fd_sc_hs__dfrtp_1)
   4.03    7.22 v _388_/Y (sky130_fd_sc_hs__nor3_1)
   0.64    7.85 ^ _767_/Y (sky130_fd_sc_hs__a22oi_1)
   0.08    7.93 v _768_/Y (sky130_fd_sc_hs__o21ai_1)
   0.00    7.93 v _772_/D (sky130_fd_sc_hs__dfrtp_1)
           7.93   data arrival time

  10.00   10.00   clock clk (rise edge)
   0.00   10.00   clock network delay (ideal)
  -0.20    9.80   clock uncertainty
   0.00    9.80   clock reconvergence pessimism
           9.80 ^ _772_/CLK (sky130_fd_sc_hs__dfrtp_1)
  -0.29    9.51   library setup time
           9.51   data required time
---------------------------------------------------------
           9.51   data required time
          -7.93   data arrival time
---------------------------------------------------------
           1.57   slack (MET)


