#! /opt/homebrew/Cellar/icarus-verilog/13.0/bin/vvp
:ivl_version "13.0 (stable)" "(v13_0)";
:ivl_delay_selection "TYPICAL";
:vpi_time_precision - 12;
:vpi_module "/opt/homebrew/Cellar/icarus-verilog/13.0/lib/ivl/system.vpi";
:vpi_module "/opt/homebrew/Cellar/icarus-verilog/13.0/lib/ivl/vhdl_sys.vpi";
:vpi_module "/opt/homebrew/Cellar/icarus-verilog/13.0/lib/ivl/vhdl_textio.vpi";
:vpi_module "/opt/homebrew/Cellar/icarus-verilog/13.0/lib/ivl/v2005_math.vpi";
:vpi_module "/opt/homebrew/Cellar/icarus-verilog/13.0/lib/ivl/va_math.vpi";
:vpi_module "/opt/homebrew/Cellar/icarus-verilog/13.0/lib/ivl/v2009.vpi";
S_0x10488c530 .scope package, "$unit" "$unit" 2 1;
 .timescale 0 0;
S_0x10488aa40 .scope module, "add_round_key_tb" "add_round_key_tb" 3 3;
 .timescale -9 -12;
v0x104892c60_0 .var "round_key", 127 0;
v0x104892d00_0 .var "state_in", 127 0;
v0x104892da0_0 .net "state_out", 127 0, L_0x104892e40;  1 drivers
S_0x10488abc0 .scope module, "dut" "add_round_key" 3 9, 4 1 0, S_0x10488aa40;
 .timescale 0 0;
    .port_info 0 /INPUT 128 "state_in";
    .port_info 1 /INPUT 128 "round_key";
    .port_info 2 /OUTPUT 128 "state_out";
L_0x104892e40 .functor XOR 128, v0x104892d00_0, v0x104892c60_0, C4<00000000000000000000000000000000000000000000000000000000000000000000000000000000000000000000000000000000000000000000000000000000>, C4<00000000000000000000000000000000000000000000000000000000000000000000000000000000000000000000000000000000000000000000000000000000>;
v0x104892a80_0 .net "round_key", 127 0, v0x104892c60_0;  1 drivers
v0x104892b20_0 .net "state_in", 127 0, v0x104892d00_0;  1 drivers
v0x104892bc0_0 .net "state_out", 127 0, L_0x104892e40;  alias, 1 drivers
    .scope S_0x10488aa40;
T_0 ;
    %pushi/vec4 2299632162, 0, 43;
    %concati/vec4 2872294468, 0, 32;
    %concati/vec4 3444956774, 0, 32;
    %concati/vec4 1961727, 0, 21;
    %store/vec4 v0x104892d00_0, 0, 128;
    %pushi/vec4 2164359682, 0, 47;
    %concati/vec4 2198045700, 0, 32;
    %concati/vec4 2231731718, 0, 32;
    %concati/vec4 69135, 0, 17;
    %store/vec4 v0x104892c60_0, 0, 128;
    %delay 1000, 0;
    %vpi_call/w 3 23 "$display", "State     : %032h", v0x104892d00_0 {0 0 0};
    %vpi_call/w 3 24 "$display", "Round Key : %032h", v0x104892c60_0 {0 0 0};
    %vpi_call/w 3 25 "$display", "Output    : %032h", v0x104892da0_0 {0 0 0};
    %load/vec4 v0x104892da0_0;
    %pushi/vec4 2164359682, 0, 43;
    %concati/vec4 2198045700, 0, 32;
    %concati/vec4 2231731718, 0, 32;
    %concati/vec4 1106160, 0, 21;
    %cmp/e;
    %jmp/0xz  T_0.0, 6;
    %vpi_call/w 3 35 "$display", "ADD_ROUND_KEY PASS" {0 0 0};
    %jmp T_0.1;
T_0.0 ;
    %vpi_call/w 3 38 "$display", "ADD_ROUND_KEY FAIL" {0 0 0};
    %vpi_call/w 3 39 "$display", "Expected  : 00102030405060708090A0B0C0D0E0F0" {0 0 0};
T_0.1 ;
    %vpi_call/w 3 42 "$finish" {0 0 0};
    %end;
    .thread T_0;
# The file index is used to find the file name in the following table.
:file_names 5;
    "N/A";
    "<interactive>";
    "-";
    "tb/add_round_key_tb.sv";
    "rtl/add_round_key.sv";
