#! /opt/homebrew/Cellar/icarus-verilog/13.0/bin/vvp
:ivl_version "13.0 (stable)" "(v13_0)";
:ivl_delay_selection "TYPICAL";
:vpi_time_precision - 12;
:vpi_module "/opt/homebrew/Cellar/icarus-verilog/13.0/lib/ivl/system.vpi";
:vpi_module "/opt/homebrew/Cellar/icarus-verilog/13.0/lib/ivl/vhdl_sys.vpi";
:vpi_module "/opt/homebrew/Cellar/icarus-verilog/13.0/lib/ivl/vhdl_textio.vpi";
:vpi_module "/opt/homebrew/Cellar/icarus-verilog/13.0/lib/ivl/v2005_math.vpi";
:vpi_module "/opt/homebrew/Cellar/icarus-verilog/13.0/lib/ivl/va_math.vpi";
:vpi_module "/opt/homebrew/Cellar/icarus-verilog/13.0/lib/ivl/v2009.vpi";
S_0x1050c6800 .scope package, "$unit" "$unit" 2 1;
 .timescale 0 0;
S_0x1050c0360 .scope module, "mix_columns_tb" "mix_columns_tb" 3 3;
 .timescale -9 -12;
v0x862c7d0e0_0 .var "state_in", 127 0;
v0x862c7d180_0 .net "state_out", 127 0, v0x862c7d040_0;  1 drivers
S_0x1050c04e0 .scope module, "dut" "mix_columns" 3 8, 4 1 0, S_0x1050c0360;
 .timescale 0 0;
    .port_info 0 /INPUT 128 "state_in";
    .port_info 1 /OUTPUT 128 "state_out";
v0x1050ccf20_0 .var "b0", 7 0;
v0x1050ccfc0_0 .var "b1", 7 0;
v0x1050cd060_0 .var "b10", 7 0;
v0x1050cd100_0 .var "b11", 7 0;
v0x1050cd1a0_0 .var "b12", 7 0;
v0x1050cd240_0 .var "b13", 7 0;
v0x1050cd2e0_0 .var "b14", 7 0;
v0x862c7c000_0 .var "b15", 7 0;
v0x862c7c0a0_0 .var "b2", 7 0;
v0x862c7c140_0 .var "b3", 7 0;
v0x862c7c1e0_0 .var "b4", 7 0;
v0x862c7c280_0 .var "b5", 7 0;
v0x862c7c320_0 .var "b6", 7 0;
v0x862c7c3c0_0 .var "b7", 7 0;
v0x862c7c460_0 .var "b8", 7 0;
v0x862c7c500_0 .var "b9", 7 0;
v0x862c7c5a0_0 .var "c0", 7 0;
v0x862c7c640_0 .var "c1", 7 0;
v0x862c7c6e0_0 .var "c10", 7 0;
v0x862c7c780_0 .var "c11", 7 0;
v0x862c7c820_0 .var "c12", 7 0;
v0x862c7c8c0_0 .var "c13", 7 0;
v0x862c7c960_0 .var "c14", 7 0;
v0x862c7ca00_0 .var "c15", 7 0;
v0x862c7caa0_0 .var "c2", 7 0;
v0x862c7cb40_0 .var "c3", 7 0;
v0x862c7cbe0_0 .var "c4", 7 0;
v0x862c7cc80_0 .var "c5", 7 0;
v0x862c7cd20_0 .var "c6", 7 0;
v0x862c7cdc0_0 .var "c7", 7 0;
v0x862c7ce60_0 .var "c8", 7 0;
v0x862c7cf00_0 .var "c9", 7 0;
v0x862c7cfa0_0 .net "state_in", 127 0, v0x862c7d0e0_0;  1 drivers
v0x862c7d040_0 .var "state_out", 127 0;
E_0x862c04480/0 .event anyedge, v0x862c7cfa0_0, v0x1050ccf20_0, v0x1050ccfc0_0, v0x862c7c0a0_0;
E_0x862c04480/1 .event anyedge, v0x862c7c140_0, v0x862c7c1e0_0, v0x862c7c280_0, v0x862c7c320_0;
E_0x862c04480/2 .event anyedge, v0x862c7c3c0_0, v0x862c7c460_0, v0x862c7c500_0, v0x1050cd060_0;
E_0x862c04480/3 .event anyedge, v0x1050cd100_0, v0x1050cd1a0_0, v0x1050cd240_0, v0x1050cd2e0_0;
E_0x862c04480/4 .event anyedge, v0x862c7c000_0, v0x862c7c5a0_0, v0x862c7c640_0, v0x862c7caa0_0;
E_0x862c04480/5 .event anyedge, v0x862c7cb40_0, v0x862c7cbe0_0, v0x862c7cc80_0, v0x862c7cd20_0;
E_0x862c04480/6 .event anyedge, v0x862c7cdc0_0, v0x862c7ce60_0, v0x862c7cf00_0, v0x862c7c6e0_0;
E_0x862c04480/7 .event anyedge, v0x862c7c780_0, v0x862c7c820_0, v0x862c7c8c0_0, v0x862c7c960_0;
E_0x862c04480/8 .event anyedge, v0x862c7ca00_0;
E_0x862c04480 .event/or E_0x862c04480/0, E_0x862c04480/1, E_0x862c04480/2, E_0x862c04480/3, E_0x862c04480/4, E_0x862c04480/5, E_0x862c04480/6, E_0x862c04480/7, E_0x862c04480/8;
S_0x1050cbba0 .scope autofunction.vec4.s8, "mul3" "mul3" 4 25, 4 25 0, S_0x1050c04e0;
 .timescale 0 0;
; Variable mul3 is vec4 return value of scope S_0x1050cbba0
v0x1050cc3a0_0 .var "x", 7 0;
TD_mix_columns_tb.dut.mul3 ;
    %alloc S_0x1050cc440;
    %load/vec4 v0x1050cc3a0_0;
    %store/vec4 v0x1050cc5c0_0, 0, 8;
    %callf/vec4 TD_mix_columns_tb.dut.xtime, S_0x1050cc440;
    %free S_0x1050cc440;
    %load/vec4 v0x1050cc3a0_0;
    %xor;
    %ret/vec4 0, 0, 8;  Assign to mul3 (store_vec4_to_lval)
    %end;
S_0x1050cc440 .scope autofunction.vec4.s8, "xtime" "xtime" 4 11, 4 11 0, S_0x1050c04e0;
 .timescale 0 0;
v0x1050cc5c0_0 .var "x", 7 0;
; Variable xtime is vec4 return value of scope S_0x1050cc440
TD_mix_columns_tb.dut.xtime ;
    %load/vec4 v0x1050cc5c0_0;
    %parti/s 1, 7, 4;
    %flag_set/vec4 8;
    %jmp/0xz  T_1.0, 8;
    %load/vec4 v0x1050cc5c0_0;
    %parti/s 7, 0, 2;
    %concati/vec4 0, 0, 1;
    %pushi/vec4 27, 0, 8;
    %xor;
    %ret/vec4 0, 0, 8;  Assign to xtime (store_vec4_to_lval)
    %jmp T_1.1;
T_1.0 ;
    %load/vec4 v0x1050cc5c0_0;
    %parti/s 7, 0, 2;
    %concati/vec4 0, 0, 1;
    %ret/vec4 0, 0, 8;  Assign to xtime (store_vec4_to_lval)
T_1.1 ;
    %end;
    .scope S_0x1050c04e0;
T_2 ;
    %wait E_0x862c04480;
    %load/vec4 v0x862c7cfa0_0;
    %parti/s 8, 120, 8;
    %store/vec4 v0x1050ccf20_0, 0, 8;
    %load/vec4 v0x862c7cfa0_0;
    %parti/s 8, 112, 8;
    %store/vec4 v0x1050ccfc0_0, 0, 8;
    %load/vec4 v0x862c7cfa0_0;
    %parti/s 8, 104, 8;
    %store/vec4 v0x862c7c0a0_0, 0, 8;
    %load/vec4 v0x862c7cfa0_0;
    %parti/s 8, 96, 8;
    %store/vec4 v0x862c7c140_0, 0, 8;
    %load/vec4 v0x862c7cfa0_0;
    %parti/s 8, 88, 8;
    %store/vec4 v0x862c7c1e0_0, 0, 8;
    %load/vec4 v0x862c7cfa0_0;
    %parti/s 8, 80, 8;
    %store/vec4 v0x862c7c280_0, 0, 8;
    %load/vec4 v0x862c7cfa0_0;
    %parti/s 8, 72, 8;
    %store/vec4 v0x862c7c320_0, 0, 8;
    %load/vec4 v0x862c7cfa0_0;
    %parti/s 8, 64, 8;
    %store/vec4 v0x862c7c3c0_0, 0, 8;
    %load/vec4 v0x862c7cfa0_0;
    %parti/s 8, 56, 7;
    %store/vec4 v0x862c7c460_0, 0, 8;
    %load/vec4 v0x862c7cfa0_0;
    %parti/s 8, 48, 7;
    %store/vec4 v0x862c7c500_0, 0, 8;
    %load/vec4 v0x862c7cfa0_0;
    %parti/s 8, 40, 7;
    %store/vec4 v0x1050cd060_0, 0, 8;
    %load/vec4 v0x862c7cfa0_0;
    %parti/s 8, 32, 7;
    %store/vec4 v0x1050cd100_0, 0, 8;
    %load/vec4 v0x862c7cfa0_0;
    %parti/s 8, 24, 6;
    %store/vec4 v0x1050cd1a0_0, 0, 8;
    %load/vec4 v0x862c7cfa0_0;
    %parti/s 8, 16, 6;
    %store/vec4 v0x1050cd240_0, 0, 8;
    %load/vec4 v0x862c7cfa0_0;
    %parti/s 8, 8, 5;
    %store/vec4 v0x1050cd2e0_0, 0, 8;
    %load/vec4 v0x862c7cfa0_0;
    %parti/s 8, 0, 2;
    %store/vec4 v0x862c7c000_0, 0, 8;
    %alloc S_0x1050cc440;
    %load/vec4 v0x1050ccf20_0;
    %store/vec4 v0x1050cc5c0_0, 0, 8;
    %callf/vec4 TD_mix_columns_tb.dut.xtime, S_0x1050cc440;
    %free S_0x1050cc440;
    %alloc S_0x1050cbba0;
    %load/vec4 v0x1050ccfc0_0;
    %store/vec4 v0x1050cc3a0_0, 0, 8;
    %callf/vec4 TD_mix_columns_tb.dut.mul3, S_0x1050cbba0;
    %free S_0x1050cbba0;
    %xor;
    %load/vec4 v0x862c7c0a0_0;
    %xor;
    %load/vec4 v0x862c7c140_0;
    %xor;
    %store/vec4 v0x862c7c5a0_0, 0, 8;
    %load/vec4 v0x1050ccf20_0;
    %alloc S_0x1050cc440;
    %load/vec4 v0x1050ccfc0_0;
    %store/vec4 v0x1050cc5c0_0, 0, 8;
    %callf/vec4 TD_mix_columns_tb.dut.xtime, S_0x1050cc440;
    %free S_0x1050cc440;
    %xor;
    %alloc S_0x1050cbba0;
    %load/vec4 v0x862c7c0a0_0;
    %store/vec4 v0x1050cc3a0_0, 0, 8;
    %callf/vec4 TD_mix_columns_tb.dut.mul3, S_0x1050cbba0;
    %free S_0x1050cbba0;
    %xor;
    %load/vec4 v0x862c7c140_0;
    %xor;
    %store/vec4 v0x862c7c640_0, 0, 8;
    %load/vec4 v0x1050ccf20_0;
    %load/vec4 v0x1050ccfc0_0;
    %xor;
    %alloc S_0x1050cc440;
    %load/vec4 v0x862c7c0a0_0;
    %store/vec4 v0x1050cc5c0_0, 0, 8;
    %callf/vec4 TD_mix_columns_tb.dut.xtime, S_0x1050cc440;
    %free S_0x1050cc440;
    %xor;
    %alloc S_0x1050cbba0;
    %load/vec4 v0x862c7c140_0;
    %store/vec4 v0x1050cc3a0_0, 0, 8;
    %callf/vec4 TD_mix_columns_tb.dut.mul3, S_0x1050cbba0;
    %free S_0x1050cbba0;
    %xor;
    %store/vec4 v0x862c7caa0_0, 0, 8;
    %alloc S_0x1050cbba0;
    %load/vec4 v0x1050ccf20_0;
    %store/vec4 v0x1050cc3a0_0, 0, 8;
    %callf/vec4 TD_mix_columns_tb.dut.mul3, S_0x1050cbba0;
    %free S_0x1050cbba0;
    %load/vec4 v0x1050ccfc0_0;
    %xor;
    %load/vec4 v0x862c7c0a0_0;
    %xor;
    %alloc S_0x1050cc440;
    %load/vec4 v0x862c7c140_0;
    %store/vec4 v0x1050cc5c0_0, 0, 8;
    %callf/vec4 TD_mix_columns_tb.dut.xtime, S_0x1050cc440;
    %free S_0x1050cc440;
    %xor;
    %store/vec4 v0x862c7cb40_0, 0, 8;
    %alloc S_0x1050cc440;
    %load/vec4 v0x862c7c1e0_0;
    %store/vec4 v0x1050cc5c0_0, 0, 8;
    %callf/vec4 TD_mix_columns_tb.dut.xtime, S_0x1050cc440;
    %free S_0x1050cc440;
    %alloc S_0x1050cbba0;
    %load/vec4 v0x862c7c280_0;
    %store/vec4 v0x1050cc3a0_0, 0, 8;
    %callf/vec4 TD_mix_columns_tb.dut.mul3, S_0x1050cbba0;
    %free S_0x1050cbba0;
    %xor;
    %load/vec4 v0x862c7c320_0;
    %xor;
    %load/vec4 v0x862c7c3c0_0;
    %xor;
    %store/vec4 v0x862c7cbe0_0, 0, 8;
    %load/vec4 v0x862c7c1e0_0;
    %alloc S_0x1050cc440;
    %load/vec4 v0x862c7c280_0;
    %store/vec4 v0x1050cc5c0_0, 0, 8;
    %callf/vec4 TD_mix_columns_tb.dut.xtime, S_0x1050cc440;
    %free S_0x1050cc440;
    %xor;
    %alloc S_0x1050cbba0;
    %load/vec4 v0x862c7c320_0;
    %store/vec4 v0x1050cc3a0_0, 0, 8;
    %callf/vec4 TD_mix_columns_tb.dut.mul3, S_0x1050cbba0;
    %free S_0x1050cbba0;
    %xor;
    %load/vec4 v0x862c7c3c0_0;
    %xor;
    %store/vec4 v0x862c7cc80_0, 0, 8;
    %load/vec4 v0x862c7c1e0_0;
    %load/vec4 v0x862c7c280_0;
    %xor;
    %alloc S_0x1050cc440;
    %load/vec4 v0x862c7c320_0;
    %store/vec4 v0x1050cc5c0_0, 0, 8;
    %callf/vec4 TD_mix_columns_tb.dut.xtime, S_0x1050cc440;
    %free S_0x1050cc440;
    %xor;
    %alloc S_0x1050cbba0;
    %load/vec4 v0x862c7c3c0_0;
    %store/vec4 v0x1050cc3a0_0, 0, 8;
    %callf/vec4 TD_mix_columns_tb.dut.mul3, S_0x1050cbba0;
    %free S_0x1050cbba0;
    %xor;
    %store/vec4 v0x862c7cd20_0, 0, 8;
    %alloc S_0x1050cbba0;
    %load/vec4 v0x862c7c1e0_0;
    %store/vec4 v0x1050cc3a0_0, 0, 8;
    %callf/vec4 TD_mix_columns_tb.dut.mul3, S_0x1050cbba0;
    %free S_0x1050cbba0;
    %load/vec4 v0x862c7c280_0;
    %xor;
    %load/vec4 v0x862c7c320_0;
    %xor;
    %alloc S_0x1050cc440;
    %load/vec4 v0x862c7c3c0_0;
    %store/vec4 v0x1050cc5c0_0, 0, 8;
    %callf/vec4 TD_mix_columns_tb.dut.xtime, S_0x1050cc440;
    %free S_0x1050cc440;
    %xor;
    %store/vec4 v0x862c7cdc0_0, 0, 8;
    %alloc S_0x1050cc440;
    %load/vec4 v0x862c7c460_0;
    %store/vec4 v0x1050cc5c0_0, 0, 8;
    %callf/vec4 TD_mix_columns_tb.dut.xtime, S_0x1050cc440;
    %free S_0x1050cc440;
    %alloc S_0x1050cbba0;
    %load/vec4 v0x862c7c500_0;
    %store/vec4 v0x1050cc3a0_0, 0, 8;
    %callf/vec4 TD_mix_columns_tb.dut.mul3, S_0x1050cbba0;
    %free S_0x1050cbba0;
    %xor;
    %load/vec4 v0x1050cd060_0;
    %xor;
    %load/vec4 v0x1050cd100_0;
    %xor;
    %store/vec4 v0x862c7ce60_0, 0, 8;
    %load/vec4 v0x862c7c460_0;
    %alloc S_0x1050cc440;
    %load/vec4 v0x862c7c500_0;
    %store/vec4 v0x1050cc5c0_0, 0, 8;
    %callf/vec4 TD_mix_columns_tb.dut.xtime, S_0x1050cc440;
    %free S_0x1050cc440;
    %xor;
    %alloc S_0x1050cbba0;
    %load/vec4 v0x1050cd060_0;
    %store/vec4 v0x1050cc3a0_0, 0, 8;
    %callf/vec4 TD_mix_columns_tb.dut.mul3, S_0x1050cbba0;
    %free S_0x1050cbba0;
    %xor;
    %load/vec4 v0x1050cd100_0;
    %xor;
    %store/vec4 v0x862c7cf00_0, 0, 8;
    %load/vec4 v0x862c7c460_0;
    %load/vec4 v0x862c7c500_0;
    %xor;
    %alloc S_0x1050cc440;
    %load/vec4 v0x1050cd060_0;
    %store/vec4 v0x1050cc5c0_0, 0, 8;
    %callf/vec4 TD_mix_columns_tb.dut.xtime, S_0x1050cc440;
    %free S_0x1050cc440;
    %xor;
    %alloc S_0x1050cbba0;
    %load/vec4 v0x1050cd100_0;
    %store/vec4 v0x1050cc3a0_0, 0, 8;
    %callf/vec4 TD_mix_columns_tb.dut.mul3, S_0x1050cbba0;
    %free S_0x1050cbba0;
    %xor;
    %store/vec4 v0x862c7c6e0_0, 0, 8;
    %alloc S_0x1050cbba0;
    %load/vec4 v0x862c7c460_0;
    %store/vec4 v0x1050cc3a0_0, 0, 8;
    %callf/vec4 TD_mix_columns_tb.dut.mul3, S_0x1050cbba0;
    %free S_0x1050cbba0;
    %load/vec4 v0x862c7c500_0;
    %xor;
    %load/vec4 v0x1050cd060_0;
    %xor;
    %alloc S_0x1050cc440;
    %load/vec4 v0x1050cd100_0;
    %store/vec4 v0x1050cc5c0_0, 0, 8;
    %callf/vec4 TD_mix_columns_tb.dut.xtime, S_0x1050cc440;
    %free S_0x1050cc440;
    %xor;
    %store/vec4 v0x862c7c780_0, 0, 8;
    %alloc S_0x1050cc440;
    %load/vec4 v0x1050cd1a0_0;
    %store/vec4 v0x1050cc5c0_0, 0, 8;
    %callf/vec4 TD_mix_columns_tb.dut.xtime, S_0x1050cc440;
    %free S_0x1050cc440;
    %alloc S_0x1050cbba0;
    %load/vec4 v0x1050cd240_0;
    %store/vec4 v0x1050cc3a0_0, 0, 8;
    %callf/vec4 TD_mix_columns_tb.dut.mul3, S_0x1050cbba0;
    %free S_0x1050cbba0;
    %xor;
    %load/vec4 v0x1050cd2e0_0;
    %xor;
    %load/vec4 v0x862c7c000_0;
    %xor;
    %store/vec4 v0x862c7c820_0, 0, 8;
    %load/vec4 v0x1050cd1a0_0;
    %alloc S_0x1050cc440;
    %load/vec4 v0x1050cd240_0;
    %store/vec4 v0x1050cc5c0_0, 0, 8;
    %callf/vec4 TD_mix_columns_tb.dut.xtime, S_0x1050cc440;
    %free S_0x1050cc440;
    %xor;
    %alloc S_0x1050cbba0;
    %load/vec4 v0x1050cd2e0_0;
    %store/vec4 v0x1050cc3a0_0, 0, 8;
    %callf/vec4 TD_mix_columns_tb.dut.mul3, S_0x1050cbba0;
    %free S_0x1050cbba0;
    %xor;
    %load/vec4 v0x862c7c000_0;
    %xor;
    %store/vec4 v0x862c7c8c0_0, 0, 8;
    %load/vec4 v0x1050cd1a0_0;
    %load/vec4 v0x1050cd240_0;
    %xor;
    %alloc S_0x1050cc440;
    %load/vec4 v0x1050cd2e0_0;
    %store/vec4 v0x1050cc5c0_0, 0, 8;
    %callf/vec4 TD_mix_columns_tb.dut.xtime, S_0x1050cc440;
    %free S_0x1050cc440;
    %xor;
    %alloc S_0x1050cbba0;
    %load/vec4 v0x862c7c000_0;
    %store/vec4 v0x1050cc3a0_0, 0, 8;
    %callf/vec4 TD_mix_columns_tb.dut.mul3, S_0x1050cbba0;
    %free S_0x1050cbba0;
    %xor;
    %store/vec4 v0x862c7c960_0, 0, 8;
    %alloc S_0x1050cbba0;
    %load/vec4 v0x1050cd1a0_0;
    %store/vec4 v0x1050cc3a0_0, 0, 8;
    %callf/vec4 TD_mix_columns_tb.dut.mul3, S_0x1050cbba0;
    %free S_0x1050cbba0;
    %load/vec4 v0x1050cd240_0;
    %xor;
    %load/vec4 v0x1050cd2e0_0;
    %xor;
    %alloc S_0x1050cc440;
    %load/vec4 v0x862c7c000_0;
    %store/vec4 v0x1050cc5c0_0, 0, 8;
    %callf/vec4 TD_mix_columns_tb.dut.xtime, S_0x1050cc440;
    %free S_0x1050cc440;
    %xor;
    %store/vec4 v0x862c7ca00_0, 0, 8;
    %load/vec4 v0x862c7c5a0_0;
    %load/vec4 v0x862c7c640_0;
    %concat/vec4; draw_concat_vec4
    %load/vec4 v0x862c7caa0_0;
    %concat/vec4; draw_concat_vec4
    %load/vec4 v0x862c7cb40_0;
    %concat/vec4; draw_concat_vec4
    %load/vec4 v0x862c7cbe0_0;
    %concat/vec4; draw_concat_vec4
    %load/vec4 v0x862c7cc80_0;
    %concat/vec4; draw_concat_vec4
    %load/vec4 v0x862c7cd20_0;
    %concat/vec4; draw_concat_vec4
    %load/vec4 v0x862c7cdc0_0;
    %concat/vec4; draw_concat_vec4
    %load/vec4 v0x862c7ce60_0;
    %concat/vec4; draw_concat_vec4
    %load/vec4 v0x862c7cf00_0;
    %concat/vec4; draw_concat_vec4
    %load/vec4 v0x862c7c6e0_0;
    %concat/vec4; draw_concat_vec4
    %load/vec4 v0x862c7c780_0;
    %concat/vec4; draw_concat_vec4
    %load/vec4 v0x862c7c820_0;
    %concat/vec4; draw_concat_vec4
    %load/vec4 v0x862c7c8c0_0;
    %concat/vec4; draw_concat_vec4
    %load/vec4 v0x862c7c960_0;
    %concat/vec4; draw_concat_vec4
    %load/vec4 v0x862c7ca00_0;
    %concat/vec4; draw_concat_vec4
    %store/vec4 v0x862c7d040_0, 0, 128;
    %jmp T_2;
    .thread T_2, $push;
    .scope S_0x1050c0360;
T_3 ;
    %pushi/vec4 3675476805, 0, 32;
    %concati/vec4 0, 0, 96;
    %store/vec4 v0x862c7d0e0_0, 0, 128;
    %delay 1000, 0;
    %vpi_call/w 3 24 "$display", "Input : %032h", v0x862c7d0e0_0 {0 0 0};
    %vpi_call/w 3 25 "$display", "Output: %032h", v0x862c7d180_0 {0 0 0};
    %load/vec4 v0x862c7d180_0;
    %parti/s 32, 96, 8;
    %cmpi/e 2387452348, 0, 32;
    %jmp/0xz  T_3.0, 6;
    %vpi_call/w 3 29 "$display", "MIX_COLUMNS FIRST COLUMN PASS" {0 0 0};
    %jmp T_3.1;
T_3.0 ;
    %vpi_call/w 3 32 "$display", "MIX_COLUMNS FAIL" {0 0 0};
    %vpi_call/w 3 33 "$display", "Expected first column: 8E4DA1BC" {0 0 0};
    %vpi_call/w 3 34 "$display", "Got first column     : %08h", &PV<v0x862c7d180_0, 96, 32> {0 0 0};
T_3.1 ;
    %vpi_call/w 3 37 "$finish" {0 0 0};
    %end;
    .thread T_3;
# The file index is used to find the file name in the following table.
:file_names 5;
    "N/A";
    "<interactive>";
    "-";
    "tb/mix_columns_tb.sv";
    "rtl/mix_columns.sv";
