#! /opt/homebrew/Cellar/icarus-verilog/13.0/bin/vvp
:ivl_version "13.0 (stable)" "(v13_0)";
:ivl_delay_selection "TYPICAL";
:vpi_time_precision - 12;
:vpi_module "/opt/homebrew/Cellar/icarus-verilog/13.0/lib/ivl/system.vpi";
:vpi_module "/opt/homebrew/Cellar/icarus-verilog/13.0/lib/ivl/vhdl_sys.vpi";
:vpi_module "/opt/homebrew/Cellar/icarus-verilog/13.0/lib/ivl/vhdl_textio.vpi";
:vpi_module "/opt/homebrew/Cellar/icarus-verilog/13.0/lib/ivl/v2005_math.vpi";
:vpi_module "/opt/homebrew/Cellar/icarus-verilog/13.0/lib/ivl/va_math.vpi";
:vpi_module "/opt/homebrew/Cellar/icarus-verilog/13.0/lib/ivl/v2009.vpi";
S_0x105416a20 .scope package, "$unit" "$unit" 2 1;
 .timescale 0 0;
S_0x105416ba0 .scope module, "round_controller_tb" "round_controller_tb" 3 3;
 .timescale -9 -12;
v0xbcac700a0_0 .net "busy", 0 0, v0x10541e370_0;  1 drivers
v0xbcac70140_0 .var "clk", 0 0;
v0xbcac701e0_0 .net "do_final_round", 0 0, v0x10541bff0_0;  1 drivers
v0xbcac70280_0 .net "do_initial_key", 0 0, v0x10541c8b0_0;  1 drivers
v0xbcac70320_0 .net "do_round", 0 0, v0x10541deb0_0;  1 drivers
v0xbcac703c0_0 .net "done", 0 0, v0x10541df50_0;  1 drivers
v0xbcac70460_0 .var/i "errors", 31 0;
v0xbcac70500_0 .var/i "i", 31 0;
v0xbcac705a0_0 .net "round", 3 0, v0x10541d750_0;  1 drivers
v0xbcac70640_0 .var "rst_n", 0 0;
v0xbcac706e0_0 .var "start", 0 0;
E_0xbcac45180 .event posedge, v0x10541e410_0;
E_0xbcac451c0 .event negedge, v0x10541e410_0;
S_0x10540ea40 .scope module, "dut" "round_controller" 3 17, 4 1 0, S_0x105416ba0;
 .timescale 0 0;
    .port_info 0 /INPUT 1 "clk";
    .port_info 1 /INPUT 1 "rst_n";
    .port_info 2 /INPUT 1 "start";
    .port_info 3 /OUTPUT 4 "round";
    .port_info 4 /OUTPUT 1 "busy";
    .port_info 5 /OUTPUT 1 "done";
    .port_info 6 /OUTPUT 1 "do_initial_key";
    .port_info 7 /OUTPUT 1 "do_round";
    .port_info 8 /OUTPUT 1 "do_final_round";
P_0x10540ebc0 .param/l "S_DONE" 1 4 31, C4<10000>;
P_0x10540ec00 .param/l "S_FINAL" 1 4 30, C4<01000>;
P_0x10540ec40 .param/l "S_IDLE" 1 4 27, C4<00001>;
P_0x10540ec80 .param/l "S_INIT" 1 4 28, C4<00010>;
P_0x10540ecc0 .param/l "S_ROUND" 1 4 29, C4<00100>;
v0x10541e370_0 .var "busy", 0 0;
v0x10541e410_0 .net "clk", 0 0, v0xbcac70140_0;  1 drivers
v0x10541bff0_0 .var "do_final_round", 0 0;
v0x10541c8b0_0 .var "do_initial_key", 0 0;
v0x10541deb0_0 .var "do_round", 0 0;
v0x10541df50_0 .var "done", 0 0;
v0x10541d6b0_0 .var "next_state", 4 0;
v0x10541d750_0 .var "round", 3 0;
v0x10541d030_0 .net "rst_n", 0 0, v0xbcac70640_0;  1 drivers
v0x10541cd50_0 .net "start", 0 0, v0xbcac706e0_0;  1 drivers
v0xbcac70000_0 .var "state", 4 0;
E_0xbcac45200 .event anyedge, v0xbcac70000_0;
E_0xbcac45240 .event anyedge, v0xbcac70000_0, v0x10541cd50_0, v0x10541d750_0;
E_0xbcac45280/0 .event negedge, v0x10541d030_0;
E_0xbcac45280/1 .event posedge, v0x10541e410_0;
E_0xbcac45280 .event/or E_0xbcac45280/0, E_0xbcac45280/1;
    .scope S_0x10540ea40;
T_0 ;
    %wait E_0xbcac45280;
    %load/vec4 v0x10541d030_0;
    %nor/r;
    %flag_set/vec4 8;
    %jmp/0xz  T_0.0, 8;
    %pushi/vec4 1, 0, 5;
    %assign/vec4 v0xbcac70000_0, 0;
    %pushi/vec4 0, 0, 4;
    %assign/vec4 v0x10541d750_0, 0;
    %jmp T_0.1;
T_0.0 ;
    %load/vec4 v0x10541d6b0_0;
    %assign/vec4 v0xbcac70000_0, 0;
    %load/vec4 v0xbcac70000_0;
    %cmpi/e 1, 0, 5;
    %jmp/1 T_0.5, 4;
    %flag_mov 9, 4;
    %load/vec4 v0xbcac70000_0;
    %cmpi/e 16, 0, 5;
    %flag_or 4, 9;
T_0.5;
    %flag_get/vec4 4;
    %jmp/0 T_0.4, 4;
    %load/vec4 v0x10541cd50_0;
    %and;
T_0.4;
    %flag_set/vec4 8;
    %jmp/0xz  T_0.2, 8;
    %pushi/vec4 0, 0, 4;
    %assign/vec4 v0x10541d750_0, 0;
    %jmp T_0.3;
T_0.2 ;
    %load/vec4 v0xbcac70000_0;
    %cmpi/e 2, 0, 5;
    %jmp/0xz  T_0.6, 4;
    %pushi/vec4 1, 0, 4;
    %assign/vec4 v0x10541d750_0, 0;
    %jmp T_0.7;
T_0.6 ;
    %load/vec4 v0xbcac70000_0;
    %cmpi/e 4, 0, 5;
    %jmp/0xz  T_0.8, 4;
    %load/vec4 v0x10541d750_0;
    %addi 1, 0, 4;
    %assign/vec4 v0x10541d750_0, 0;
T_0.8 ;
T_0.7 ;
T_0.3 ;
T_0.1 ;
    %jmp T_0;
    .thread T_0;
    .scope S_0x10540ea40;
T_1 ;
Ewait_0 .event/or E_0xbcac45240, E_0x0;
    %wait Ewait_0;
    %load/vec4 v0xbcac70000_0;
    %store/vec4 v0x10541d6b0_0, 0, 5;
    %load/vec4 v0xbcac70000_0;
    %dup/vec4;
    %pushi/vec4 1, 0, 5;
    %cmp/u;
    %jmp/1 T_1.0, 6;
    %dup/vec4;
    %pushi/vec4 2, 0, 5;
    %cmp/u;
    %jmp/1 T_1.1, 6;
    %dup/vec4;
    %pushi/vec4 4, 0, 5;
    %cmp/u;
    %jmp/1 T_1.2, 6;
    %dup/vec4;
    %pushi/vec4 8, 0, 5;
    %cmp/u;
    %jmp/1 T_1.3, 6;
    %dup/vec4;
    %pushi/vec4 16, 0, 5;
    %cmp/u;
    %jmp/1 T_1.4, 6;
    %pushi/vec4 1, 0, 5;
    %store/vec4 v0x10541d6b0_0, 0, 5;
    %jmp T_1.6;
T_1.0 ;
    %load/vec4 v0x10541cd50_0;
    %flag_set/vec4 8;
    %jmp/0xz  T_1.7, 8;
    %pushi/vec4 2, 0, 5;
    %store/vec4 v0x10541d6b0_0, 0, 5;
T_1.7 ;
    %jmp T_1.6;
T_1.1 ;
    %pushi/vec4 4, 0, 5;
    %store/vec4 v0x10541d6b0_0, 0, 5;
    %jmp T_1.6;
T_1.2 ;
    %load/vec4 v0x10541d750_0;
    %cmpi/e 9, 0, 4;
    %jmp/0xz  T_1.9, 4;
    %pushi/vec4 8, 0, 5;
    %store/vec4 v0x10541d6b0_0, 0, 5;
    %jmp T_1.10;
T_1.9 ;
    %pushi/vec4 4, 0, 5;
    %store/vec4 v0x10541d6b0_0, 0, 5;
T_1.10 ;
    %jmp T_1.6;
T_1.3 ;
    %pushi/vec4 16, 0, 5;
    %store/vec4 v0x10541d6b0_0, 0, 5;
    %jmp T_1.6;
T_1.4 ;
    %load/vec4 v0x10541cd50_0;
    %flag_set/vec4 8;
    %jmp/0xz  T_1.11, 8;
    %pushi/vec4 2, 0, 5;
    %store/vec4 v0x10541d6b0_0, 0, 5;
    %jmp T_1.12;
T_1.11 ;
    %pushi/vec4 1, 0, 5;
    %store/vec4 v0x10541d6b0_0, 0, 5;
T_1.12 ;
    %jmp T_1.6;
T_1.6 ;
    %pop/vec4 1;
    %jmp T_1;
    .thread T_1, $push;
    .scope S_0x10540ea40;
T_2 ;
Ewait_1 .event/or E_0xbcac45200, E_0x0;
    %wait Ewait_1;
    %load/vec4 v0xbcac70000_0;
    %parti/s 1, 1, 2;
    %store/vec4 v0x10541c8b0_0, 0, 1;
    %load/vec4 v0xbcac70000_0;
    %parti/s 1, 2, 3;
    %store/vec4 v0x10541deb0_0, 0, 1;
    %load/vec4 v0xbcac70000_0;
    %parti/s 1, 3, 3;
    %store/vec4 v0x10541bff0_0, 0, 1;
    %load/vec4 v0xbcac70000_0;
    %parti/s 1, 4, 4;
    %store/vec4 v0x10541df50_0, 0, 1;
    %load/vec4 v0xbcac70000_0;
    %parti/s 1, 1, 2;
    %load/vec4 v0xbcac70000_0;
    %parti/s 1, 2, 3;
    %or;
    %load/vec4 v0xbcac70000_0;
    %parti/s 1, 3, 3;
    %or;
    %store/vec4 v0x10541e370_0, 0, 1;
    %jmp T_2;
    .thread T_2, $push;
    .scope S_0x105416ba0;
T_3 ;
    %pushi/vec4 0, 0, 1;
    %store/vec4 v0xbcac70140_0, 0, 1;
T_3.0 ;
    %delay 5000, 0;
    %load/vec4 v0xbcac70140_0;
    %inv;
    %store/vec4 v0xbcac70140_0, 0, 1;
    %jmp T_3.0;
T_3.1 ;
    %end;
    .thread T_3;
    .scope S_0x105416ba0;
T_4 ;
    %pushi/vec4 0, 0, 32;
    %store/vec4 v0xbcac70460_0, 0, 32;
    %pushi/vec4 0, 0, 1;
    %store/vec4 v0xbcac706e0_0, 0, 1;
    %pushi/vec4 0, 0, 1;
    %store/vec4 v0xbcac70640_0, 0, 1;
    %delay 12000, 0;
    %pushi/vec4 1, 0, 1;
    %store/vec4 v0xbcac70640_0, 0, 1;
    %delay 1000, 0;
    %load/vec4 v0xbcac700a0_0;
    %flag_set/vec4 8;
    %jmp/1 T_4.2, 8;
    %load/vec4 v0xbcac703c0_0;
    %flag_set/vec4 9;
    %flag_or 8, 9;
T_4.2;
    %jmp/0xz  T_4.0, 8;
    %vpi_call/w 3 62 "$display", "IDLE FAIL" {0 0 0};
    %load/vec4 v0xbcac70460_0;
    %addi 1, 0, 32;
    %store/vec4 v0xbcac70460_0, 0, 32;
    %jmp T_4.1;
T_4.0 ;
    %vpi_call/w 3 66 "$display", "IDLE PASS" {0 0 0};
T_4.1 ;
    %wait E_0xbcac451c0;
    %pushi/vec4 1, 0, 1;
    %store/vec4 v0xbcac706e0_0, 0, 1;
    %wait E_0xbcac45180;
    %delay 1000, 0;
    %pushi/vec4 0, 0, 1;
    %store/vec4 v0xbcac706e0_0, 0, 1;
    %load/vec4 v0xbcac70280_0;
    %flag_set/vec4 10;
    %flag_get/vec4 10;
    %jmp/0 T_4.6, 10;
    %load/vec4 v0xbcac700a0_0;
    %and;
T_4.6;
    %flag_set/vec4 9;
    %flag_get/vec4 9;
    %jmp/0 T_4.5, 9;
    %load/vec4 v0xbcac705a0_0;
    %pushi/vec4 0, 0, 4;
    %cmp/e;
    %flag_get/vec4 4;
    %and;
T_4.5;
    %flag_set/vec4 8;
    %jmp/0xz  T_4.3, 8;
    %vpi_call/w 3 86 "$display", "INIT      PASS  round=%0d", v0xbcac705a0_0 {0 0 0};
    %jmp T_4.4;
T_4.3 ;
    %vpi_call/w 3 89 "$display", "INIT      FAIL" {0 0 0};
    %load/vec4 v0xbcac70460_0;
    %addi 1, 0, 32;
    %store/vec4 v0xbcac70460_0, 0, 32;
T_4.4 ;
    %pushi/vec4 1, 0, 32;
    %store/vec4 v0xbcac70500_0, 0, 32;
T_4.7 ; Top of for-loop
    %load/vec4 v0xbcac70500_0;
    %cmpi/s 9, 0, 32;
    %flag_or 5, 4;
	  %jmp/0xz T_4.8, 5;
    %wait E_0xbcac45180;
    %delay 1000, 0;
    %load/vec4 v0xbcac70320_0;
    %flag_set/vec4 10;
    %flag_get/vec4 10;
    %jmp/0 T_4.13, 10;
    %load/vec4 v0xbcac700a0_0;
    %and;
T_4.13;
    %flag_set/vec4 9;
    %flag_get/vec4 9;
    %jmp/0 T_4.12, 9;
    %load/vec4 v0xbcac705a0_0;
    %load/vec4 v0xbcac70500_0;
    %parti/s 4, 0, 2;
    %cmp/e;
    %flag_get/vec4 4;
    %and;
T_4.12;
    %flag_set/vec4 8;
    %jmp/0xz  T_4.10, 8;
    %vpi_call/w 3 103 "$display", "ROUND %0d   PASS", v0xbcac705a0_0 {0 0 0};
    %jmp T_4.11;
T_4.10 ;
    %vpi_call/w 3 109 "$display", "ROUND %0d   FAIL  actual_round=%0d", v0xbcac70500_0, v0xbcac705a0_0 {0 0 0};
    %load/vec4 v0xbcac70460_0;
    %addi 1, 0, 32;
    %store/vec4 v0xbcac70460_0, 0, 32;
T_4.11 ;
T_4.9 ; for-loop step statement
    %load/vec4 v0xbcac70500_0;
    %addi 1, 0, 32;
    %store/vec4 v0xbcac70500_0, 0, 32;
    %jmp T_4.7;
T_4.8 ; for-loop exit label
    %wait E_0xbcac45180;
    %delay 1000, 0;
    %load/vec4 v0xbcac701e0_0;
    %flag_set/vec4 10;
    %flag_get/vec4 10;
    %jmp/0 T_4.17, 10;
    %load/vec4 v0xbcac700a0_0;
    %and;
T_4.17;
    %flag_set/vec4 9;
    %flag_get/vec4 9;
    %jmp/0 T_4.16, 9;
    %load/vec4 v0xbcac705a0_0;
    %pushi/vec4 10, 0, 4;
    %cmp/e;
    %flag_get/vec4 4;
    %and;
T_4.16;
    %flag_set/vec4 8;
    %jmp/0xz  T_4.14, 8;
    %vpi_call/w 3 128 "$display", "FINAL     PASS" {0 0 0};
    %jmp T_4.15;
T_4.14 ;
    %vpi_call/w 3 131 "$display", "FINAL     FAIL  actual_round=%0d", v0xbcac705a0_0 {0 0 0};
    %load/vec4 v0xbcac70460_0;
    %addi 1, 0, 32;
    %store/vec4 v0xbcac70460_0, 0, 32;
T_4.15 ;
    %wait E_0xbcac45180;
    %delay 1000, 0;
    %load/vec4 v0xbcac703c0_0;
    %flag_set/vec4 9;
    %flag_get/vec4 9;
    %jmp/0 T_4.20, 9;
    %load/vec4 v0xbcac700a0_0;
    %nor/r;
    %and;
T_4.20;
    %flag_set/vec4 8;
    %jmp/0xz  T_4.18, 8;
    %vpi_call/w 3 147 "$display", "DONE      PASS" {0 0 0};
    %jmp T_4.19;
T_4.18 ;
    %vpi_call/w 3 150 "$display", "DONE      FAIL" {0 0 0};
    %load/vec4 v0xbcac70460_0;
    %addi 1, 0, 32;
    %store/vec4 v0xbcac70460_0, 0, 32;
T_4.19 ;
    %load/vec4 v0xbcac70460_0;
    %cmpi/e 0, 0, 32;
    %jmp/0xz  T_4.21, 4;
    %vpi_call/w 3 159 "$display", "\000" {0 0 0};
    %vpi_call/w 3 160 "$display", "ROUND_CONTROLLER PASS" {0 0 0};
    %jmp T_4.22;
T_4.21 ;
    %vpi_call/w 3 163 "$display", "\000" {0 0 0};
    %vpi_call/w 3 164 "$display", "ROUND_CONTROLLER FAIL: %0d errors", v0xbcac70460_0 {0 0 0};
T_4.22 ;
    %vpi_call/w 3 170 "$finish" {0 0 0};
    %end;
    .thread T_4;
# The file index is used to find the file name in the following table.
:file_names 5;
    "N/A";
    "<interactive>";
    "-";
    "tb/round_controller_tb.sv";
    "rtl/round_controller.sv";
