#! /opt/homebrew/Cellar/icarus-verilog/13.0/bin/vvp
:ivl_version "13.0 (stable)" "(v13_0)";
:ivl_delay_selection "TYPICAL";
:vpi_time_precision - 12;
:vpi_module "/opt/homebrew/Cellar/icarus-verilog/13.0/lib/ivl/system.vpi";
:vpi_module "/opt/homebrew/Cellar/icarus-verilog/13.0/lib/ivl/vhdl_sys.vpi";
:vpi_module "/opt/homebrew/Cellar/icarus-verilog/13.0/lib/ivl/vhdl_textio.vpi";
:vpi_module "/opt/homebrew/Cellar/icarus-verilog/13.0/lib/ivl/v2005_math.vpi";
:vpi_module "/opt/homebrew/Cellar/icarus-verilog/13.0/lib/ivl/va_math.vpi";
:vpi_module "/opt/homebrew/Cellar/icarus-verilog/13.0/lib/ivl/v2009.vpi";
S_0x101359800 .scope package, "$unit" "$unit" 2 1;
 .timescale 0 0;
S_0x101356a40 .scope module, "shift_rows_tb" "shift_rows_tb" 3 3;
 .timescale -9 -12;
v0xad6c543c0_0 .var "state_in", 127 0;
v0xad6c54460_0 .net "state_out", 127 0, L_0xad7434280;  1 drivers
S_0x101356bc0 .scope module, "dut" "shift_rows" 3 8, 4 1 0, S_0x101356a40;
 .timescale 0 0;
    .port_info 0 /INPUT 128 "state_in";
    .port_info 1 /OUTPUT 128 "state_out";
v0x101359980_0 .net *"_ivl_1", 7 0, L_0x101361130;  1 drivers
v0x101360030_0 .net *"_ivl_11", 7 0, L_0x101361450;  1 drivers
v0x1013600d0_0 .net *"_ivl_13", 7 0, L_0x1013614f0;  1 drivers
v0x101360430_0 .net *"_ivl_15", 7 0, L_0x101361690;  1 drivers
v0x1013604d0_0 .net *"_ivl_17", 7 0, L_0x101361730;  1 drivers
v0x101360570_0 .net *"_ivl_19", 7 0, L_0x1013617d0;  1 drivers
v0x101360610_0 .net *"_ivl_21", 7 0, L_0x101361870;  1 drivers
v0x1013606b0_0 .net *"_ivl_23", 7 0, L_0x101361970;  1 drivers
v0x101360750_0 .net *"_ivl_25", 7 0, L_0xad6c5c000;  1 drivers
v0x1013607f0_0 .net *"_ivl_27", 7 0, L_0xad6c5c0a0;  1 drivers
v0x101360890_0 .net *"_ivl_29", 7 0, L_0xad6c5c140;  1 drivers
v0x101360930_0 .net *"_ivl_3", 7 0, L_0x1013611d0;  1 drivers
v0xad6c54000_0 .net *"_ivl_31", 7 0, L_0xad6c5c1e0;  1 drivers
v0xad6c540a0_0 .net *"_ivl_5", 7 0, L_0x101361270;  1 drivers
v0xad6c54140_0 .net *"_ivl_7", 7 0, L_0x101361310;  1 drivers
v0xad6c541e0_0 .net *"_ivl_9", 7 0, L_0x1013613b0;  1 drivers
v0xad6c54280_0 .net "state_in", 127 0, v0xad6c543c0_0;  1 drivers
v0xad6c54320_0 .net "state_out", 127 0, L_0xad7434280;  alias, 1 drivers
L_0x101361130 .part v0xad6c543c0_0, 120, 8;
L_0x1013611d0 .part v0xad6c543c0_0, 80, 8;
L_0x101361270 .part v0xad6c543c0_0, 40, 8;
L_0x101361310 .part v0xad6c543c0_0, 0, 8;
L_0x1013613b0 .part v0xad6c543c0_0, 88, 8;
L_0x101361450 .part v0xad6c543c0_0, 48, 8;
L_0x1013614f0 .part v0xad6c543c0_0, 8, 8;
L_0x101361690 .part v0xad6c543c0_0, 96, 8;
L_0x101361730 .part v0xad6c543c0_0, 56, 8;
L_0x1013617d0 .part v0xad6c543c0_0, 16, 8;
L_0x101361870 .part v0xad6c543c0_0, 104, 8;
L_0x101361970 .part v0xad6c543c0_0, 64, 8;
L_0xad6c5c000 .part v0xad6c543c0_0, 24, 8;
L_0xad6c5c0a0 .part v0xad6c543c0_0, 112, 8;
L_0xad6c5c140 .part v0xad6c543c0_0, 72, 8;
L_0xad6c5c1e0 .part v0xad6c543c0_0, 32, 8;
LS_0xad7434280_0_0 .concat [ 8 8 8 8], L_0xad6c5c1e0, L_0xad6c5c140, L_0xad6c5c0a0, L_0xad6c5c000;
LS_0xad7434280_0_4 .concat [ 8 8 8 8], L_0x101361970, L_0x101361870, L_0x1013617d0, L_0x101361730;
LS_0xad7434280_0_8 .concat [ 8 8 8 8], L_0x101361690, L_0x1013614f0, L_0x101361450, L_0x1013613b0;
LS_0xad7434280_0_12 .concat [ 8 8 8 8], L_0x101361310, L_0x101361270, L_0x1013611d0, L_0x101361130;
L_0xad7434280 .concat [ 32 32 32 32], LS_0xad7434280_0_0, LS_0xad7434280_0_4, LS_0xad7434280_0_8, LS_0xad7434280_0_12;
    .scope S_0x101356a40;
T_0 ;
    %pushi/vec4 2299632162, 0, 43;
    %concati/vec4 2872294468, 0, 32;
    %concati/vec4 3444956774, 0, 32;
    %concati/vec4 1961727, 0, 21;
    %store/vec4 v0xad6c543c0_0, 0, 128;
    %delay 1000, 0;
    %vpi_call/w 3 19 "$display", "Input : %032h", v0xad6c543c0_0 {0 0 0};
    %vpi_call/w 3 20 "$display", "Output: %032h", v0xad6c54460_0 {0 0 0};
    %load/vec4 v0xad6c54460_0;
    %pushi/vec4 2874539657, 0, 41;
    %concati/vec4 3480329286, 0, 34;
    %concati/vec4 3910385248, 0, 32;
    %concati/vec4 1140411, 0, 21;
    %cmp/e;
    %jmp/0xz  T_0.0, 6;
    %vpi_call/w 3 23 "$display", "SHIFT_ROWS PASS" {0 0 0};
    %jmp T_0.1;
T_0.0 ;
    %vpi_call/w 3 26 "$display", "SHIFT_ROWS FAIL" {0 0 0};
    %vpi_call/w 3 27 "$display", "Expected: 0055AAFF4499EE338822DD77CC1166BB" {0 0 0};
T_0.1 ;
    %vpi_call/w 3 30 "$finish" {0 0 0};
    %end;
    .thread T_0;
# The file index is used to find the file name in the following table.
:file_names 5;
    "N/A";
    "<interactive>";
    "-";
    "tb/shift_rows_tb.sv";
    "rtl/shift_rows.sv";
