OpenSTA 3.1.0 5be03c5cca Copyright (c) 2026, Parallax Software, Inc.
License GPLv3: GNU GPL version 3 <http://gnu.org/licenses/gpl.html>

This is free software, and you are free to change and redistribute it
under certain conditions; type `show_copying' for details. 
This program comes with ABSOLUTELY NO WARRANTY; for details type `show_warranty'.
Startpoint: u_controller/_69_ (rising edge-triggered flip-flop clocked by clk)
Endpoint: _0902_ (rising edge-triggered flip-flop clocked by clk)
Path Group: clk
Path Type: max

Fanout       Cap      Slew     Delay      Time   Description
-------------------------------------------------------------------------------------
                    0.0000    0.0000    0.0000   clock clk (rise edge)
                              0.0000    0.0000   clock network delay (ideal)
                    0.0000    0.0000    0.0000 ^ u_controller/_69_/CK (DFFR_X1)
     5    7.4391    0.0122    0.0939    0.0939 v u_controller/_69_/Q (DFFR_X1)
                                                 u_controller/state[1] (net)
                    0.0122    0.0000    0.0939 v u_controller/_42_/A3 (NOR3_X1)
   260  423.8957    2.9983    3.3697    3.4636 ^ u_controller/_42_/ZN (NOR3_X1)
                                                 do_initial_key (net)
                    2.9983    0.0000    3.4636 ^ _0518_/A1 (NOR3_X1)
   128  194.5995    2.2200    5.6186    9.0822 v _0518_/ZN (NOR3_X1)
                                                 _0151_ (net)
                    2.2200    0.0000    9.0822 v _0897_/B2 (AOI22_X1)
     1    1.6707    0.2707    0.5856    9.6678 ^ _0897_/ZN (AOI22_X1)
                                                 _0145_ (net)
                    0.2707    0.0000    9.6678 ^ _0898_/A (OAI21_X1)
     1    1.0527    0.4151    0.0267    9.6945 v _0898_/ZN (OAI21_X1)
                                                 _0126_ (net)
                    0.4151    0.0000    9.6945 v _0902_/D (DFFR_X1)
                                        9.6945   data arrival time

                    0.0000   10.0000   10.0000   clock clk (rise edge)
                              0.0000   10.0000   clock network delay (ideal)
                             -0.2000    9.8000   clock uncertainty
                              0.0000    9.8000   clock reconvergence pessimism
                                        9.8000 ^ _0902_/CK (DFFR_X1)
                             -0.1661    9.6339   library setup time
                                        9.6339   data required time
-------------------------------------------------------------------------------------
                                        9.6339   data required time
                                       -9.6945   data arrival time
-------------------------------------------------------------------------------------
                                       -0.0606   slack (VIOLATED)


Startpoint: u_key_expansion/_1266_
            (rising edge-triggered flip-flop clocked by clk)
Endpoint: u_key_expansion/_1266_
          (rising edge-triggered flip-flop clocked by clk)
Path Group: clk
Path Type: min

Fanout       Cap      Slew     Delay      Time   Description
-------------------------------------------------------------------------------------
                    0.0000    0.0000    0.0000   clock clk (rise edge)
                              0.0000    0.0000   clock network delay (ideal)
                    0.0000    0.0000    0.0000 ^ u_key_expansion/_1266_/CK (DFFR_X1)
     1    1.6230    0.0100    0.0648    0.0648 ^ u_key_expansion/_1266_/QN (DFFR_X1)
                                                 u_key_expansion/_0634_[0] (net)
                    0.0100    0.0000    0.0648 ^ u_key_expansion/_0676_/B2 (AOI22_X1)
     1    1.5494    0.0089    0.0178    0.0826 v u_key_expansion/_0676_/ZN (AOI22_X1)
                                                 u_key_expansion/_0181_ (net)
                    0.0089    0.0000    0.0826 v u_key_expansion/_0677_/A (INV_X1)
     1    1.1283    0.0060    0.0109    0.0935 ^ u_key_expansion/_0677_/ZN (INV_X1)
                                                 u_key_expansion/_0007_ (net)
                    0.0060    0.0000    0.0935 ^ u_key_expansion/_1266_/D (DFFR_X1)
                                        0.0935   data arrival time

                    0.0000    0.0000    0.0000   clock clk (rise edge)
                              0.0000    0.0000   clock network delay (ideal)
                              0.2000    0.2000   clock uncertainty
                              0.0000    0.2000   clock reconvergence pessimism
                                        0.2000 ^ u_key_expansion/_1266_/CK (DFFR_X1)
                              0.0045    0.2045   library hold time
                                        0.2045   data required time
-------------------------------------------------------------------------------------
                                        0.2045   data required time
                                       -0.0935   data arrival time
-------------------------------------------------------------------------------------
                                       -0.1111   slack (VIOLATED)


wns max -0.06
tns max -7.76
Clock                   Period          Waveform
----------------------------------------------------
clk                      10.00        0.00      5.00
Startpoint: u_controller/_69_ (rising edge-triggered flip-flop clocked by clk)
Endpoint: busy (output port clocked by clk)
Path Group: clk
Path Type: max

  Delay    Time   Description
---------------------------------------------------------
   0.00    0.00   clock clk (rise edge)
   0.00    0.00   clock network delay (ideal)
   0.00    0.00 ^ u_controller/_69_/CK (DFFR_X1)
   0.09    0.09 v u_controller/_69_/Q (DFFR_X1)
   3.37    3.46 ^ u_controller/_42_/ZN (NOR3_X1)
  -0.03    3.43 v u_controller/_43_/ZN (NOR2_X1)
   0.09    3.53 ^ u_controller/_64_/ZN (NAND2_X1)
   0.00    3.53 ^ busy (out)
           3.53   data arrival time

  10.00   10.00   clock clk (rise edge)
   0.00   10.00   clock network delay (ideal)
  -0.20    9.80   clock uncertainty
   0.00    9.80   clock reconvergence pessimism
  -1.00    8.80   output external delay
           8.80   data required time
---------------------------------------------------------
           8.80   data required time
          -3.53   data arrival time
---------------------------------------------------------
           5.27   slack (MET)


Startpoint: u_controller/_69_ (rising edge-triggered flip-flop clocked by clk)
Endpoint: _0902_ (rising edge-triggered flip-flop clocked by clk)
Path Group: clk
Path Type: max

  Delay    Time   Description
---------------------------------------------------------
   0.00    0.00   clock clk (rise edge)
   0.00    0.00   clock network delay (ideal)
   0.00    0.00 ^ u_controller/_69_/CK (DFFR_X1)
   0.09    0.09 v u_controller/_69_/Q (DFFR_X1)
   3.37    3.46 ^ u_controller/_42_/ZN (NOR3_X1)
   5.62    9.08 v _0518_/ZN (NOR3_X1)
   0.59    9.67 ^ _0897_/ZN (AOI22_X1)
   0.03    9.69 v _0898_/ZN (OAI21_X1)
   0.00    9.69 v _0902_/D (DFFR_X1)
           9.69   data arrival time

  10.00   10.00   clock clk (rise edge)
   0.00   10.00   clock network delay (ideal)
  -0.20    9.80   clock uncertainty
   0.00    9.80   clock reconvergence pessimism
           9.80 ^ _0902_/CK (DFFR_X1)
  -0.17    9.63   library setup time
           9.63   data required time
---------------------------------------------------------
           9.63   data required time
          -9.69   data arrival time
---------------------------------------------------------
          -0.06   slack (VIOLATED)


