OpenSTA 3.1.0 5be03c5cca Copyright (c) 2026, Parallax Software, Inc.
License GPLv3: GNU GPL version 3 <http://gnu.org/licenses/gpl.html>

This is free software, and you are free to change and redistribute it
under certain conditions; type `show_copying' for details. 
This program comes with ABSOLUTELY NO WARRANTY; for details type `show_warranty'.
Startpoint: u_controller/_93_ (rising edge-triggered flip-flop clocked by clk)
Endpoint: _0902_ (rising edge-triggered flip-flop clocked by clk)
Path Group: clk
Path Type: max

Fanout       Cap      Slew     Delay      Time   Description
-------------------------------------------------------------------------------------
                    0.0000    0.0000    0.0000   clock clk (rise edge)
                              0.0000    0.0000   clock network delay (ideal)
                    0.0000    0.0000    0.0000 ^ u_controller/_93_/CK (DFFR_X1)
   263  426.8541    0.9765    1.1127    1.1127 ^ u_controller/_93_/Q (DFFR_X1)
                                                 do_initial_key (net)
                    0.9765    0.0000    1.1127 ^ _0518_/A1 (NOR3_X1)
   128  194.5995    0.8267    2.0558    3.1686 v _0518_/ZN (NOR3_X1)
                                                 _0151_ (net)
                    0.8267    0.0000    3.1686 v _0897_/B2 (AOI22_X1)
     1    1.6707    0.1122    0.2518    3.4204 ^ _0897_/ZN (AOI22_X1)
                                                 _0145_ (net)
                    0.1122    0.0000    3.4204 ^ _0898_/A (OAI21_X1)
     1    1.0527    0.1425    0.0277    3.4481 v _0898_/ZN (OAI21_X1)
                                                 _0126_ (net)
                    0.1425    0.0000    3.4481 v _0902_/D (DFFR_X1)
                                        3.4481   data arrival time

                    0.0000   10.0000   10.0000   clock clk (rise edge)
                              0.0000   10.0000   clock network delay (ideal)
                             -0.2000    9.8000   clock uncertainty
                              0.0000    9.8000   clock reconvergence pessimism
                                        9.8000 ^ _0902_/CK (DFFR_X1)
                             -0.0844    9.7156   library setup time
                                        9.7156   data required time
-------------------------------------------------------------------------------------
                                        9.7156   data required time
                                       -3.4481   data arrival time
-------------------------------------------------------------------------------------
                                        6.2675   slack (MET)


Startpoint: u_key_expansion/_1266_
            (rising edge-triggered flip-flop clocked by clk)
Endpoint: u_key_expansion/_1266_
          (rising edge-triggered flip-flop clocked by clk)
Path Group: clk
Path Type: min

Fanout       Cap      Slew     Delay      Time   Description
-------------------------------------------------------------------------------------
                    0.0000    0.0000    0.0000   clock clk (rise edge)
                              0.0000    0.0000   clock network delay (ideal)
                    0.0000    0.0000    0.0000 ^ u_key_expansion/_1266_/CK (DFFR_X1)
     1    1.6230    0.0100    0.0648    0.0648 ^ u_key_expansion/_1266_/QN (DFFR_X1)
                                                 u_key_expansion/_0634_[0] (net)
                    0.0100    0.0000    0.0648 ^ u_key_expansion/_0676_/B2 (AOI22_X1)
     1    1.5494    0.0089    0.0178    0.0826 v u_key_expansion/_0676_/ZN (AOI22_X1)
                                                 u_key_expansion/_0181_ (net)
                    0.0089    0.0000    0.0826 v u_key_expansion/_0677_/A (INV_X1)
     1    1.1283    0.0060    0.0109    0.0935 ^ u_key_expansion/_0677_/ZN (INV_X1)
                                                 u_key_expansion/_0007_ (net)
                    0.0060    0.0000    0.0935 ^ u_key_expansion/_1266_/D (DFFR_X1)
                                        0.0935   data arrival time

                    0.0000    0.0000    0.0000   clock clk (rise edge)
                              0.0000    0.0000   clock network delay (ideal)
                              0.2000    0.2000   clock uncertainty
                              0.0000    0.2000   clock reconvergence pessimism
                                        0.2000 ^ u_key_expansion/_1266_/CK (DFFR_X1)
                              0.0045    0.2045   library hold time
                                        0.2045   data required time
-------------------------------------------------------------------------------------
                                        0.2045   data required time
                                       -0.0935   data arrival time
-------------------------------------------------------------------------------------
                                       -0.1111   slack (VIOLATED)


wns max 0.00
tns max 0.00
Clock                   Period          Waveform
----------------------------------------------------
clk                      10.00        0.00      5.00
Startpoint: u_controller/_93_ (rising edge-triggered flip-flop clocked by clk)
Endpoint: _0902_ (rising edge-triggered flip-flop clocked by clk)
Path Group: clk
Path Type: max

  Delay    Time   Description
---------------------------------------------------------
   0.00    0.00   clock clk (rise edge)
   0.00    0.00   clock network delay (ideal)
   0.00    0.00 ^ u_controller/_93_/CK (DFFR_X1)
   1.11    1.11 ^ u_controller/_93_/Q (DFFR_X1)
   2.06    3.17 v _0518_/ZN (NOR3_X1)
   0.25    3.42 ^ _0897_/ZN (AOI22_X1)
   0.03    3.45 v _0898_/ZN (OAI21_X1)
   0.00    3.45 v _0902_/D (DFFR_X1)
           3.45   data arrival time

  10.00   10.00   clock clk (rise edge)
   0.00   10.00   clock network delay (ideal)
  -0.20    9.80   clock uncertainty
   0.00    9.80   clock reconvergence pessimism
           9.80 ^ _0902_/CK (DFFR_X1)
  -0.08    9.72   library setup time
           9.72   data required time
---------------------------------------------------------
           9.72   data required time
          -3.45   data arrival time
---------------------------------------------------------
           6.27   slack (MET)


Startpoint: u_controller/_93_ (rising edge-triggered flip-flop clocked by clk)
Endpoint: _0902_ (rising edge-triggered flip-flop clocked by clk)
Path Group: clk
Path Type: max

  Delay    Time   Description
---------------------------------------------------------
   0.00    0.00   clock clk (rise edge)
   0.00    0.00   clock network delay (ideal)
   0.00    0.00 ^ u_controller/_93_/CK (DFFR_X1)
   1.11    1.11 ^ u_controller/_93_/Q (DFFR_X1)
   2.06    3.17 v _0518_/ZN (NOR3_X1)
   0.25    3.42 ^ _0897_/ZN (AOI22_X1)
   0.03    3.45 v _0898_/ZN (OAI21_X1)
   0.00    3.45 v _0902_/D (DFFR_X1)
           3.45   data arrival time

  10.00   10.00   clock clk (rise edge)
   0.00   10.00   clock network delay (ideal)
  -0.20    9.80   clock uncertainty
   0.00    9.80   clock reconvergence pessimism
           9.80 ^ _0902_/CK (DFFR_X1)
  -0.08    9.72   library setup time
           9.72   data required time
---------------------------------------------------------
           9.72   data required time
          -3.45   data arrival time
---------------------------------------------------------
           6.27   slack (MET)


