
==========================================================================
finish report_tns
--------------------------------------------------------------------------
tns max 0.00

==========================================================================
finish report_wns
--------------------------------------------------------------------------
wns max 0.00

==========================================================================
finish report_worst_slack
--------------------------------------------------------------------------
worst slack max 8.03

==========================================================================
finish report_clock_min_period
--------------------------------------------------------------------------
clk period_min = 1.97 fmax = 507.92

==========================================================================
finish report_clock_skew
--------------------------------------------------------------------------
Clock clk
   0.15 source latency u_key_expansion.round_key[119]$_DFFE_PN0P_/CK ^
  -0.14 target latency u_key_expansion.round_key[23]$_DFFE_PN0P_/CK ^
   0.20 clock uncertainty
   0.00 CRPR
--------------
   0.21 setup skew


==========================================================================
finish report_checks -path_delay min
--------------------------------------------------------------------------
Startpoint: u_key_expansion.round_key[108]$_DFFE_PN0P_
            (rising edge-triggered flip-flop clocked by clk)
Endpoint: state_reg[108]$_DFFE_PN0P_
          (rising edge-triggered flip-flop clocked by clk)
Path Group: clk
Path Type: min

Fanout     Cap    Slew   Delay    Time   Description
-----------------------------------------------------------------------------
                          0.00    0.00   clock clk (rise edge)
                          0.00    0.00   clock source latency
     1   14.58    0.00    0.00    0.00 ^ clk (in)
                                         clk (net)
                  0.00    0.00    0.00 ^ clkbuf_0_clk/A (CLKBUF_X3)
     4   19.97    0.02    0.04    0.04 ^ clkbuf_0_clk/Z (CLKBUF_X3)
                                         clknet_0_clk (net)
                  0.02    0.00    0.04 ^ clkbuf_2_1__f_clk/A (CLKBUF_X3)
    10   28.49    0.02    0.05    0.10 ^ clkbuf_2_1__f_clk/Z (CLKBUF_X3)
                                         clknet_2_1__leaf_clk (net)
                  0.02    0.00    0.10 ^ clkbuf_leaf_8_clk/A (CLKBUF_X3)
    11   14.33    0.01    0.05    0.14 ^ clkbuf_leaf_8_clk/Z (CLKBUF_X3)
                                         clknet_leaf_8_clk (net)
                  0.01    0.00    0.14 ^ u_key_expansion.round_key[108]$_DFFE_PN0P_/CK (DFFR_X1)
     2    3.00    0.01    0.09    0.24 v u_key_expansion.round_key[108]$_DFFE_PN0P_/Q (DFFR_X1)
                                         _00336_ (net)
                  0.01    0.00    0.24 v hold1358/A (CLKBUF_X1)
     2    4.29    0.01    0.04    0.27 v hold1358/Z (CLKBUF_X1)
                                         net1358 (net)
                  0.01    0.00    0.27 v _16057_/B (XOR2_X1)
     1    2.77    0.02    0.04    0.31 ^ _16057_/Z (XOR2_X1)
                                         _03649_ (net)
                  0.02    0.00    0.31 ^ _16069_/A (MUX2_X1)
     1    1.24    0.01    0.04    0.35 ^ _16069_/Z (MUX2_X1)
                                         _03661_ (net)
                  0.01    0.00    0.35 ^ state_reg[108]$_DFFE_PN0P_/D (DFFR_X2)
                                  0.35   data arrival time

                          0.00    0.00   clock clk (rise edge)
                          0.00    0.00   clock source latency
     1   14.58    0.00    0.00    0.00 ^ clk (in)
                                         clk (net)
                  0.00    0.00    0.00 ^ clkbuf_0_clk/A (CLKBUF_X3)
     4   19.97    0.02    0.04    0.04 ^ clkbuf_0_clk/Z (CLKBUF_X3)
                                         clknet_0_clk (net)
                  0.02    0.00    0.04 ^ clkbuf_2_1__f_clk/A (CLKBUF_X3)
    10   28.49    0.02    0.05    0.10 ^ clkbuf_2_1__f_clk/Z (CLKBUF_X3)
                                         clknet_2_1__leaf_clk (net)
                  0.02    0.00    0.10 ^ clkbuf_leaf_11_clk/A (CLKBUF_X3)
    11   15.81    0.02    0.05    0.14 ^ clkbuf_leaf_11_clk/Z (CLKBUF_X3)
                                         clknet_leaf_11_clk (net)
                  0.02    0.00    0.15 ^ state_reg[108]$_DFFE_PN0P_/CK (DFFR_X2)
                          0.20    0.35   clock uncertainty
                          0.00    0.35   clock reconvergence pessimism
                          0.01    0.35   library hold time
                                  0.35   data required time
-----------------------------------------------------------------------------
                                  0.35   data required time
                                 -0.35   data arrival time
-----------------------------------------------------------------------------
                                  0.00   slack (VIOLATED)



==========================================================================
finish report_checks -path_delay max
--------------------------------------------------------------------------
Startpoint: u_controller.state[2]$_DFFE_PN0P_
            (rising edge-triggered flip-flop clocked by clk)
Endpoint: busy (output port clocked by clk)
Path Group: clk
Path Type: max

Fanout     Cap    Slew   Delay    Time   Description
-----------------------------------------------------------------------------
                          0.00    0.00   clock clk (rise edge)
                          0.00    0.00   clock source latency
     1   14.58    0.00    0.00    0.00 ^ clk (in)
                                         clk (net)
                  0.00    0.00    0.00 ^ clkbuf_0_clk/A (CLKBUF_X3)
     4   19.97    0.02    0.04    0.04 ^ clkbuf_0_clk/Z (CLKBUF_X3)
                                         clknet_0_clk (net)
                  0.02    0.00    0.04 ^ clkbuf_2_1__f_clk/A (CLKBUF_X3)
    10   28.49    0.02    0.05    0.10 ^ clkbuf_2_1__f_clk/Z (CLKBUF_X3)
                                         clknet_2_1__leaf_clk (net)
                  0.02    0.00    0.10 ^ clkbuf_leaf_11_clk/A (CLKBUF_X3)
    11   15.81    0.02    0.05    0.14 ^ clkbuf_leaf_11_clk/Z (CLKBUF_X3)
                                         clknet_leaf_11_clk (net)
                  0.02    0.00    0.15 ^ u_controller.state[2]$_DFFE_PN0P_/CK (DFFR_X2)
    40   95.06    0.11    0.23    0.38 ^ u_controller.state[2]$_DFFE_PN0P_/Q (DFFR_X2)
                                         do_round (net)
                  0.11    0.00    0.38 ^ _13521_/A (INV_X1)
    11   27.01    0.05    0.07    0.45 v _13521_/ZN (INV_X1)
                                         _01113_ (net)
                  0.05    0.00    0.45 v _22149_/A2 (NAND2_X4)
    35   98.72    0.06    0.09    0.54 ^ _22149_/ZN (NAND2_X4)
                                         _09741_ (net)
                  0.06    0.00    0.54 ^ _25173_/A2 (NOR2_X4)
    29   81.95    0.03    0.05    0.59 v _25173_/ZN (NOR2_X4)
                                         _12765_ (net)
                  0.03    0.00    0.59 v _25174_/A (INV_X2)
    34  107.09    0.12    0.14    0.73 ^ _25174_/ZN (INV_X2)
                                         net259 (net)
                  0.12    0.01    0.74 ^ output259/A (BUF_X1)
     1    0.64    0.01    0.03    0.77 ^ output259/Z (BUF_X1)
                                         busy (net)
                  0.01    0.00    0.77 ^ busy (out)
                                  0.77   data arrival time

                         10.00   10.00   clock clk (rise edge)
                          0.00   10.00   clock network delay (propagated)
                         -0.20    9.80   clock uncertainty
                          0.00    9.80   clock reconvergence pessimism
                         -1.00    8.80   output external delay
                                  8.80   data required time
-----------------------------------------------------------------------------
                                  8.80   data required time
                                 -0.77   data arrival time
-----------------------------------------------------------------------------
                                  8.03   slack (MET)



==========================================================================
finish report_checks -unconstrained
--------------------------------------------------------------------------
Startpoint: u_controller.state[2]$_DFFE_PN0P_
            (rising edge-triggered flip-flop clocked by clk)
Endpoint: busy (output port clocked by clk)
Path Group: clk
Path Type: max

Fanout     Cap    Slew   Delay    Time   Description
-----------------------------------------------------------------------------
                          0.00    0.00   clock clk (rise edge)
                          0.00    0.00   clock source latency
     1   14.58    0.00    0.00    0.00 ^ clk (in)
                                         clk (net)
                  0.00    0.00    0.00 ^ clkbuf_0_clk/A (CLKBUF_X3)
     4   19.97    0.02    0.04    0.04 ^ clkbuf_0_clk/Z (CLKBUF_X3)
                                         clknet_0_clk (net)
                  0.02    0.00    0.04 ^ clkbuf_2_1__f_clk/A (CLKBUF_X3)
    10   28.49    0.02    0.05    0.10 ^ clkbuf_2_1__f_clk/Z (CLKBUF_X3)
                                         clknet_2_1__leaf_clk (net)
                  0.02    0.00    0.10 ^ clkbuf_leaf_11_clk/A (CLKBUF_X3)
    11   15.81    0.02    0.05    0.14 ^ clkbuf_leaf_11_clk/Z (CLKBUF_X3)
                                         clknet_leaf_11_clk (net)
                  0.02    0.00    0.15 ^ u_controller.state[2]$_DFFE_PN0P_/CK (DFFR_X2)
    40   95.06    0.11    0.23    0.38 ^ u_controller.state[2]$_DFFE_PN0P_/Q (DFFR_X2)
                                         do_round (net)
                  0.11    0.00    0.38 ^ _13521_/A (INV_X1)
    11   27.01    0.05    0.07    0.45 v _13521_/ZN (INV_X1)
                                         _01113_ (net)
                  0.05    0.00    0.45 v _22149_/A2 (NAND2_X4)
    35   98.72    0.06    0.09    0.54 ^ _22149_/ZN (NAND2_X4)
                                         _09741_ (net)
                  0.06    0.00    0.54 ^ _25173_/A2 (NOR2_X4)
    29   81.95    0.03    0.05    0.59 v _25173_/ZN (NOR2_X4)
                                         _12765_ (net)
                  0.03    0.00    0.59 v _25174_/A (INV_X2)
    34  107.09    0.12    0.14    0.73 ^ _25174_/ZN (INV_X2)
                                         net259 (net)
                  0.12    0.01    0.74 ^ output259/A (BUF_X1)
     1    0.64    0.01    0.03    0.77 ^ output259/Z (BUF_X1)
                                         busy (net)
                  0.01    0.00    0.77 ^ busy (out)
                                  0.77   data arrival time

                         10.00   10.00   clock clk (rise edge)
                          0.00   10.00   clock network delay (propagated)
                         -0.20    9.80   clock uncertainty
                          0.00    9.80   clock reconvergence pessimism
                         -1.00    8.80   output external delay
                                  8.80   data required time
-----------------------------------------------------------------------------
                                  8.80   data required time
                                 -0.77   data arrival time
-----------------------------------------------------------------------------
                                  8.03   slack (MET)



==========================================================================
finish report_check_types -max_slew -max_cap -max_fanout -violators
--------------------------------------------------------------------------
max capacitance

Pin                                    Limit     Cap   Slack
------------------------------------------------------------
_13212_/ZN                             60.73   62.91   -2.18 (VIOLATED)

_16492_/ZN                             26.70   28.81   -2.11 (VIOLATED)

_21264_/ZN                             25.33   26.66   -1.33 (VIOLATED)


==========================================================================
finish max_slew_check_slack
--------------------------------------------------------------------------
0.059936877340078354

==========================================================================
finish max_slew_check_limit
--------------------------------------------------------------------------
0.1985349953174591

==========================================================================
finish max_slew_check_slack_limit
--------------------------------------------------------------------------
0.3019

==========================================================================
finish max_fanout_check_slack
--------------------------------------------------------------------------
1.0000000150474662e+30

==========================================================================
finish max_fanout_check_limit
--------------------------------------------------------------------------
1.0000000150474662e+30

==========================================================================
finish max_capacitance_check_slack
--------------------------------------------------------------------------
-2.1806490421295166

==========================================================================
finish max_capacitance_check_limit
--------------------------------------------------------------------------
60.72999954223633

==========================================================================
finish max_capacitance_check_slack_limit
--------------------------------------------------------------------------
-0.0359

==========================================================================
finish max_slew_violation_count
--------------------------------------------------------------------------
max slew violation count 0

==========================================================================
finish max_fanout_violation_count
--------------------------------------------------------------------------
max fanout violation count 0

==========================================================================
finish max_cap_violation_count
--------------------------------------------------------------------------
max cap violation count 3

==========================================================================
finish setup_violation_count
--------------------------------------------------------------------------
setup violation count 0

==========================================================================
finish hold_violation_count
--------------------------------------------------------------------------
hold violation count 9

==========================================================================
finish report_checks -path_delay max reg to reg
--------------------------------------------------------------------------
Startpoint: state_reg[41]$_DFFE_PN0P_
            (rising edge-triggered flip-flop clocked by clk)
Endpoint: state_reg[102]$_DFFE_PN0P_
          (rising edge-triggered flip-flop clocked by clk)
Path Group: clk
Path Type: max

  Delay    Time   Description
---------------------------------------------------------
   0.00    0.00   clock clk (rise edge)
   0.00    0.00   clock source latency
   0.00    0.00 ^ clk (in)
   0.04    0.04 ^ clkbuf_0_clk/Z (CLKBUF_X3)
   0.06    0.10 ^ clkbuf_2_1__f_clk/Z (CLKBUF_X3)
   0.05    0.14 ^ clkbuf_leaf_10_clk/Z (CLKBUF_X3)
   0.00    0.14 ^ state_reg[41]$_DFFE_PN0P_/CK (DFFR_X2)
   0.14    0.28 v state_reg[41]$_DFFE_PN0P_/Q (DFFR_X2)
   0.08    0.36 v place1016/Z (BUF_X1)
   0.14    0.50 ^ _13165_/ZN (INV_X1)
   0.08    0.58 ^ place882/Z (BUF_X1)
   0.02    0.60 v _22158_/ZN (NOR2_X1)
   0.06    0.65 v place815/Z (BUF_X1)
   0.06    0.72 v _22172_/Z (MUX2_X1)
   0.06    0.78 v _22210_/Z (MUX2_X1)
   0.09    0.87 ^ _22238_/ZN (AOI221_X1)
   0.02    0.89 v _22371_/ZN (AOI211_X2)
   0.13    1.02 ^ _23096_/ZN (OAI33_X1)
   0.06    1.08 ^ _16133_/Z (XOR2_X1)
   0.02    1.11 v _16135_/ZN (XNOR2_X1)
   0.05    1.15 v _16136_/ZN (XNOR2_X1)
   0.07    1.22 v _16137_/Z (MUX2_X1)
   0.04    1.26 v _16138_/ZN (XNOR2_X1)
   0.06    1.32 v _16140_/Z (MUX2_X1)
   0.06    1.37 v _16144_/Z (MUX2_X1)
   0.03    1.40 v hold1366/Z (CLKBUF_X1)
   0.00    1.40 v state_reg[102]$_DFFE_PN0P_/D (DFFR_X1)
           1.40   data arrival time

  10.00   10.00   clock clk (rise edge)
   0.00   10.00   clock source latency
   0.00   10.00 ^ clk (in)
   0.04   10.04 ^ clkbuf_0_clk/Z (CLKBUF_X3)
   0.06   10.10 ^ clkbuf_2_3__f_clk/Z (CLKBUF_X3)
   0.04   10.14 ^ clkbuf_leaf_18_clk/Z (CLKBUF_X3)
   0.00   10.14 ^ state_reg[102]$_DFFE_PN0P_/CK (DFFR_X1)
  -0.20    9.94   clock uncertainty
   0.00    9.94   clock reconvergence pessimism
  -0.04    9.91   library setup time
           9.91   data required time
---------------------------------------------------------
           9.91   data required time
          -1.40   data arrival time
---------------------------------------------------------
           8.51   slack (MET)



==========================================================================
finish report_checks -path_delay min reg to reg
--------------------------------------------------------------------------
Startpoint: u_key_expansion.round_key[108]$_DFFE_PN0P_
            (rising edge-triggered flip-flop clocked by clk)
Endpoint: state_reg[108]$_DFFE_PN0P_
          (rising edge-triggered flip-flop clocked by clk)
Path Group: clk
Path Type: min

  Delay    Time   Description
---------------------------------------------------------
   0.00    0.00   clock clk (rise edge)
   0.00    0.00   clock source latency
   0.00    0.00 ^ clk (in)
   0.04    0.04 ^ clkbuf_0_clk/Z (CLKBUF_X3)
   0.06    0.10 ^ clkbuf_2_1__f_clk/Z (CLKBUF_X3)
   0.05    0.14 ^ clkbuf_leaf_8_clk/Z (CLKBUF_X3)
   0.00    0.14 ^ u_key_expansion.round_key[108]$_DFFE_PN0P_/CK (DFFR_X1)
   0.09    0.24 v u_key_expansion.round_key[108]$_DFFE_PN0P_/Q (DFFR_X1)
   0.04    0.27 v hold1358/Z (CLKBUF_X1)
   0.04    0.31 ^ _16057_/Z (XOR2_X1)
   0.04    0.35 ^ _16069_/Z (MUX2_X1)
   0.00    0.35 ^ state_reg[108]$_DFFE_PN0P_/D (DFFR_X2)
           0.35   data arrival time

   0.00    0.00   clock clk (rise edge)
   0.00    0.00   clock source latency
   0.00    0.00 ^ clk (in)
   0.04    0.04 ^ clkbuf_0_clk/Z (CLKBUF_X3)
   0.06    0.10 ^ clkbuf_2_1__f_clk/Z (CLKBUF_X3)
   0.05    0.14 ^ clkbuf_leaf_11_clk/Z (CLKBUF_X3)
   0.00    0.15 ^ state_reg[108]$_DFFE_PN0P_/CK (DFFR_X2)
   0.20    0.35   clock uncertainty
   0.00    0.35   clock reconvergence pessimism
   0.01    0.35   library hold time
           0.35   data required time
---------------------------------------------------------
           0.35   data required time
          -0.35   data arrival time
---------------------------------------------------------
           0.00   slack (VIOLATED)



==========================================================================
finish critical path target clock latency max path
--------------------------------------------------------------------------
0.1457

==========================================================================
finish critical path target clock latency min path
--------------------------------------------------------------------------
0.1490

==========================================================================
finish critical path source clock latency min path
--------------------------------------------------------------------------
0.0000

==========================================================================
finish critical path delay
--------------------------------------------------------------------------
0.7688

==========================================================================
finish critical path slack
--------------------------------------------------------------------------
8.0312

==========================================================================
finish slack div critical path delay
--------------------------------------------------------------------------
1044.640999

==========================================================================
finish report_power
--------------------------------------------------------------------------
Group                  Internal  Switching    Leakage      Total
                          Power      Power      Power      Power (Watts)
----------------------------------------------------------------
Sequential             4.27e-04   6.00e-04   2.74e-05   1.05e-03   7.8%
Combinational          5.99e-03   5.95e-03   3.71e-04   1.23e-02  91.2%
Clock                  5.32e-05   7.61e-05   1.88e-06   1.31e-04   1.0%
Macro                  0.00e+00   0.00e+00   0.00e+00   0.00e+00   0.0%
Pad                    0.00e+00   0.00e+00   0.00e+00   0.00e+00   0.0%
----------------------------------------------------------------
Total                  6.47e-03   6.62e-03   4.01e-04   1.35e-02 100.0%
                          48.0%      49.1%       3.0%
