28. Printing statistics.

=== aes_core ===

        +----------Local Count, excluding submodules.
        |        +-Local Area, excluding submodules.
        |        | 
      534        - wires
     1429        - wire bits
       19        - public wires
      914        - public wire bits
        8        - ports
      389        - port bits
      515 1.16E+03 cells
      256   340.48   AOI22_X1
      128   680.96   DFFR_X1
        1    0.532   INV_X1
        1    0.798   NOR2_X1
        1    1.064   NOR3_X1
      128  136.192   OAI21_X1
        5        - submodules
        1        -   add_round_key
        1        -   aes_final_round
        1        -   aes_round
        1        -   key_expansion
        1        -   round_controller

   Chip area for module '\aes_core': 1160.026000
     of which used for sequential elements: 680.960000 (58.70%)

=== round_controller ===

        +----------Local Count, excluding submodules.
        |        +-Local Area, excluding submodules.
        |        | 
       58        - wires
       68        - wire bits
       10        - public wires
       17        - public wire bits
        9        - ports
       12        - port bits
       49   90.972 cells
        1    1.064   AND2_X1
        1     1.33   AND3_X1
        2     2.66   AOI211_X1
        3    3.192   AOI21_X1
        1    1.596   AOI221_X1
        2     2.66   AOI22_X1
        8    42.56   DFFR_X1
        1     5.32   DFFS_X1
        5     2.66   INV_X1
        3    2.394   NAND2_X1
        1    1.064   NAND3_X1
        6    4.788   NOR2_X1
        4    4.256   NOR3_X1
        3     3.99   NOR4_X1
        1    1.064   OAI21_X1
        1    1.862   OAI33_X1
        4     5.32   OR3_X1
        2    3.192   OR4_X1

   Chip area for module '\round_controller': 90.972000
     of which used for sequential elements: 47.880000 (52.63%)

=== aes_final_round ===

        +----------Local Count, excluding submodules.
        |        +-Local Area, excluding submodules.
        |        | 
        5        - wires
      640        - wire bits
        5        - public wires
      640        - public wire bits
        3        - ports
      384        - port bits
        3        - submodules
        1        -   add_round_key
        1        -   shift_rows
        1        -   sub_bytes

   Chip area for module '\aes_final_round': 0.000000
     of which used for sequential elements: 0.000000 (nan%)

=== aes_round ===

        +----------Local Count, excluding submodules.
        |        +-Local Area, excluding submodules.
        |        | 
        6        - wires
      768        - wire bits
        6        - public wires
      768        - public wire bits
        3        - ports
      384        - port bits
        4        - submodules
        1        -   add_round_key
        1        -   mix_columns
        1        -   shift_rows
        1        -   sub_bytes

   Chip area for module '\aes_round': 0.000000
     of which used for sequential elements: 0.000000 (nan%)

=== key_expansion ===

        +----------Local Count, excluding submodules.
        |        +-Local Area, excluding submodules.
        |        | 
      649        - wires
      947        - wire bits
       13        - public wires
      305        - public wire bits
        8        - ports
      265        - port bits
      636 1.35E+03 cells
        1     1.33   AND3_X1
        3    3.192   AOI21_X1
        6    9.576   AOI221_X1
       24   51.072   AOI222_X1
       50     66.5   AOI22_X1
      141   750.12   DFFR_X1
        1     5.32   DFFS_X1
       66   35.112   INV_X1
       14   26.068   MUX2_X1
       93   74.214   NAND2_X1
       14   14.896   NAND3_X1
       22   17.556   NOR2_X1
        1    1.064   NOR3_X1
       29    38.57   OAI211_X1
       22   23.408   OAI21_X1
       24   38.304   OAI221_X1
        1     1.33   OAI22_X1
        9    9.576   OR2_X1
       67  106.932   XNOR2_X1
       48   76.608   XOR2_X1
        4        - submodules
        4        -   aes_sbox

   Chip area for module '\key_expansion': 1350.748000
     of which used for sequential elements: 755.440000 (55.93%)

=== add_round_key ===

        +----------Local Count, excluding submodules.
        |        +-Local Area, excluding submodules.
        |        | 
        3        - wires
      384        - wire bits
        3        - public wires
      384        - public wire bits
        3        - ports
      384        - port bits
      128  204.288 cells
      128  204.288   XOR2_X1

   Chip area for module '\add_round_key': 204.288000
     of which used for sequential elements: 0.000000 (0.00%)

=== mix_columns ===

        +----------Local Count, excluding submodules.
        |        +-Local Area, excluding submodules.
        |        | 
      336        - wires
      590        - wire bits
        2        - public wires
      256        - public wire bits
        2        - ports
      256        - port bits
      462  737.352 cells
      363  579.348   XNOR2_X1
       99  158.004   XOR2_X1

   Chip area for module '\mix_columns': 737.352000
     of which used for sequential elements: 0.000000 (0.00%)

=== shift_rows ===

        +----------Local Count, excluding submodules.
        |        +-Local Area, excluding submodules.
        |        | 
        2        - wires
      256        - wire bits
        2        - public wires
      256        - public wire bits
        2        - ports
      256        - port bits

=== sub_bytes ===

        +----------Local Count, excluding submodules.
        |        +-Local Area, excluding submodules.
        |        | 
        2        - wires
      256        - wire bits
        2        - public wires
      256        - public wire bits
        2        - ports
      256        - port bits
       16        - submodules
       16        -   aes_sbox

   Chip area for module '\sub_bytes': 0.000000
     of which used for sequential elements: 0.000000 (nan%)

=== aes_sbox ===

        +----------Local Count, excluding submodules.
        |        +-Local Area, excluding submodules.
        |        | 
      394        - wires
      408        - wire bits
        2        - public wires
       16        - public wire bits
        2        - ports
       16        - port bits
      400  443.156 cells
        7    7.448   AND2_X1
        2     2.66   AND3_X1
       18    23.94   AOI211_X1
       54   57.456   AOI21_X1
       16   25.536   AOI221_X1
        6     7.98   AOI22_X1
        8    4.256   INV_X1
       45    35.91   NAND2_X1
       16   17.024   NAND3_X1
       47   37.506   NOR2_X1
       18   19.152   NOR3_X1
       32    42.56   OAI211_X1
       73   77.672   OAI21_X1
       24   38.304   OAI221_X1
       15    19.95   OAI22_X1
        1    1.862   OAI33_X1
        6    6.384   OR2_X1
        6     7.98   OR3_X1
        1    1.596   OR4_X1
        2    3.192   XNOR2_X1
        3    4.788   XOR2_X1

   Chip area for module '\aes_sbox': 443.156000
     of which used for sequential elements: 0.000000 (0.00%)

=== design hierarchy ===

        +----------Count including submodules.
        |        +-Area including submodules.
        |        | 
    16446 1.99E+04 aes_core
      128  204.288 add_round_key
      128  204.288   add_round_key
      400  443.156     aes_sbox
      128  204.288   add_round_key
      462  737.352   mix_columns
      400  443.156     aes_sbox
      636 1.35E+03 key_expansion
      400  443.156   aes_sbox
       49   90.972 round_controller

        +----------Count including submodules.
        |        +-Area including submodules.
        |        | 
    15789        - wires
    21306        - wire bits
      144        - public wires
     5652        - public wire bits
      122        - ports
     4442        - port bits
        -        - memories
        -        - memory bits
        -        - processes
    16446 1.99E+04 cells
      253  269.192   AND2_X1
       74    98.42   AND3_X1
      650    864.5   AOI211_X1
     1950   2074.8   AOI21_X1
      583  930.468   AOI221_X1
       24   51.072   AOI222_X1
      524   696.92   AOI22_X1
      277  1473.64   DFFR_X1
        2    10.64   DFFS_X1
      360   191.52   INV_X1
       14   26.068   MUX2_X1
     1716 1.37E+03   NAND2_X1
      591  628.824   NAND3_X1
     1721 1.37E+03   NOR2_X1
      654  695.856   NOR3_X1
        3     3.99   NOR4_X1
     1181  1570.73   OAI211_X1
     2779 2.96E+03   OAI21_X1
      888 1.42E+03   OAI221_X1
      541   719.53   OAI22_X1
       37   68.894   OAI33_X1
      225    239.4   OR2_X1
      220    292.6   OR3_X1
       38   60.648   OR4_X1
      502  801.192   XNOR2_X1
      639 1.02E+03   XOR2_X1
        5 1.87E+04 submodules
        1  612.864   add_round_key
        1 7.29E+03   aes_final_round
        1 8.03E+03   aes_round
        1 3.12E+03   key_expansion
        1   90.972   round_controller

   Chip area for top module '\aes_core': 19905.578000
     of which used for sequential elements: 1484.280000 (7.46%)

