
==========================================================================
finish report_tns
--------------------------------------------------------------------------
tns max 0.00

==========================================================================
finish report_wns
--------------------------------------------------------------------------
wns max 0.00

==========================================================================
finish report_worst_slack
--------------------------------------------------------------------------
worst slack max 5.36

==========================================================================
finish report_clock_min_period
--------------------------------------------------------------------------
clk period_min = 4.64 fmax = 215.61

==========================================================================
finish report_clock_skew
--------------------------------------------------------------------------
Clock clk
   0.44 source latency state_reg[110]$_DFFE_PN0P_/CLK ^
  -0.42 target latency state_reg[34]$_DFFE_PN0P_/CLK ^
   0.20 clock uncertainty
   0.00 CRPR
--------------
   0.22 setup skew


==========================================================================
finish report_checks -path_delay min
--------------------------------------------------------------------------
Startpoint: u_controller.round[3]$_DFFE_PN0P_
            (rising edge-triggered flip-flop clocked by clk)
Endpoint: u_controller.round[3]$_DFFE_PN0P_
          (rising edge-triggered flip-flop clocked by clk)
Path Group: clk
Path Type: min

Fanout     Cap    Slew   Delay    Time   Description
-----------------------------------------------------------------------------
                          0.00    0.00   clock clk (rise edge)
                          0.00    0.00   clock source latency
     1    0.07    0.00    0.00    0.00 ^ clk (in)
                                         clk (net)
                  0.00    0.00    0.00 ^ clkbuf_0_clk/A (sky130_fd_sc_hs__clkbuf_16)
     4    0.11    0.07    0.12    0.12 ^ clkbuf_0_clk/X (sky130_fd_sc_hs__clkbuf_16)
                                         clknet_0_clk (net)
                  0.07    0.00    0.12 ^ clkbuf_2_1__f_clk/A (sky130_fd_sc_hs__clkbuf_16)
    10    0.19    0.11    0.17    0.30 ^ clkbuf_2_1__f_clk/X (sky130_fd_sc_hs__clkbuf_16)
                                         clknet_2_1__leaf_clk (net)
                  0.11    0.00    0.30 ^ clkbuf_leaf_11_clk/A (sky130_fd_sc_hs__clkbuf_16)
     9    0.06    0.05    0.14    0.43 ^ clkbuf_leaf_11_clk/X (sky130_fd_sc_hs__clkbuf_16)
                                         clknet_leaf_11_clk (net)
                  0.05    0.00    0.44 ^ u_controller.round[3]$_DFFE_PN0P_/CLK (sky130_fd_sc_hs__dfrtp_1)
     2    0.01    0.07    0.22    0.66 ^ u_controller.round[3]$_DFFE_PN0P_/Q (sky130_fd_sc_hs__dfrtp_1)
                                         round[3] (net)
                  0.07    0.00    0.66 ^ _25391_/A (sky130_fd_sc_hs__xnor2_1)
     1    0.00    0.03    0.06    0.72 v _25391_/Y (sky130_fd_sc_hs__xnor2_1)
                                         _03969_ (net)
                  0.03    0.00    0.72 v _25392_/B (sky130_fd_sc_hs__nor2_1)
     1    0.00    0.07    0.07    0.79 ^ _25392_/Y (sky130_fd_sc_hs__nor2_1)
                                         _00282_ (net)
                  0.07    0.00    0.79 ^ u_controller.round[3]$_DFFE_PN0P_/D (sky130_fd_sc_hs__dfrtp_1)
                                  0.79   data arrival time

                          0.00    0.00   clock clk (rise edge)
                          0.00    0.00   clock source latency
     1    0.07    0.00    0.00    0.00 ^ clk (in)
                                         clk (net)
                  0.00    0.00    0.00 ^ clkbuf_0_clk/A (sky130_fd_sc_hs__clkbuf_16)
     4    0.11    0.07    0.12    0.12 ^ clkbuf_0_clk/X (sky130_fd_sc_hs__clkbuf_16)
                                         clknet_0_clk (net)
                  0.07    0.00    0.12 ^ clkbuf_2_1__f_clk/A (sky130_fd_sc_hs__clkbuf_16)
    10    0.19    0.11    0.17    0.30 ^ clkbuf_2_1__f_clk/X (sky130_fd_sc_hs__clkbuf_16)
                                         clknet_2_1__leaf_clk (net)
                  0.11    0.00    0.30 ^ clkbuf_leaf_11_clk/A (sky130_fd_sc_hs__clkbuf_16)
     9    0.06    0.05    0.14    0.43 ^ clkbuf_leaf_11_clk/X (sky130_fd_sc_hs__clkbuf_16)
                                         clknet_leaf_11_clk (net)
                  0.05    0.00    0.44 ^ u_controller.round[3]$_DFFE_PN0P_/CLK (sky130_fd_sc_hs__dfrtp_1)
                          0.20    0.64   clock uncertainty
                          0.00    0.64   clock reconvergence pessimism
                         -0.03    0.60   library hold time
                                  0.60   data required time
-----------------------------------------------------------------------------
                                  0.60   data required time
                                 -0.79   data arrival time
-----------------------------------------------------------------------------
                                  0.19   slack (MET)



==========================================================================
finish report_checks -path_delay max
--------------------------------------------------------------------------
Startpoint: state_reg[28]$_DFFE_PN0P_
            (rising edge-triggered flip-flop clocked by clk)
Endpoint: state_reg[5]$_DFFE_PN0P_
          (rising edge-triggered flip-flop clocked by clk)
Path Group: clk
Path Type: max

Fanout     Cap    Slew   Delay    Time   Description
-----------------------------------------------------------------------------
                          0.00    0.00   clock clk (rise edge)
                          0.00    0.00   clock source latency
     1    0.07    0.00    0.00    0.00 ^ clk (in)
                                         clk (net)
                  0.00    0.00    0.00 ^ clkbuf_0_clk/A (sky130_fd_sc_hs__clkbuf_16)
     4    0.11    0.07    0.12    0.12 ^ clkbuf_0_clk/X (sky130_fd_sc_hs__clkbuf_16)
                                         clknet_0_clk (net)
                  0.07    0.00    0.12 ^ clkbuf_2_0__f_clk/A (sky130_fd_sc_hs__clkbuf_16)
     9    0.16    0.10    0.16    0.29 ^ clkbuf_2_0__f_clk/X (sky130_fd_sc_hs__clkbuf_16)
                                         clknet_2_0__leaf_clk (net)
                  0.10    0.00    0.29 ^ clkbuf_leaf_27_clk/A (sky130_fd_sc_hs__clkbuf_16)
    10    0.06    0.05    0.13    0.42 ^ clkbuf_leaf_27_clk/X (sky130_fd_sc_hs__clkbuf_16)
                                         clknet_leaf_27_clk (net)
                  0.05    0.00    0.42 ^ state_reg[28]$_DFFE_PN0P_/CLK (sky130_fd_sc_hs__dfrtp_2)
    38    0.17    0.56    0.54    0.96 ^ state_reg[28]$_DFFE_PN0P_/Q (sky130_fd_sc_hs__dfrtp_2)
                                         net308 (net)
                  0.56    0.01    0.97 ^ place884/A (sky130_fd_sc_hs__buf_2)
    45    0.21    0.87    0.66    1.63 ^ place884/X (sky130_fd_sc_hs__buf_2)
                                         net884 (net)
                  0.87    0.02    1.65 ^ _20329_/B (sky130_fd_sc_hs__nand2b_1)
    13    0.08    0.47    0.50    2.15 v _20329_/Y (sky130_fd_sc_hs__nand2b_1)
                                         _10996_ (net)
                  0.47    0.01    2.16 v _21305_/A2 (sky130_fd_sc_hs__o21ai_1)
     1    0.00    0.16    0.23    2.38 ^ _21305_/Y (sky130_fd_sc_hs__o21ai_1)
                                         _12068_ (net)
                  0.16    0.00    2.38 ^ _21308_/A2 (sky130_fd_sc_hs__a22oi_1)
     1    0.00    0.14    0.08    2.46 v _21308_/Y (sky130_fd_sc_hs__a22oi_1)
                                         _12071_ (net)
                  0.14    0.00    2.46 v _21309_/B (sky130_fd_sc_hs__nor2_1)
     1    0.00    0.10    0.09    2.56 ^ _21309_/Y (sky130_fd_sc_hs__nor2_1)
                                         _12072_ (net)
                  0.10    0.00    2.56 ^ _21313_/C1 (sky130_fd_sc_hs__a2111oi_1)
     1    0.01    0.16    0.06    2.62 v _21313_/Y (sky130_fd_sc_hs__a2111oi_1)
                                         _12077_ (net)
                  0.16    0.00    2.62 v _21329_/B1 (sky130_fd_sc_hs__a311oi_1)
     1    0.03    0.80    0.67    3.29 ^ _21329_/Y (sky130_fd_sc_hs__a311oi_1)
                                         _12094_ (net)
                  0.80    0.00    3.29 ^ place690/A (sky130_fd_sc_hs__buf_1)
     4    0.04    0.25    0.26    3.55 ^ place690/X (sky130_fd_sc_hs__buf_1)
                                         net690 (net)
                  0.25    0.00    3.56 ^ _22653_/A (sky130_fd_sc_hs__xnor3_1)
     1    0.01    0.07    0.32    3.87 v _22653_/X (sky130_fd_sc_hs__xnor3_1)
                                         _01112_ (net)
                  0.07    0.00    3.87 v _22654_/B (sky130_fd_sc_hs__xnor2_1)
     1    0.00    0.06    0.11    3.99 v _22654_/Y (sky130_fd_sc_hs__xnor2_1)
                                         _01113_ (net)
                  0.06    0.00    3.99 v _22656_/A2 (sky130_fd_sc_hs__o21ai_1)
     2    0.04    0.55    0.42    4.41 ^ _22656_/Y (sky130_fd_sc_hs__o21ai_1)
                                         _01115_ (net)
                  0.55    0.00    4.41 ^ _22659_/A2 (sky130_fd_sc_hs__a211oi_1)
     1    0.00    0.11    0.10    4.52 v _22659_/Y (sky130_fd_sc_hs__a211oi_1)
                                         _01118_ (net)
                  0.11    0.00    4.52 v _22661_/B1 (sky130_fd_sc_hs__a211oi_1)
     1    0.00    0.18    0.19    4.71 ^ _22661_/Y (sky130_fd_sc_hs__a211oi_1)
                                         _00127_ (net)
                  0.18    0.00    4.71 ^ state_reg[5]$_DFFE_PN0P_/D (sky130_fd_sc_hs__dfrtp_2)
                                  4.71   data arrival time

                         10.00   10.00   clock clk (rise edge)
                          0.00   10.00   clock source latency
     1    0.07    0.00    0.00   10.00 ^ clk (in)
                                         clk (net)
                  0.00    0.00   10.00 ^ clkbuf_0_clk/A (sky130_fd_sc_hs__clkbuf_16)
     4    0.11    0.07    0.12   10.12 ^ clkbuf_0_clk/X (sky130_fd_sc_hs__clkbuf_16)
                                         clknet_0_clk (net)
                  0.07    0.00   10.12 ^ clkbuf_2_1__f_clk/A (sky130_fd_sc_hs__clkbuf_16)
    10    0.19    0.11    0.17   10.30 ^ clkbuf_2_1__f_clk/X (sky130_fd_sc_hs__clkbuf_16)
                                         clknet_2_1__leaf_clk (net)
                  0.11    0.00   10.30 ^ clkbuf_leaf_9_clk/A (sky130_fd_sc_hs__clkbuf_16)
    12    0.06    0.05    0.13   10.43 ^ clkbuf_leaf_9_clk/X (sky130_fd_sc_hs__clkbuf_16)
                                         clknet_leaf_9_clk (net)
                  0.05    0.00   10.43 ^ state_reg[5]$_DFFE_PN0P_/CLK (sky130_fd_sc_hs__dfrtp_2)
                         -0.20   10.23   clock uncertainty
                          0.00   10.23   clock reconvergence pessimism
                         -0.16   10.07   library setup time
                                 10.07   data required time
-----------------------------------------------------------------------------
                                 10.07   data required time
                                 -4.71   data arrival time
-----------------------------------------------------------------------------
                                  5.36   slack (MET)



==========================================================================
finish report_checks -unconstrained
--------------------------------------------------------------------------
Startpoint: state_reg[28]$_DFFE_PN0P_
            (rising edge-triggered flip-flop clocked by clk)
Endpoint: state_reg[5]$_DFFE_PN0P_
          (rising edge-triggered flip-flop clocked by clk)
Path Group: clk
Path Type: max

Fanout     Cap    Slew   Delay    Time   Description
-----------------------------------------------------------------------------
                          0.00    0.00   clock clk (rise edge)
                          0.00    0.00   clock source latency
     1    0.07    0.00    0.00    0.00 ^ clk (in)
                                         clk (net)
                  0.00    0.00    0.00 ^ clkbuf_0_clk/A (sky130_fd_sc_hs__clkbuf_16)
     4    0.11    0.07    0.12    0.12 ^ clkbuf_0_clk/X (sky130_fd_sc_hs__clkbuf_16)
                                         clknet_0_clk (net)
                  0.07    0.00    0.12 ^ clkbuf_2_0__f_clk/A (sky130_fd_sc_hs__clkbuf_16)
     9    0.16    0.10    0.16    0.29 ^ clkbuf_2_0__f_clk/X (sky130_fd_sc_hs__clkbuf_16)
                                         clknet_2_0__leaf_clk (net)
                  0.10    0.00    0.29 ^ clkbuf_leaf_27_clk/A (sky130_fd_sc_hs__clkbuf_16)
    10    0.06    0.05    0.13    0.42 ^ clkbuf_leaf_27_clk/X (sky130_fd_sc_hs__clkbuf_16)
                                         clknet_leaf_27_clk (net)
                  0.05    0.00    0.42 ^ state_reg[28]$_DFFE_PN0P_/CLK (sky130_fd_sc_hs__dfrtp_2)
    38    0.17    0.56    0.54    0.96 ^ state_reg[28]$_DFFE_PN0P_/Q (sky130_fd_sc_hs__dfrtp_2)
                                         net308 (net)
                  0.56    0.01    0.97 ^ place884/A (sky130_fd_sc_hs__buf_2)
    45    0.21    0.87    0.66    1.63 ^ place884/X (sky130_fd_sc_hs__buf_2)
                                         net884 (net)
                  0.87    0.02    1.65 ^ _20329_/B (sky130_fd_sc_hs__nand2b_1)
    13    0.08    0.47    0.50    2.15 v _20329_/Y (sky130_fd_sc_hs__nand2b_1)
                                         _10996_ (net)
                  0.47    0.01    2.16 v _21305_/A2 (sky130_fd_sc_hs__o21ai_1)
     1    0.00    0.16    0.23    2.38 ^ _21305_/Y (sky130_fd_sc_hs__o21ai_1)
                                         _12068_ (net)
                  0.16    0.00    2.38 ^ _21308_/A2 (sky130_fd_sc_hs__a22oi_1)
     1    0.00    0.14    0.08    2.46 v _21308_/Y (sky130_fd_sc_hs__a22oi_1)
                                         _12071_ (net)
                  0.14    0.00    2.46 v _21309_/B (sky130_fd_sc_hs__nor2_1)
     1    0.00    0.10    0.09    2.56 ^ _21309_/Y (sky130_fd_sc_hs__nor2_1)
                                         _12072_ (net)
                  0.10    0.00    2.56 ^ _21313_/C1 (sky130_fd_sc_hs__a2111oi_1)
     1    0.01    0.16    0.06    2.62 v _21313_/Y (sky130_fd_sc_hs__a2111oi_1)
                                         _12077_ (net)
                  0.16    0.00    2.62 v _21329_/B1 (sky130_fd_sc_hs__a311oi_1)
     1    0.03    0.80    0.67    3.29 ^ _21329_/Y (sky130_fd_sc_hs__a311oi_1)
                                         _12094_ (net)
                  0.80    0.00    3.29 ^ place690/A (sky130_fd_sc_hs__buf_1)
     4    0.04    0.25    0.26    3.55 ^ place690/X (sky130_fd_sc_hs__buf_1)
                                         net690 (net)
                  0.25    0.00    3.56 ^ _22653_/A (sky130_fd_sc_hs__xnor3_1)
     1    0.01    0.07    0.32    3.87 v _22653_/X (sky130_fd_sc_hs__xnor3_1)
                                         _01112_ (net)
                  0.07    0.00    3.87 v _22654_/B (sky130_fd_sc_hs__xnor2_1)
     1    0.00    0.06    0.11    3.99 v _22654_/Y (sky130_fd_sc_hs__xnor2_1)
                                         _01113_ (net)
                  0.06    0.00    3.99 v _22656_/A2 (sky130_fd_sc_hs__o21ai_1)
     2    0.04    0.55    0.42    4.41 ^ _22656_/Y (sky130_fd_sc_hs__o21ai_1)
                                         _01115_ (net)
                  0.55    0.00    4.41 ^ _22659_/A2 (sky130_fd_sc_hs__a211oi_1)
     1    0.00    0.11    0.10    4.52 v _22659_/Y (sky130_fd_sc_hs__a211oi_1)
                                         _01118_ (net)
                  0.11    0.00    4.52 v _22661_/B1 (sky130_fd_sc_hs__a211oi_1)
     1    0.00    0.18    0.19    4.71 ^ _22661_/Y (sky130_fd_sc_hs__a211oi_1)
                                         _00127_ (net)
                  0.18    0.00    4.71 ^ state_reg[5]$_DFFE_PN0P_/D (sky130_fd_sc_hs__dfrtp_2)
                                  4.71   data arrival time

                         10.00   10.00   clock clk (rise edge)
                          0.00   10.00   clock source latency
     1    0.07    0.00    0.00   10.00 ^ clk (in)
                                         clk (net)
                  0.00    0.00   10.00 ^ clkbuf_0_clk/A (sky130_fd_sc_hs__clkbuf_16)
     4    0.11    0.07    0.12   10.12 ^ clkbuf_0_clk/X (sky130_fd_sc_hs__clkbuf_16)
                                         clknet_0_clk (net)
                  0.07    0.00   10.12 ^ clkbuf_2_1__f_clk/A (sky130_fd_sc_hs__clkbuf_16)
    10    0.19    0.11    0.17   10.30 ^ clkbuf_2_1__f_clk/X (sky130_fd_sc_hs__clkbuf_16)
                                         clknet_2_1__leaf_clk (net)
                  0.11    0.00   10.30 ^ clkbuf_leaf_9_clk/A (sky130_fd_sc_hs__clkbuf_16)
    12    0.06    0.05    0.13   10.43 ^ clkbuf_leaf_9_clk/X (sky130_fd_sc_hs__clkbuf_16)
                                         clknet_leaf_9_clk (net)
                  0.05    0.00   10.43 ^ state_reg[5]$_DFFE_PN0P_/CLK (sky130_fd_sc_hs__dfrtp_2)
                         -0.20   10.23   clock uncertainty
                          0.00   10.23   clock reconvergence pessimism
                         -0.16   10.07   library setup time
                                 10.07   data required time
-----------------------------------------------------------------------------
                                 10.07   data required time
                                 -4.71   data arrival time
-----------------------------------------------------------------------------
                                  5.36   slack (MET)



==========================================================================
finish report_check_types -max_slew -max_cap -max_fanout -violators
--------------------------------------------------------------------------

==========================================================================
finish max_slew_check_slack
--------------------------------------------------------------------------
0.028763659298419952

==========================================================================
finish max_slew_check_limit
--------------------------------------------------------------------------
1.0

==========================================================================
finish max_slew_check_slack_limit
--------------------------------------------------------------------------
0.0288

==========================================================================
finish max_fanout_check_slack
--------------------------------------------------------------------------
1.0000000150474662e+30

==========================================================================
finish max_fanout_check_limit
--------------------------------------------------------------------------
1.0000000150474662e+30

==========================================================================
finish max_capacitance_check_slack
--------------------------------------------------------------------------
0.0005830161389894783

==========================================================================
finish max_capacitance_check_limit
--------------------------------------------------------------------------
0.07208000123500824

==========================================================================
finish max_capacitance_check_slack_limit
--------------------------------------------------------------------------
0.0081

==========================================================================
finish max_slew_violation_count
--------------------------------------------------------------------------
max slew violation count 0

==========================================================================
finish max_fanout_violation_count
--------------------------------------------------------------------------
max fanout violation count 0

==========================================================================
finish max_cap_violation_count
--------------------------------------------------------------------------
max cap violation count 0

==========================================================================
finish setup_violation_count
--------------------------------------------------------------------------
setup violation count 0

==========================================================================
finish hold_violation_count
--------------------------------------------------------------------------
hold violation count 0

==========================================================================
finish report_checks -path_delay max reg to reg
--------------------------------------------------------------------------
Startpoint: state_reg[28]$_DFFE_PN0P_
            (rising edge-triggered flip-flop clocked by clk)
Endpoint: state_reg[5]$_DFFE_PN0P_
          (rising edge-triggered flip-flop clocked by clk)
Path Group: clk
Path Type: max

  Delay    Time   Description
---------------------------------------------------------
   0.00    0.00   clock clk (rise edge)
   0.00    0.00   clock source latency
   0.00    0.00 ^ clk (in)
   0.12    0.12 ^ clkbuf_0_clk/X (sky130_fd_sc_hs__clkbuf_16)
   0.16    0.29 ^ clkbuf_2_0__f_clk/X (sky130_fd_sc_hs__clkbuf_16)
   0.13    0.42 ^ clkbuf_leaf_27_clk/X (sky130_fd_sc_hs__clkbuf_16)
   0.00    0.42 ^ state_reg[28]$_DFFE_PN0P_/CLK (sky130_fd_sc_hs__dfrtp_2)
   0.54    0.96 ^ state_reg[28]$_DFFE_PN0P_/Q (sky130_fd_sc_hs__dfrtp_2)
   0.67    1.63 ^ place884/X (sky130_fd_sc_hs__buf_2)
   0.52    2.15 v _20329_/Y (sky130_fd_sc_hs__nand2b_1)
   0.23    2.38 ^ _21305_/Y (sky130_fd_sc_hs__o21ai_1)
   0.08    2.46 v _21308_/Y (sky130_fd_sc_hs__a22oi_1)
   0.09    2.56 ^ _21309_/Y (sky130_fd_sc_hs__nor2_1)
   0.06    2.62 v _21313_/Y (sky130_fd_sc_hs__a2111oi_1)
   0.67    3.29 ^ _21329_/Y (sky130_fd_sc_hs__a311oi_1)
   0.26    3.55 ^ place690/X (sky130_fd_sc_hs__buf_1)
   0.32    3.87 v _22653_/X (sky130_fd_sc_hs__xnor3_1)
   0.11    3.99 v _22654_/Y (sky130_fd_sc_hs__xnor2_1)
   0.42    4.41 ^ _22656_/Y (sky130_fd_sc_hs__o21ai_1)
   0.11    4.52 v _22659_/Y (sky130_fd_sc_hs__a211oi_1)
   0.19    4.71 ^ _22661_/Y (sky130_fd_sc_hs__a211oi_1)
   0.00    4.71 ^ state_reg[5]$_DFFE_PN0P_/D (sky130_fd_sc_hs__dfrtp_2)
           4.71   data arrival time

  10.00   10.00   clock clk (rise edge)
   0.00   10.00   clock source latency
   0.00   10.00 ^ clk (in)
   0.12   10.12 ^ clkbuf_0_clk/X (sky130_fd_sc_hs__clkbuf_16)
   0.17   10.30 ^ clkbuf_2_1__f_clk/X (sky130_fd_sc_hs__clkbuf_16)
   0.14   10.43 ^ clkbuf_leaf_9_clk/X (sky130_fd_sc_hs__clkbuf_16)
   0.00   10.43 ^ state_reg[5]$_DFFE_PN0P_/CLK (sky130_fd_sc_hs__dfrtp_2)
  -0.20   10.23   clock uncertainty
   0.00   10.23   clock reconvergence pessimism
  -0.16   10.07   library setup time
          10.07   data required time
---------------------------------------------------------
          10.07   data required time
          -4.71   data arrival time
---------------------------------------------------------
           5.36   slack (MET)



==========================================================================
finish report_checks -path_delay min reg to reg
--------------------------------------------------------------------------
Startpoint: u_controller.round[3]$_DFFE_PN0P_
            (rising edge-triggered flip-flop clocked by clk)
Endpoint: u_controller.round[3]$_DFFE_PN0P_
          (rising edge-triggered flip-flop clocked by clk)
Path Group: clk
Path Type: min

  Delay    Time   Description
---------------------------------------------------------
   0.00    0.00   clock clk (rise edge)
   0.00    0.00   clock source latency
   0.00    0.00 ^ clk (in)
   0.12    0.12 ^ clkbuf_0_clk/X (sky130_fd_sc_hs__clkbuf_16)
   0.17    0.30 ^ clkbuf_2_1__f_clk/X (sky130_fd_sc_hs__clkbuf_16)
   0.14    0.43 ^ clkbuf_leaf_11_clk/X (sky130_fd_sc_hs__clkbuf_16)
   0.00    0.44 ^ u_controller.round[3]$_DFFE_PN0P_/CLK (sky130_fd_sc_hs__dfrtp_1)
   0.22    0.66 ^ u_controller.round[3]$_DFFE_PN0P_/Q (sky130_fd_sc_hs__dfrtp_1)
   0.06    0.72 v _25391_/Y (sky130_fd_sc_hs__xnor2_1)
   0.07    0.79 ^ _25392_/Y (sky130_fd_sc_hs__nor2_1)
   0.00    0.79 ^ u_controller.round[3]$_DFFE_PN0P_/D (sky130_fd_sc_hs__dfrtp_1)
           0.79   data arrival time

   0.00    0.00   clock clk (rise edge)
   0.00    0.00   clock source latency
   0.00    0.00 ^ clk (in)
   0.12    0.12 ^ clkbuf_0_clk/X (sky130_fd_sc_hs__clkbuf_16)
   0.17    0.30 ^ clkbuf_2_1__f_clk/X (sky130_fd_sc_hs__clkbuf_16)
   0.14    0.43 ^ clkbuf_leaf_11_clk/X (sky130_fd_sc_hs__clkbuf_16)
   0.00    0.44 ^ u_controller.round[3]$_DFFE_PN0P_/CLK (sky130_fd_sc_hs__dfrtp_1)
   0.20    0.64   clock uncertainty
   0.00    0.64   clock reconvergence pessimism
  -0.03    0.60   library hold time
           0.60   data required time
---------------------------------------------------------
           0.60   data required time
          -0.79   data arrival time
---------------------------------------------------------
           0.19   slack (MET)



==========================================================================
finish critical path target clock latency max path
--------------------------------------------------------------------------
0.4340

==========================================================================
finish critical path target clock latency min path
--------------------------------------------------------------------------
0.4355

==========================================================================
finish critical path source clock latency min path
--------------------------------------------------------------------------
0.0000

==========================================================================
finish critical path delay
--------------------------------------------------------------------------
4.7084

==========================================================================
finish critical path slack
--------------------------------------------------------------------------
5.3619

==========================================================================
finish slack div critical path delay
--------------------------------------------------------------------------
113.879449

==========================================================================
finish report_power
--------------------------------------------------------------------------
Group                  Internal  Switching    Leakage      Total
                          Power      Power      Power      Power (Watts)
----------------------------------------------------------------
Sequential             3.65e-03   5.48e-03   1.60e-07   9.13e-03   8.8%
Combinational          5.87e-02   3.41e-02   8.25e-07   9.28e-02  89.5%
Clock                  9.27e-04   8.16e-04   1.08e-08   1.74e-03   1.7%
Macro                  0.00e+00   0.00e+00   0.00e+00   0.00e+00   0.0%
Pad                    0.00e+00   0.00e+00   0.00e+00   0.00e+00   0.0%
----------------------------------------------------------------
Total                  6.32e-02   4.04e-02   9.96e-07   1.04e-01 100.0%
                          61.0%      39.0%       0.0%
