
==========================================================================
detailed place report_tns
--------------------------------------------------------------------------
tns max 0.00

==========================================================================
detailed place report_wns
--------------------------------------------------------------------------
wns max 0.00

==========================================================================
detailed place report_worst_slack
--------------------------------------------------------------------------
worst slack max 5.82

==========================================================================
detailed place report_clock_min_period
--------------------------------------------------------------------------
clk period_min = 4.18 fmax = 239.07

==========================================================================
detailed place report_checks -path_delay min
--------------------------------------------------------------------------
Startpoint: u_controller.round[3]$_DFFE_PN0P_
            (rising edge-triggered flip-flop clocked by clk)
Endpoint: u_controller.round[3]$_DFFE_PN0P_
          (rising edge-triggered flip-flop clocked by clk)
Path Group: clk
Path Type: min

Fanout     Cap    Slew   Delay    Time   Description
-----------------------------------------------------------------------------
                  0.00    0.00    0.00   clock clk (rise edge)
                          0.00    0.00   clock network delay (ideal)
                  0.00    0.00    0.00 ^ u_controller.round[3]$_DFFE_PN0P_/CLK (sky130_fd_sc_hs__dfrtp_1)
     2    0.01    0.07    0.20    0.20 ^ u_controller.round[3]$_DFFE_PN0P_/Q (sky130_fd_sc_hs__dfrtp_1)
                                         round[3] (net)
                  0.07    0.00    0.20 ^ _25391_/A (sky130_fd_sc_hs__xnor2_1)
     1    0.00    0.03    0.06    0.26 v _25391_/Y (sky130_fd_sc_hs__xnor2_1)
                                         _03969_ (net)
                  0.03    0.00    0.26 v _25392_/B (sky130_fd_sc_hs__nor2_1)
     1    0.00    0.07    0.06    0.33 ^ _25392_/Y (sky130_fd_sc_hs__nor2_1)
                                         _00282_ (net)
                  0.07    0.00    0.33 ^ u_controller.round[3]$_DFFE_PN0P_/D (sky130_fd_sc_hs__dfrtp_1)
                                  0.33   data arrival time

                  0.00    0.00    0.00   clock clk (rise edge)
                          0.00    0.00   clock network delay (ideal)
                          0.20    0.20   clock uncertainty
                          0.00    0.20   clock reconvergence pessimism
                                  0.20 ^ u_controller.round[3]$_DFFE_PN0P_/CLK (sky130_fd_sc_hs__dfrtp_1)
                         -0.04    0.16   library hold time
                                  0.16   data required time
-----------------------------------------------------------------------------
                                  0.16   data required time
                                 -0.33   data arrival time
-----------------------------------------------------------------------------
                                  0.17   slack (MET)



==========================================================================
detailed place report_checks -path_delay max
--------------------------------------------------------------------------
Startpoint: state_reg[28]$_DFFE_PN0P_
            (rising edge-triggered flip-flop clocked by clk)
Endpoint: state_reg[5]$_DFFE_PN0P_
          (rising edge-triggered flip-flop clocked by clk)
Path Group: clk
Path Type: max

Fanout     Cap    Slew   Delay    Time   Description
-----------------------------------------------------------------------------
                  0.00    0.00    0.00   clock clk (rise edge)
                          0.00    0.00   clock network delay (ideal)
                  0.00    0.00    0.00 ^ state_reg[28]$_DFFE_PN0P_/CLK (sky130_fd_sc_hs__dfrtp_2)
    38    0.15    0.49    0.49    0.49 ^ state_reg[28]$_DFFE_PN0P_/Q (sky130_fd_sc_hs__dfrtp_2)
                                         net308 (net)
                  0.49    0.01    0.50 ^ place884/A (sky130_fd_sc_hs__buf_2)
    45    0.19    0.79    0.62    1.12 ^ place884/X (sky130_fd_sc_hs__buf_2)
                                         net884 (net)
                  0.79    0.01    1.12 ^ _20329_/B (sky130_fd_sc_hs__nand2b_1)
    13    0.06    0.41    0.44    1.56 v _20329_/Y (sky130_fd_sc_hs__nand2b_1)
                                         _10996_ (net)
                  0.41    0.00    1.57 v _21305_/A2 (sky130_fd_sc_hs__o21ai_1)
     1    0.00    0.15    0.21    1.78 ^ _21305_/Y (sky130_fd_sc_hs__o21ai_1)
                                         _12068_ (net)
                  0.15    0.00    1.78 ^ _21308_/A2 (sky130_fd_sc_hs__a22oi_1)
     1    0.00    0.12    0.08    1.86 v _21308_/Y (sky130_fd_sc_hs__a22oi_1)
                                         _12071_ (net)
                  0.12    0.00    1.86 v _21309_/B (sky130_fd_sc_hs__nor2_1)
     1    0.00    0.09    0.09    1.95 ^ _21309_/Y (sky130_fd_sc_hs__nor2_1)
                                         _12072_ (net)
                  0.09    0.00    1.95 ^ _21313_/C1 (sky130_fd_sc_hs__a2111oi_1)
     1    0.01    0.14    0.06    2.00 v _21313_/Y (sky130_fd_sc_hs__a2111oi_1)
                                         _12077_ (net)
                  0.14    0.00    2.00 v _21329_/B1 (sky130_fd_sc_hs__a311oi_1)
     1    0.02    0.56    0.49    2.49 ^ _21329_/Y (sky130_fd_sc_hs__a311oi_1)
                                         _12094_ (net)
                  0.56    0.00    2.50 ^ place690/A (sky130_fd_sc_hs__buf_1)
     4    0.03    0.23    0.24    2.74 ^ place690/X (sky130_fd_sc_hs__buf_1)
                                         net690 (net)
                  0.23    0.00    2.74 ^ _22653_/A (sky130_fd_sc_hs__xnor3_1)
     1    0.01    0.07    0.31    3.05 v _22653_/X (sky130_fd_sc_hs__xnor3_1)
                                         _01112_ (net)
                  0.07    0.00    3.05 v _22654_/B (sky130_fd_sc_hs__xnor2_1)
     1    0.00    0.05    0.11    3.16 v _22654_/Y (sky130_fd_sc_hs__xnor2_1)
                                         _01113_ (net)
                  0.05    0.00    3.16 v _22656_/A2 (sky130_fd_sc_hs__o21ai_1)
     2    0.03    0.46    0.36    3.53 ^ _22656_/Y (sky130_fd_sc_hs__o21ai_1)
                                         _01115_ (net)
                  0.46    0.00    3.53 ^ _22659_/A2 (sky130_fd_sc_hs__a211oi_1)
     1    0.00    0.10    0.10    3.63 v _22659_/Y (sky130_fd_sc_hs__a211oi_1)
                                         _01118_ (net)
                  0.10    0.00    3.63 v _22661_/B1 (sky130_fd_sc_hs__a211oi_1)
     1    0.00    0.16    0.18    3.81 ^ _22661_/Y (sky130_fd_sc_hs__a211oi_1)
                                         _00127_ (net)
                  0.16    0.00    3.81 ^ state_reg[5]$_DFFE_PN0P_/D (sky130_fd_sc_hs__dfrtp_2)
                                  3.81   data arrival time

                  0.00   10.00   10.00   clock clk (rise edge)
                          0.00   10.00   clock network delay (ideal)
                         -0.20    9.80   clock uncertainty
                          0.00    9.80   clock reconvergence pessimism
                                  9.80 ^ state_reg[5]$_DFFE_PN0P_/CLK (sky130_fd_sc_hs__dfrtp_2)
                         -0.17    9.63   library setup time
                                  9.63   data required time
-----------------------------------------------------------------------------
                                  9.63   data required time
                                 -3.81   data arrival time
-----------------------------------------------------------------------------
                                  5.82   slack (MET)



==========================================================================
detailed place report_checks -unconstrained
--------------------------------------------------------------------------
Startpoint: state_reg[28]$_DFFE_PN0P_
            (rising edge-triggered flip-flop clocked by clk)
Endpoint: state_reg[5]$_DFFE_PN0P_
          (rising edge-triggered flip-flop clocked by clk)
Path Group: clk
Path Type: max

Fanout     Cap    Slew   Delay    Time   Description
-----------------------------------------------------------------------------
                  0.00    0.00    0.00   clock clk (rise edge)
                          0.00    0.00   clock network delay (ideal)
                  0.00    0.00    0.00 ^ state_reg[28]$_DFFE_PN0P_/CLK (sky130_fd_sc_hs__dfrtp_2)
    38    0.15    0.49    0.49    0.49 ^ state_reg[28]$_DFFE_PN0P_/Q (sky130_fd_sc_hs__dfrtp_2)
                                         net308 (net)
                  0.49    0.01    0.50 ^ place884/A (sky130_fd_sc_hs__buf_2)
    45    0.19    0.79    0.62    1.12 ^ place884/X (sky130_fd_sc_hs__buf_2)
                                         net884 (net)
                  0.79    0.01    1.12 ^ _20329_/B (sky130_fd_sc_hs__nand2b_1)
    13    0.06    0.41    0.44    1.56 v _20329_/Y (sky130_fd_sc_hs__nand2b_1)
                                         _10996_ (net)
                  0.41    0.00    1.57 v _21305_/A2 (sky130_fd_sc_hs__o21ai_1)
     1    0.00    0.15    0.21    1.78 ^ _21305_/Y (sky130_fd_sc_hs__o21ai_1)
                                         _12068_ (net)
                  0.15    0.00    1.78 ^ _21308_/A2 (sky130_fd_sc_hs__a22oi_1)
     1    0.00    0.12    0.08    1.86 v _21308_/Y (sky130_fd_sc_hs__a22oi_1)
                                         _12071_ (net)
                  0.12    0.00    1.86 v _21309_/B (sky130_fd_sc_hs__nor2_1)
     1    0.00    0.09    0.09    1.95 ^ _21309_/Y (sky130_fd_sc_hs__nor2_1)
                                         _12072_ (net)
                  0.09    0.00    1.95 ^ _21313_/C1 (sky130_fd_sc_hs__a2111oi_1)
     1    0.01    0.14    0.06    2.00 v _21313_/Y (sky130_fd_sc_hs__a2111oi_1)
                                         _12077_ (net)
                  0.14    0.00    2.00 v _21329_/B1 (sky130_fd_sc_hs__a311oi_1)
     1    0.02    0.56    0.49    2.49 ^ _21329_/Y (sky130_fd_sc_hs__a311oi_1)
                                         _12094_ (net)
                  0.56    0.00    2.50 ^ place690/A (sky130_fd_sc_hs__buf_1)
     4    0.03    0.23    0.24    2.74 ^ place690/X (sky130_fd_sc_hs__buf_1)
                                         net690 (net)
                  0.23    0.00    2.74 ^ _22653_/A (sky130_fd_sc_hs__xnor3_1)
     1    0.01    0.07    0.31    3.05 v _22653_/X (sky130_fd_sc_hs__xnor3_1)
                                         _01112_ (net)
                  0.07    0.00    3.05 v _22654_/B (sky130_fd_sc_hs__xnor2_1)
     1    0.00    0.05    0.11    3.16 v _22654_/Y (sky130_fd_sc_hs__xnor2_1)
                                         _01113_ (net)
                  0.05    0.00    3.16 v _22656_/A2 (sky130_fd_sc_hs__o21ai_1)
     2    0.03    0.46    0.36    3.53 ^ _22656_/Y (sky130_fd_sc_hs__o21ai_1)
                                         _01115_ (net)
                  0.46    0.00    3.53 ^ _22659_/A2 (sky130_fd_sc_hs__a211oi_1)
     1    0.00    0.10    0.10    3.63 v _22659_/Y (sky130_fd_sc_hs__a211oi_1)
                                         _01118_ (net)
                  0.10    0.00    3.63 v _22661_/B1 (sky130_fd_sc_hs__a211oi_1)
     1    0.00    0.16    0.18    3.81 ^ _22661_/Y (sky130_fd_sc_hs__a211oi_1)
                                         _00127_ (net)
                  0.16    0.00    3.81 ^ state_reg[5]$_DFFE_PN0P_/D (sky130_fd_sc_hs__dfrtp_2)
                                  3.81   data arrival time

                  0.00   10.00   10.00   clock clk (rise edge)
                          0.00   10.00   clock network delay (ideal)
                         -0.20    9.80   clock uncertainty
                          0.00    9.80   clock reconvergence pessimism
                                  9.80 ^ state_reg[5]$_DFFE_PN0P_/CLK (sky130_fd_sc_hs__dfrtp_2)
                         -0.17    9.63   library setup time
                                  9.63   data required time
-----------------------------------------------------------------------------
                                  9.63   data required time
                                 -3.81   data arrival time
-----------------------------------------------------------------------------
                                  5.82   slack (MET)



==========================================================================
detailed place report_check_types -max_slew -max_cap -max_fanout -violators
--------------------------------------------------------------------------

==========================================================================
detailed place max_slew_check_slack
--------------------------------------------------------------------------
0.16454005241394043

==========================================================================
detailed place max_slew_check_limit
--------------------------------------------------------------------------
1.0

==========================================================================
detailed place max_slew_check_slack_limit
--------------------------------------------------------------------------
0.1645

==========================================================================
detailed place max_fanout_check_slack
--------------------------------------------------------------------------
1.0000000150474662e+30

==========================================================================
detailed place max_fanout_check_limit
--------------------------------------------------------------------------
1.0000000150474662e+30

==========================================================================
detailed place max_capacitance_check_slack
--------------------------------------------------------------------------
0.006564633920788765

==========================================================================
detailed place max_capacitance_check_limit
--------------------------------------------------------------------------
0.040049999952316284

==========================================================================
detailed place max_capacitance_check_slack_limit
--------------------------------------------------------------------------
0.1639

==========================================================================
detailed place max_slew_violation_count
--------------------------------------------------------------------------
max slew violation count 0

==========================================================================
detailed place max_fanout_violation_count
--------------------------------------------------------------------------
max fanout violation count 0

==========================================================================
detailed place max_cap_violation_count
--------------------------------------------------------------------------
max cap violation count 0

==========================================================================
detailed place setup_violation_count
--------------------------------------------------------------------------
setup violation count 0

==========================================================================
detailed place hold_violation_count
--------------------------------------------------------------------------
hold violation count 0

==========================================================================
detailed place report_checks -path_delay max reg to reg
--------------------------------------------------------------------------
Startpoint: state_reg[28]$_DFFE_PN0P_
            (rising edge-triggered flip-flop clocked by clk)
Endpoint: state_reg[5]$_DFFE_PN0P_
          (rising edge-triggered flip-flop clocked by clk)
Path Group: clk
Path Type: max

  Delay    Time   Description
---------------------------------------------------------
   0.00    0.00   clock clk (rise edge)
   0.00    0.00   clock network delay (ideal)
   0.00    0.00 ^ state_reg[28]$_DFFE_PN0P_/CLK (sky130_fd_sc_hs__dfrtp_2)
   0.49    0.49 ^ state_reg[28]$_DFFE_PN0P_/Q (sky130_fd_sc_hs__dfrtp_2)
   0.63    1.12 ^ place884/X (sky130_fd_sc_hs__buf_2)
   0.45    1.56 v _20329_/Y (sky130_fd_sc_hs__nand2b_1)
   0.22    1.78 ^ _21305_/Y (sky130_fd_sc_hs__o21ai_1)
   0.08    1.86 v _21308_/Y (sky130_fd_sc_hs__a22oi_1)
   0.09    1.95 ^ _21309_/Y (sky130_fd_sc_hs__nor2_1)
   0.06    2.00 v _21313_/Y (sky130_fd_sc_hs__a2111oi_1)
   0.49    2.49 ^ _21329_/Y (sky130_fd_sc_hs__a311oi_1)
   0.24    2.74 ^ place690/X (sky130_fd_sc_hs__buf_1)
   0.31    3.05 v _22653_/X (sky130_fd_sc_hs__xnor3_1)
   0.11    3.16 v _22654_/Y (sky130_fd_sc_hs__xnor2_1)
   0.36    3.53 ^ _22656_/Y (sky130_fd_sc_hs__o21ai_1)
   0.10    3.63 v _22659_/Y (sky130_fd_sc_hs__a211oi_1)
   0.18    3.81 ^ _22661_/Y (sky130_fd_sc_hs__a211oi_1)
   0.00    3.81 ^ state_reg[5]$_DFFE_PN0P_/D (sky130_fd_sc_hs__dfrtp_2)
           3.81   data arrival time

  10.00   10.00   clock clk (rise edge)
   0.00   10.00   clock network delay (ideal)
  -0.20    9.80   clock uncertainty
   0.00    9.80   clock reconvergence pessimism
           9.80 ^ state_reg[5]$_DFFE_PN0P_/CLK (sky130_fd_sc_hs__dfrtp_2)
  -0.17    9.63   library setup time
           9.63   data required time
---------------------------------------------------------
           9.63   data required time
          -3.81   data arrival time
---------------------------------------------------------
           5.82   slack (MET)



==========================================================================
detailed place report_checks -path_delay min reg to reg
--------------------------------------------------------------------------
Startpoint: u_controller.round[3]$_DFFE_PN0P_
            (rising edge-triggered flip-flop clocked by clk)
Endpoint: u_controller.round[3]$_DFFE_PN0P_
          (rising edge-triggered flip-flop clocked by clk)
Path Group: clk
Path Type: min

  Delay    Time   Description
---------------------------------------------------------
   0.00    0.00   clock clk (rise edge)
   0.00    0.00   clock network delay (ideal)
   0.00    0.00 ^ u_controller.round[3]$_DFFE_PN0P_/CLK (sky130_fd_sc_hs__dfrtp_1)
   0.20    0.20 ^ u_controller.round[3]$_DFFE_PN0P_/Q (sky130_fd_sc_hs__dfrtp_1)
   0.06    0.26 v _25391_/Y (sky130_fd_sc_hs__xnor2_1)
   0.06    0.33 ^ _25392_/Y (sky130_fd_sc_hs__nor2_1)
   0.00    0.33 ^ u_controller.round[3]$_DFFE_PN0P_/D (sky130_fd_sc_hs__dfrtp_1)
           0.33   data arrival time

   0.00    0.00   clock clk (rise edge)
   0.00    0.00   clock network delay (ideal)
   0.20    0.20   clock uncertainty
   0.00    0.20   clock reconvergence pessimism
           0.20 ^ u_controller.round[3]$_DFFE_PN0P_/CLK (sky130_fd_sc_hs__dfrtp_1)
  -0.04    0.16   library hold time
           0.16   data required time
---------------------------------------------------------
           0.16   data required time
          -0.33   data arrival time
---------------------------------------------------------
           0.17   slack (MET)



==========================================================================
detailed place critical path target clock latency max path
--------------------------------------------------------------------------
0.0000

==========================================================================
detailed place critical path target clock latency min path
--------------------------------------------------------------------------
0.0000

==========================================================================
detailed place critical path source clock latency min path
--------------------------------------------------------------------------
0.0000

==========================================================================
detailed place critical path delay
--------------------------------------------------------------------------
3.8102

==========================================================================
detailed place critical path slack
--------------------------------------------------------------------------
5.8171

==========================================================================
detailed place slack div critical path delay
--------------------------------------------------------------------------
152.671776

==========================================================================
detailed place report_power
--------------------------------------------------------------------------
Group                  Internal  Switching    Leakage      Total
                          Power      Power      Power      Power (Watts)
----------------------------------------------------------------
Sequential             3.82e-03   4.77e-03   1.60e-07   8.59e-03   8.9%
Combinational          5.78e-02   2.98e-02   8.25e-07   8.76e-02  91.1%
Clock                  0.00e+00   0.00e+00   0.00e+00   0.00e+00   0.0%
Macro                  0.00e+00   0.00e+00   0.00e+00   0.00e+00   0.0%
Pad                    0.00e+00   0.00e+00   0.00e+00   0.00e+00   0.0%
----------------------------------------------------------------
Total                  6.16e-02   3.45e-02   9.85e-07   9.61e-02 100.0%
                          64.1%      35.9%       0.0%
