
==========================================================================
global place report_tns
--------------------------------------------------------------------------
tns max 0.00

==========================================================================
global place report_wns
--------------------------------------------------------------------------
wns max 0.00

==========================================================================
global place report_worst_slack
--------------------------------------------------------------------------
worst slack max 5.79

==========================================================================
global place report_clock_min_period
--------------------------------------------------------------------------
clk period_min = 4.21 fmax = 237.44

==========================================================================
global place report_checks -path_delay min
--------------------------------------------------------------------------
Startpoint: u_controller.round[3]$_DFFE_PN0P_
            (rising edge-triggered flip-flop clocked by clk)
Endpoint: u_controller.round[3]$_DFFE_PN0P_
          (rising edge-triggered flip-flop clocked by clk)
Path Group: clk
Path Type: min

Fanout     Cap    Slew   Delay    Time   Description
-----------------------------------------------------------------------------
                  0.00    0.00    0.00   clock clk (rise edge)
                          0.00    0.00   clock network delay (ideal)
                  0.00    0.00    0.00 ^ u_controller.round[3]$_DFFE_PN0P_/CLK (sky130_fd_sc_hs__dfrtp_1)
     2    0.01    0.07    0.20    0.20 ^ u_controller.round[3]$_DFFE_PN0P_/Q (sky130_fd_sc_hs__dfrtp_1)
                                         round[3] (net)
                  0.07    0.00    0.20 ^ _25391_/A (sky130_fd_sc_hs__xnor2_1)
     1    0.00    0.03    0.06    0.26 v _25391_/Y (sky130_fd_sc_hs__xnor2_1)
                                         _03969_ (net)
                  0.03    0.00    0.26 v _25392_/B (sky130_fd_sc_hs__nor2_1)
     1    0.00    0.05    0.05    0.31 ^ _25392_/Y (sky130_fd_sc_hs__nor2_1)
                                         _00282_ (net)
                  0.05    0.00    0.31 ^ u_controller.round[3]$_DFFE_PN0P_/D (sky130_fd_sc_hs__dfrtp_1)
                                  0.31   data arrival time

                  0.00    0.00    0.00   clock clk (rise edge)
                          0.00    0.00   clock network delay (ideal)
                          0.20    0.20   clock uncertainty
                          0.00    0.20   clock reconvergence pessimism
                                  0.20 ^ u_controller.round[3]$_DFFE_PN0P_/CLK (sky130_fd_sc_hs__dfrtp_1)
                         -0.04    0.16   library hold time
                                  0.16   data required time
-----------------------------------------------------------------------------
                                  0.16   data required time
                                 -0.31   data arrival time
-----------------------------------------------------------------------------
                                  0.15   slack (MET)



==========================================================================
global place report_checks -path_delay max
--------------------------------------------------------------------------
Startpoint: state_reg[28]$_DFFE_PN0P_
            (rising edge-triggered flip-flop clocked by clk)
Endpoint: state_reg[5]$_DFFE_PN0P_
          (rising edge-triggered flip-flop clocked by clk)
Path Group: clk
Path Type: max

Fanout     Cap    Slew   Delay    Time   Description
-----------------------------------------------------------------------------
                  0.00    0.00    0.00   clock clk (rise edge)
                          0.00    0.00   clock network delay (ideal)
                  0.00    0.00    0.00 ^ state_reg[28]$_DFFE_PN0P_/CLK (sky130_fd_sc_hs__dfrtp_2)
    38    0.14    0.46    0.47    0.47 ^ state_reg[28]$_DFFE_PN0P_/Q (sky130_fd_sc_hs__dfrtp_2)
                                         net308 (net)
                  0.46    0.00    0.47 ^ place884/A (sky130_fd_sc_hs__buf_2)
    45    0.18    0.75    0.59    1.07 ^ place884/X (sky130_fd_sc_hs__buf_2)
                                         net884 (net)
                  0.75    0.01    1.07 ^ _20329_/B (sky130_fd_sc_hs__nand2b_1)
    13    0.07    0.42    0.45    1.52 v _20329_/Y (sky130_fd_sc_hs__nand2b_1)
                                         _10996_ (net)
                  0.42    0.00    1.53 v _21298_/B1 (sky130_fd_sc_hs__o22ai_1)
     1    0.01    0.17    0.20    1.73 ^ _21298_/Y (sky130_fd_sc_hs__o22ai_1)
                                         _12060_ (net)
                  0.17    0.00    1.73 ^ _21299_/B (sky130_fd_sc_hs__nand2_1)
     1    0.01    0.11    0.07    1.79 v _21299_/Y (sky130_fd_sc_hs__nand2_1)
                                         _12061_ (net)
                  0.11    0.00    1.79 v _21303_/A1 (sky130_fd_sc_hs__a21oi_1)
     1    0.00    0.13    0.12    1.91 ^ _21303_/Y (sky130_fd_sc_hs__a21oi_1)
                                         _12066_ (net)
                  0.13    0.00    1.91 ^ _21313_/B1 (sky130_fd_sc_hs__a2111oi_1)
     1    0.01    0.15    0.07    1.98 v _21313_/Y (sky130_fd_sc_hs__a2111oi_1)
                                         _12077_ (net)
                  0.15    0.00    1.98 v _21329_/B1 (sky130_fd_sc_hs__a311oi_1)
     1    0.02    0.60    0.52    2.51 ^ _21329_/Y (sky130_fd_sc_hs__a311oi_1)
                                         _12094_ (net)
                  0.61    0.00    2.51 ^ place690/A (sky130_fd_sc_hs__buf_1)
     4    0.03    0.20    0.23    2.73 ^ place690/X (sky130_fd_sc_hs__buf_1)
                                         net690 (net)
                  0.20    0.00    2.74 ^ _22653_/A (sky130_fd_sc_hs__xnor3_1)
     1    0.01    0.08    0.32    3.06 v _22653_/X (sky130_fd_sc_hs__xnor3_1)
                                         _01112_ (net)
                  0.08    0.00    3.06 v _22654_/B (sky130_fd_sc_hs__xnor2_1)
     1    0.00    0.06    0.12    3.18 v _22654_/Y (sky130_fd_sc_hs__xnor2_1)
                                         _01113_ (net)
                  0.06    0.00    3.18 v _22656_/A2 (sky130_fd_sc_hs__o21ai_1)
     2    0.03    0.47    0.37    3.55 ^ _22656_/Y (sky130_fd_sc_hs__o21ai_1)
                                         _01115_ (net)
                  0.47    0.00    3.55 ^ _22659_/A2 (sky130_fd_sc_hs__a211oi_1)
     1    0.00    0.10    0.10    3.65 v _22659_/Y (sky130_fd_sc_hs__a211oi_1)
                                         _01118_ (net)
                  0.10    0.00    3.65 v _22661_/B1 (sky130_fd_sc_hs__a211oi_1)
     1    0.00    0.17    0.18    3.84 ^ _22661_/Y (sky130_fd_sc_hs__a211oi_1)
                                         _00127_ (net)
                  0.17    0.00    3.84 ^ state_reg[5]$_DFFE_PN0P_/D (sky130_fd_sc_hs__dfrtp_2)
                                  3.84   data arrival time

                  0.00   10.00   10.00   clock clk (rise edge)
                          0.00   10.00   clock network delay (ideal)
                         -0.20    9.80   clock uncertainty
                          0.00    9.80   clock reconvergence pessimism
                                  9.80 ^ state_reg[5]$_DFFE_PN0P_/CLK (sky130_fd_sc_hs__dfrtp_2)
                         -0.17    9.63   library setup time
                                  9.63   data required time
-----------------------------------------------------------------------------
                                  9.63   data required time
                                 -3.84   data arrival time
-----------------------------------------------------------------------------
                                  5.79   slack (MET)



==========================================================================
global place report_checks -unconstrained
--------------------------------------------------------------------------
Startpoint: state_reg[28]$_DFFE_PN0P_
            (rising edge-triggered flip-flop clocked by clk)
Endpoint: state_reg[5]$_DFFE_PN0P_
          (rising edge-triggered flip-flop clocked by clk)
Path Group: clk
Path Type: max

Fanout     Cap    Slew   Delay    Time   Description
-----------------------------------------------------------------------------
                  0.00    0.00    0.00   clock clk (rise edge)
                          0.00    0.00   clock network delay (ideal)
                  0.00    0.00    0.00 ^ state_reg[28]$_DFFE_PN0P_/CLK (sky130_fd_sc_hs__dfrtp_2)
    38    0.14    0.46    0.47    0.47 ^ state_reg[28]$_DFFE_PN0P_/Q (sky130_fd_sc_hs__dfrtp_2)
                                         net308 (net)
                  0.46    0.00    0.47 ^ place884/A (sky130_fd_sc_hs__buf_2)
    45    0.18    0.75    0.59    1.07 ^ place884/X (sky130_fd_sc_hs__buf_2)
                                         net884 (net)
                  0.75    0.01    1.07 ^ _20329_/B (sky130_fd_sc_hs__nand2b_1)
    13    0.07    0.42    0.45    1.52 v _20329_/Y (sky130_fd_sc_hs__nand2b_1)
                                         _10996_ (net)
                  0.42    0.00    1.53 v _21298_/B1 (sky130_fd_sc_hs__o22ai_1)
     1    0.01    0.17    0.20    1.73 ^ _21298_/Y (sky130_fd_sc_hs__o22ai_1)
                                         _12060_ (net)
                  0.17    0.00    1.73 ^ _21299_/B (sky130_fd_sc_hs__nand2_1)
     1    0.01    0.11    0.07    1.79 v _21299_/Y (sky130_fd_sc_hs__nand2_1)
                                         _12061_ (net)
                  0.11    0.00    1.79 v _21303_/A1 (sky130_fd_sc_hs__a21oi_1)
     1    0.00    0.13    0.12    1.91 ^ _21303_/Y (sky130_fd_sc_hs__a21oi_1)
                                         _12066_ (net)
                  0.13    0.00    1.91 ^ _21313_/B1 (sky130_fd_sc_hs__a2111oi_1)
     1    0.01    0.15    0.07    1.98 v _21313_/Y (sky130_fd_sc_hs__a2111oi_1)
                                         _12077_ (net)
                  0.15    0.00    1.98 v _21329_/B1 (sky130_fd_sc_hs__a311oi_1)
     1    0.02    0.60    0.52    2.51 ^ _21329_/Y (sky130_fd_sc_hs__a311oi_1)
                                         _12094_ (net)
                  0.61    0.00    2.51 ^ place690/A (sky130_fd_sc_hs__buf_1)
     4    0.03    0.20    0.23    2.73 ^ place690/X (sky130_fd_sc_hs__buf_1)
                                         net690 (net)
                  0.20    0.00    2.74 ^ _22653_/A (sky130_fd_sc_hs__xnor3_1)
     1    0.01    0.08    0.32    3.06 v _22653_/X (sky130_fd_sc_hs__xnor3_1)
                                         _01112_ (net)
                  0.08    0.00    3.06 v _22654_/B (sky130_fd_sc_hs__xnor2_1)
     1    0.00    0.06    0.12    3.18 v _22654_/Y (sky130_fd_sc_hs__xnor2_1)
                                         _01113_ (net)
                  0.06    0.00    3.18 v _22656_/A2 (sky130_fd_sc_hs__o21ai_1)
     2    0.03    0.47    0.37    3.55 ^ _22656_/Y (sky130_fd_sc_hs__o21ai_1)
                                         _01115_ (net)
                  0.47    0.00    3.55 ^ _22659_/A2 (sky130_fd_sc_hs__a211oi_1)
     1    0.00    0.10    0.10    3.65 v _22659_/Y (sky130_fd_sc_hs__a211oi_1)
                                         _01118_ (net)
                  0.10    0.00    3.65 v _22661_/B1 (sky130_fd_sc_hs__a211oi_1)
     1    0.00    0.17    0.18    3.84 ^ _22661_/Y (sky130_fd_sc_hs__a211oi_1)
                                         _00127_ (net)
                  0.17    0.00    3.84 ^ state_reg[5]$_DFFE_PN0P_/D (sky130_fd_sc_hs__dfrtp_2)
                                  3.84   data arrival time

                  0.00   10.00   10.00   clock clk (rise edge)
                          0.00   10.00   clock network delay (ideal)
                         -0.20    9.80   clock uncertainty
                          0.00    9.80   clock reconvergence pessimism
                                  9.80 ^ state_reg[5]$_DFFE_PN0P_/CLK (sky130_fd_sc_hs__dfrtp_2)
                         -0.17    9.63   library setup time
                                  9.63   data required time
-----------------------------------------------------------------------------
                                  9.63   data required time
                                 -3.84   data arrival time
-----------------------------------------------------------------------------
                                  5.79   slack (MET)



==========================================================================
global place report_power
--------------------------------------------------------------------------
Group                  Internal  Switching    Leakage      Total
                          Power      Power      Power      Power (Watts)
----------------------------------------------------------------
Sequential             3.82e-03   4.73e-03   1.60e-07   8.55e-03   8.9%
Combinational          5.78e-02   2.96e-02   8.25e-07   8.74e-02  91.1%
Clock                  0.00e+00   0.00e+00   0.00e+00   0.00e+00   0.0%
Macro                  0.00e+00   0.00e+00   0.00e+00   0.00e+00   0.0%
Pad                    0.00e+00   0.00e+00   0.00e+00   0.00e+00   0.0%
----------------------------------------------------------------
Total                  6.16e-02   3.44e-02   9.85e-07   9.59e-02 100.0%
                          64.2%      35.8%       0.0%
