
==========================================================================
cts final report_tns
--------------------------------------------------------------------------
tns max 0.00

==========================================================================
cts final report_wns
--------------------------------------------------------------------------
wns max 0.00

==========================================================================
cts final report_worst_slack
--------------------------------------------------------------------------
worst slack max 5.80

==========================================================================
cts final report_clock_min_period
--------------------------------------------------------------------------
clk period_min = 4.20 fmax = 238.13

==========================================================================
cts final report_clock_skew
--------------------------------------------------------------------------
Clock clk
   0.42 source latency state_reg[77]$_DFFE_PN0P_/CLK ^
  -0.41 target latency state_reg[26]$_DFFE_PN0P_/CLK ^
   0.20 clock uncertainty
   0.00 CRPR
--------------
   0.21 setup skew


==========================================================================
cts final report_checks -path_delay min
--------------------------------------------------------------------------
Startpoint: u_controller.round[3]$_DFFE_PN0P_
            (rising edge-triggered flip-flop clocked by clk)
Endpoint: u_controller.round[3]$_DFFE_PN0P_
          (rising edge-triggered flip-flop clocked by clk)
Path Group: clk
Path Type: min

Fanout     Cap    Slew   Delay    Time   Description
-----------------------------------------------------------------------------
                          0.00    0.00   clock clk (rise edge)
                          0.00    0.00   clock source latency
     1    0.07    0.00    0.00    0.00 ^ clk (in)
                                         clk (net)
                  0.00    0.00    0.00 ^ clkbuf_0_clk/A (sky130_fd_sc_hs__clkbuf_16)
     4    0.10    0.06    0.12    0.12 ^ clkbuf_0_clk/X (sky130_fd_sc_hs__clkbuf_16)
                                         clknet_0_clk (net)
                  0.06    0.00    0.12 ^ clkbuf_2_1__f_clk/A (sky130_fd_sc_hs__clkbuf_16)
    10    0.17    0.10    0.16    0.28 ^ clkbuf_2_1__f_clk/X (sky130_fd_sc_hs__clkbuf_16)
                                         clknet_2_1__leaf_clk (net)
                  0.10    0.00    0.28 ^ clkbuf_leaf_11_clk/A (sky130_fd_sc_hs__clkbuf_16)
     9    0.06    0.05    0.13    0.41 ^ clkbuf_leaf_11_clk/X (sky130_fd_sc_hs__clkbuf_16)
                                         clknet_leaf_11_clk (net)
                  0.05    0.00    0.41 ^ u_controller.round[3]$_DFFE_PN0P_/CLK (sky130_fd_sc_hs__dfrtp_1)
     2    0.01    0.07    0.22    0.63 ^ u_controller.round[3]$_DFFE_PN0P_/Q (sky130_fd_sc_hs__dfrtp_1)
                                         round[3] (net)
                  0.07    0.00    0.63 ^ _25391_/A (sky130_fd_sc_hs__xnor2_1)
     1    0.00    0.03    0.06    0.69 v _25391_/Y (sky130_fd_sc_hs__xnor2_1)
                                         _03969_ (net)
                  0.03    0.00    0.69 v _25392_/B (sky130_fd_sc_hs__nor2_1)
     1    0.00    0.07    0.06    0.76 ^ _25392_/Y (sky130_fd_sc_hs__nor2_1)
                                         _00282_ (net)
                  0.07    0.00    0.76 ^ u_controller.round[3]$_DFFE_PN0P_/D (sky130_fd_sc_hs__dfrtp_1)
                                  0.76   data arrival time

                          0.00    0.00   clock clk (rise edge)
                          0.00    0.00   clock source latency
     1    0.07    0.00    0.00    0.00 ^ clk (in)
                                         clk (net)
                  0.00    0.00    0.00 ^ clkbuf_0_clk/A (sky130_fd_sc_hs__clkbuf_16)
     4    0.10    0.06    0.12    0.12 ^ clkbuf_0_clk/X (sky130_fd_sc_hs__clkbuf_16)
                                         clknet_0_clk (net)
                  0.06    0.00    0.12 ^ clkbuf_2_1__f_clk/A (sky130_fd_sc_hs__clkbuf_16)
    10    0.17    0.10    0.16    0.28 ^ clkbuf_2_1__f_clk/X (sky130_fd_sc_hs__clkbuf_16)
                                         clknet_2_1__leaf_clk (net)
                  0.10    0.00    0.28 ^ clkbuf_leaf_11_clk/A (sky130_fd_sc_hs__clkbuf_16)
     9    0.06    0.05    0.13    0.41 ^ clkbuf_leaf_11_clk/X (sky130_fd_sc_hs__clkbuf_16)
                                         clknet_leaf_11_clk (net)
                  0.05    0.00    0.41 ^ u_controller.round[3]$_DFFE_PN0P_/CLK (sky130_fd_sc_hs__dfrtp_1)
                          0.20    0.61   clock uncertainty
                          0.00    0.61   clock reconvergence pessimism
                         -0.03    0.58   library hold time
                                  0.58   data required time
-----------------------------------------------------------------------------
                                  0.58   data required time
                                 -0.76   data arrival time
-----------------------------------------------------------------------------
                                  0.18   slack (MET)



==========================================================================
cts final report_checks -path_delay max
--------------------------------------------------------------------------
Startpoint: state_reg[28]$_DFFE_PN0P_
            (rising edge-triggered flip-flop clocked by clk)
Endpoint: state_reg[5]$_DFFE_PN0P_
          (rising edge-triggered flip-flop clocked by clk)
Path Group: clk
Path Type: max

Fanout     Cap    Slew   Delay    Time   Description
-----------------------------------------------------------------------------
                          0.00    0.00   clock clk (rise edge)
                          0.00    0.00   clock source latency
     1    0.07    0.00    0.00    0.00 ^ clk (in)
                                         clk (net)
                  0.00    0.00    0.00 ^ clkbuf_0_clk/A (sky130_fd_sc_hs__clkbuf_16)
     4    0.10    0.06    0.12    0.12 ^ clkbuf_0_clk/X (sky130_fd_sc_hs__clkbuf_16)
                                         clknet_0_clk (net)
                  0.06    0.00    0.12 ^ clkbuf_2_0__f_clk/A (sky130_fd_sc_hs__clkbuf_16)
     9    0.16    0.09    0.16    0.28 ^ clkbuf_2_0__f_clk/X (sky130_fd_sc_hs__clkbuf_16)
                                         clknet_2_0__leaf_clk (net)
                  0.09    0.00    0.28 ^ clkbuf_leaf_27_clk/A (sky130_fd_sc_hs__clkbuf_16)
    10    0.06    0.05    0.13    0.41 ^ clkbuf_leaf_27_clk/X (sky130_fd_sc_hs__clkbuf_16)
                                         clknet_leaf_27_clk (net)
                  0.05    0.00    0.41 ^ state_reg[28]$_DFFE_PN0P_/CLK (sky130_fd_sc_hs__dfrtp_2)
    38    0.15    0.50    0.51    0.92 ^ state_reg[28]$_DFFE_PN0P_/Q (sky130_fd_sc_hs__dfrtp_2)
                                         net308 (net)
                  0.50    0.01    0.92 ^ place884/A (sky130_fd_sc_hs__buf_2)
    45    0.19    0.79    0.62    1.54 ^ place884/X (sky130_fd_sc_hs__buf_2)
                                         net884 (net)
                  0.79    0.01    1.55 ^ _20329_/B (sky130_fd_sc_hs__nand2b_1)
    13    0.06    0.41    0.44    1.99 v _20329_/Y (sky130_fd_sc_hs__nand2b_1)
                                         _10996_ (net)
                  0.41    0.00    1.99 v _21305_/A2 (sky130_fd_sc_hs__o21ai_1)
     1    0.00    0.15    0.21    2.20 ^ _21305_/Y (sky130_fd_sc_hs__o21ai_1)
                                         _12068_ (net)
                  0.15    0.00    2.20 ^ _21308_/A2 (sky130_fd_sc_hs__a22oi_1)
     1    0.00    0.13    0.08    2.28 v _21308_/Y (sky130_fd_sc_hs__a22oi_1)
                                         _12071_ (net)
                  0.13    0.00    2.28 v _21309_/B (sky130_fd_sc_hs__nor2_1)
     1    0.00    0.09    0.09    2.37 ^ _21309_/Y (sky130_fd_sc_hs__nor2_1)
                                         _12072_ (net)
                  0.09    0.00    2.37 ^ _21313_/C1 (sky130_fd_sc_hs__a2111oi_1)
     1    0.01    0.14    0.06    2.42 v _21313_/Y (sky130_fd_sc_hs__a2111oi_1)
                                         _12077_ (net)
                  0.14    0.00    2.42 v _21329_/B1 (sky130_fd_sc_hs__a311oi_1)
     1    0.02    0.56    0.49    2.91 ^ _21329_/Y (sky130_fd_sc_hs__a311oi_1)
                                         _12094_ (net)
                  0.56    0.00    2.92 ^ place690/A (sky130_fd_sc_hs__buf_1)
     4    0.03    0.23    0.24    3.16 ^ place690/X (sky130_fd_sc_hs__buf_1)
                                         net690 (net)
                  0.23    0.00    3.16 ^ _22653_/A (sky130_fd_sc_hs__xnor3_1)
     1    0.01    0.07    0.31    3.47 v _22653_/X (sky130_fd_sc_hs__xnor3_1)
                                         _01112_ (net)
                  0.07    0.00    3.47 v _22654_/B (sky130_fd_sc_hs__xnor2_1)
     1    0.00    0.06    0.11    3.58 v _22654_/Y (sky130_fd_sc_hs__xnor2_1)
                                         _01113_ (net)
                  0.06    0.00    3.58 v _22656_/A2 (sky130_fd_sc_hs__o21ai_1)
     2    0.03    0.47    0.37    3.95 ^ _22656_/Y (sky130_fd_sc_hs__o21ai_1)
                                         _01115_ (net)
                  0.47    0.00    3.96 ^ _22659_/A2 (sky130_fd_sc_hs__a211oi_1)
     1    0.00    0.10    0.10    4.06 v _22659_/Y (sky130_fd_sc_hs__a211oi_1)
                                         _01118_ (net)
                  0.10    0.00    4.06 v _22661_/B1 (sky130_fd_sc_hs__a211oi_1)
     1    0.00    0.18    0.19    4.25 ^ _22661_/Y (sky130_fd_sc_hs__a211oi_1)
                                         _00127_ (net)
                  0.18    0.00    4.25 ^ state_reg[5]$_DFFE_PN0P_/D (sky130_fd_sc_hs__dfrtp_2)
                                  4.25   data arrival time

                         10.00   10.00   clock clk (rise edge)
                          0.00   10.00   clock source latency
     1    0.07    0.00    0.00   10.00 ^ clk (in)
                                         clk (net)
                  0.00    0.00   10.00 ^ clkbuf_0_clk/A (sky130_fd_sc_hs__clkbuf_16)
     4    0.10    0.06    0.12   10.12 ^ clkbuf_0_clk/X (sky130_fd_sc_hs__clkbuf_16)
                                         clknet_0_clk (net)
                  0.06    0.00   10.12 ^ clkbuf_2_1__f_clk/A (sky130_fd_sc_hs__clkbuf_16)
    10    0.17    0.10    0.16   10.28 ^ clkbuf_2_1__f_clk/X (sky130_fd_sc_hs__clkbuf_16)
                                         clknet_2_1__leaf_clk (net)
                  0.10    0.00   10.28 ^ clkbuf_leaf_9_clk/A (sky130_fd_sc_hs__clkbuf_16)
    12    0.05    0.04    0.13   10.41 ^ clkbuf_leaf_9_clk/X (sky130_fd_sc_hs__clkbuf_16)
                                         clknet_leaf_9_clk (net)
                  0.04    0.00   10.41 ^ state_reg[5]$_DFFE_PN0P_/CLK (sky130_fd_sc_hs__dfrtp_2)
                         -0.20   10.21   clock uncertainty
                          0.00   10.21   clock reconvergence pessimism
                         -0.17   10.05   library setup time
                                 10.05   data required time
-----------------------------------------------------------------------------
                                 10.05   data required time
                                 -4.25   data arrival time
-----------------------------------------------------------------------------
                                  5.80   slack (MET)



==========================================================================
cts final report_checks -unconstrained
--------------------------------------------------------------------------
Startpoint: state_reg[28]$_DFFE_PN0P_
            (rising edge-triggered flip-flop clocked by clk)
Endpoint: state_reg[5]$_DFFE_PN0P_
          (rising edge-triggered flip-flop clocked by clk)
Path Group: clk
Path Type: max

Fanout     Cap    Slew   Delay    Time   Description
-----------------------------------------------------------------------------
                          0.00    0.00   clock clk (rise edge)
                          0.00    0.00   clock source latency
     1    0.07    0.00    0.00    0.00 ^ clk (in)
                                         clk (net)
                  0.00    0.00    0.00 ^ clkbuf_0_clk/A (sky130_fd_sc_hs__clkbuf_16)
     4    0.10    0.06    0.12    0.12 ^ clkbuf_0_clk/X (sky130_fd_sc_hs__clkbuf_16)
                                         clknet_0_clk (net)
                  0.06    0.00    0.12 ^ clkbuf_2_0__f_clk/A (sky130_fd_sc_hs__clkbuf_16)
     9    0.16    0.09    0.16    0.28 ^ clkbuf_2_0__f_clk/X (sky130_fd_sc_hs__clkbuf_16)
                                         clknet_2_0__leaf_clk (net)
                  0.09    0.00    0.28 ^ clkbuf_leaf_27_clk/A (sky130_fd_sc_hs__clkbuf_16)
    10    0.06    0.05    0.13    0.41 ^ clkbuf_leaf_27_clk/X (sky130_fd_sc_hs__clkbuf_16)
                                         clknet_leaf_27_clk (net)
                  0.05    0.00    0.41 ^ state_reg[28]$_DFFE_PN0P_/CLK (sky130_fd_sc_hs__dfrtp_2)
    38    0.15    0.50    0.51    0.92 ^ state_reg[28]$_DFFE_PN0P_/Q (sky130_fd_sc_hs__dfrtp_2)
                                         net308 (net)
                  0.50    0.01    0.92 ^ place884/A (sky130_fd_sc_hs__buf_2)
    45    0.19    0.79    0.62    1.54 ^ place884/X (sky130_fd_sc_hs__buf_2)
                                         net884 (net)
                  0.79    0.01    1.55 ^ _20329_/B (sky130_fd_sc_hs__nand2b_1)
    13    0.06    0.41    0.44    1.99 v _20329_/Y (sky130_fd_sc_hs__nand2b_1)
                                         _10996_ (net)
                  0.41    0.00    1.99 v _21305_/A2 (sky130_fd_sc_hs__o21ai_1)
     1    0.00    0.15    0.21    2.20 ^ _21305_/Y (sky130_fd_sc_hs__o21ai_1)
                                         _12068_ (net)
                  0.15    0.00    2.20 ^ _21308_/A2 (sky130_fd_sc_hs__a22oi_1)
     1    0.00    0.13    0.08    2.28 v _21308_/Y (sky130_fd_sc_hs__a22oi_1)
                                         _12071_ (net)
                  0.13    0.00    2.28 v _21309_/B (sky130_fd_sc_hs__nor2_1)
     1    0.00    0.09    0.09    2.37 ^ _21309_/Y (sky130_fd_sc_hs__nor2_1)
                                         _12072_ (net)
                  0.09    0.00    2.37 ^ _21313_/C1 (sky130_fd_sc_hs__a2111oi_1)
     1    0.01    0.14    0.06    2.42 v _21313_/Y (sky130_fd_sc_hs__a2111oi_1)
                                         _12077_ (net)
                  0.14    0.00    2.42 v _21329_/B1 (sky130_fd_sc_hs__a311oi_1)
     1    0.02    0.56    0.49    2.91 ^ _21329_/Y (sky130_fd_sc_hs__a311oi_1)
                                         _12094_ (net)
                  0.56    0.00    2.92 ^ place690/A (sky130_fd_sc_hs__buf_1)
     4    0.03    0.23    0.24    3.16 ^ place690/X (sky130_fd_sc_hs__buf_1)
                                         net690 (net)
                  0.23    0.00    3.16 ^ _22653_/A (sky130_fd_sc_hs__xnor3_1)
     1    0.01    0.07    0.31    3.47 v _22653_/X (sky130_fd_sc_hs__xnor3_1)
                                         _01112_ (net)
                  0.07    0.00    3.47 v _22654_/B (sky130_fd_sc_hs__xnor2_1)
     1    0.00    0.06    0.11    3.58 v _22654_/Y (sky130_fd_sc_hs__xnor2_1)
                                         _01113_ (net)
                  0.06    0.00    3.58 v _22656_/A2 (sky130_fd_sc_hs__o21ai_1)
     2    0.03    0.47    0.37    3.95 ^ _22656_/Y (sky130_fd_sc_hs__o21ai_1)
                                         _01115_ (net)
                  0.47    0.00    3.96 ^ _22659_/A2 (sky130_fd_sc_hs__a211oi_1)
     1    0.00    0.10    0.10    4.06 v _22659_/Y (sky130_fd_sc_hs__a211oi_1)
                                         _01118_ (net)
                  0.10    0.00    4.06 v _22661_/B1 (sky130_fd_sc_hs__a211oi_1)
     1    0.00    0.18    0.19    4.25 ^ _22661_/Y (sky130_fd_sc_hs__a211oi_1)
                                         _00127_ (net)
                  0.18    0.00    4.25 ^ state_reg[5]$_DFFE_PN0P_/D (sky130_fd_sc_hs__dfrtp_2)
                                  4.25   data arrival time

                         10.00   10.00   clock clk (rise edge)
                          0.00   10.00   clock source latency
     1    0.07    0.00    0.00   10.00 ^ clk (in)
                                         clk (net)
                  0.00    0.00   10.00 ^ clkbuf_0_clk/A (sky130_fd_sc_hs__clkbuf_16)
     4    0.10    0.06    0.12   10.12 ^ clkbuf_0_clk/X (sky130_fd_sc_hs__clkbuf_16)
                                         clknet_0_clk (net)
                  0.06    0.00   10.12 ^ clkbuf_2_1__f_clk/A (sky130_fd_sc_hs__clkbuf_16)
    10    0.17    0.10    0.16   10.28 ^ clkbuf_2_1__f_clk/X (sky130_fd_sc_hs__clkbuf_16)
                                         clknet_2_1__leaf_clk (net)
                  0.10    0.00   10.28 ^ clkbuf_leaf_9_clk/A (sky130_fd_sc_hs__clkbuf_16)
    12    0.05    0.04    0.13   10.41 ^ clkbuf_leaf_9_clk/X (sky130_fd_sc_hs__clkbuf_16)
                                         clknet_leaf_9_clk (net)
                  0.04    0.00   10.41 ^ state_reg[5]$_DFFE_PN0P_/CLK (sky130_fd_sc_hs__dfrtp_2)
                         -0.20   10.21   clock uncertainty
                          0.00   10.21   clock reconvergence pessimism
                         -0.17   10.05   library setup time
                                 10.05   data required time
-----------------------------------------------------------------------------
                                 10.05   data required time
                                 -4.25   data arrival time
-----------------------------------------------------------------------------
                                  5.80   slack (MET)



==========================================================================
cts final report_check_types -max_slew -max_cap -max_fanout -violators
--------------------------------------------------------------------------

==========================================================================
cts final max_slew_check_slack
--------------------------------------------------------------------------
0.1599239706993103

==========================================================================
cts final max_slew_check_limit
--------------------------------------------------------------------------
1.0

==========================================================================
cts final max_slew_check_slack_limit
--------------------------------------------------------------------------
0.1599

==========================================================================
cts final max_fanout_check_slack
--------------------------------------------------------------------------
1.0000000150474662e+30

==========================================================================
cts final max_fanout_check_limit
--------------------------------------------------------------------------
1.0000000150474662e+30

==========================================================================
cts final max_capacitance_check_slack
--------------------------------------------------------------------------
0.006357558071613312

==========================================================================
cts final max_capacitance_check_limit
--------------------------------------------------------------------------
0.040049999952316284

==========================================================================
cts final max_capacitance_check_slack_limit
--------------------------------------------------------------------------
0.1587

==========================================================================
cts final max_slew_violation_count
--------------------------------------------------------------------------
max slew violation count 0

==========================================================================
cts final max_fanout_violation_count
--------------------------------------------------------------------------
max fanout violation count 0

==========================================================================
cts final max_cap_violation_count
--------------------------------------------------------------------------
max cap violation count 0

==========================================================================
cts final setup_violation_count
--------------------------------------------------------------------------
setup violation count 0

==========================================================================
cts final hold_violation_count
--------------------------------------------------------------------------
hold violation count 0

==========================================================================
cts final report_checks -path_delay max reg to reg
--------------------------------------------------------------------------
Startpoint: state_reg[28]$_DFFE_PN0P_
            (rising edge-triggered flip-flop clocked by clk)
Endpoint: state_reg[5]$_DFFE_PN0P_
          (rising edge-triggered flip-flop clocked by clk)
Path Group: clk
Path Type: max

  Delay    Time   Description
---------------------------------------------------------
   0.00    0.00   clock clk (rise edge)
   0.00    0.00   clock source latency
   0.00    0.00 ^ clk (in)
   0.12    0.12 ^ clkbuf_0_clk/X (sky130_fd_sc_hs__clkbuf_16)
   0.16    0.28 ^ clkbuf_2_0__f_clk/X (sky130_fd_sc_hs__clkbuf_16)
   0.13    0.41 ^ clkbuf_leaf_27_clk/X (sky130_fd_sc_hs__clkbuf_16)
   0.00    0.41 ^ state_reg[28]$_DFFE_PN0P_/CLK (sky130_fd_sc_hs__dfrtp_2)
   0.51    0.92 ^ state_reg[28]$_DFFE_PN0P_/Q (sky130_fd_sc_hs__dfrtp_2)
   0.63    1.54 ^ place884/X (sky130_fd_sc_hs__buf_2)
   0.45    1.99 v _20329_/Y (sky130_fd_sc_hs__nand2b_1)
   0.21    2.20 ^ _21305_/Y (sky130_fd_sc_hs__o21ai_1)
   0.08    2.28 v _21308_/Y (sky130_fd_sc_hs__a22oi_1)
   0.09    2.37 ^ _21309_/Y (sky130_fd_sc_hs__nor2_1)
   0.06    2.42 v _21313_/Y (sky130_fd_sc_hs__a2111oi_1)
   0.49    2.91 ^ _21329_/Y (sky130_fd_sc_hs__a311oi_1)
   0.24    3.16 ^ place690/X (sky130_fd_sc_hs__buf_1)
   0.31    3.47 v _22653_/X (sky130_fd_sc_hs__xnor3_1)
   0.11    3.58 v _22654_/Y (sky130_fd_sc_hs__xnor2_1)
   0.37    3.95 ^ _22656_/Y (sky130_fd_sc_hs__o21ai_1)
   0.11    4.06 v _22659_/Y (sky130_fd_sc_hs__a211oi_1)
   0.19    4.25 ^ _22661_/Y (sky130_fd_sc_hs__a211oi_1)
   0.00    4.25 ^ state_reg[5]$_DFFE_PN0P_/D (sky130_fd_sc_hs__dfrtp_2)
           4.25   data arrival time

  10.00   10.00   clock clk (rise edge)
   0.00   10.00   clock source latency
   0.00   10.00 ^ clk (in)
   0.12   10.12 ^ clkbuf_0_clk/X (sky130_fd_sc_hs__clkbuf_16)
   0.16   10.28 ^ clkbuf_2_1__f_clk/X (sky130_fd_sc_hs__clkbuf_16)
   0.13   10.41 ^ clkbuf_leaf_9_clk/X (sky130_fd_sc_hs__clkbuf_16)
   0.00   10.41 ^ state_reg[5]$_DFFE_PN0P_/CLK (sky130_fd_sc_hs__dfrtp_2)
  -0.20   10.21   clock uncertainty
   0.00   10.21   clock reconvergence pessimism
  -0.17   10.05   library setup time
          10.05   data required time
---------------------------------------------------------
          10.05   data required time
          -4.25   data arrival time
---------------------------------------------------------
           5.80   slack (MET)



==========================================================================
cts final report_checks -path_delay min reg to reg
--------------------------------------------------------------------------
Startpoint: u_controller.round[3]$_DFFE_PN0P_
            (rising edge-triggered flip-flop clocked by clk)
Endpoint: u_controller.round[3]$_DFFE_PN0P_
          (rising edge-triggered flip-flop clocked by clk)
Path Group: clk
Path Type: min

  Delay    Time   Description
---------------------------------------------------------
   0.00    0.00   clock clk (rise edge)
   0.00    0.00   clock source latency
   0.00    0.00 ^ clk (in)
   0.12    0.12 ^ clkbuf_0_clk/X (sky130_fd_sc_hs__clkbuf_16)
   0.16    0.28 ^ clkbuf_2_1__f_clk/X (sky130_fd_sc_hs__clkbuf_16)
   0.13    0.41 ^ clkbuf_leaf_11_clk/X (sky130_fd_sc_hs__clkbuf_16)
   0.00    0.41 ^ u_controller.round[3]$_DFFE_PN0P_/CLK (sky130_fd_sc_hs__dfrtp_1)
   0.22    0.63 ^ u_controller.round[3]$_DFFE_PN0P_/Q (sky130_fd_sc_hs__dfrtp_1)
   0.06    0.69 v _25391_/Y (sky130_fd_sc_hs__xnor2_1)
   0.06    0.76 ^ _25392_/Y (sky130_fd_sc_hs__nor2_1)
   0.00    0.76 ^ u_controller.round[3]$_DFFE_PN0P_/D (sky130_fd_sc_hs__dfrtp_1)
           0.76   data arrival time

   0.00    0.00   clock clk (rise edge)
   0.00    0.00   clock source latency
   0.00    0.00 ^ clk (in)
   0.12    0.12 ^ clkbuf_0_clk/X (sky130_fd_sc_hs__clkbuf_16)
   0.16    0.28 ^ clkbuf_2_1__f_clk/X (sky130_fd_sc_hs__clkbuf_16)
   0.13    0.41 ^ clkbuf_leaf_11_clk/X (sky130_fd_sc_hs__clkbuf_16)
   0.00    0.41 ^ u_controller.round[3]$_DFFE_PN0P_/CLK (sky130_fd_sc_hs__dfrtp_1)
   0.20    0.61   clock uncertainty
   0.00    0.61   clock reconvergence pessimism
  -0.03    0.58   library hold time
           0.58   data required time
---------------------------------------------------------
           0.58   data required time
          -0.76   data arrival time
---------------------------------------------------------
           0.18   slack (MET)



==========================================================================
cts final critical path target clock latency max path
--------------------------------------------------------------------------
0.4121

==========================================================================
cts final critical path target clock latency min path
--------------------------------------------------------------------------
0.4126

==========================================================================
cts final critical path source clock latency min path
--------------------------------------------------------------------------
0.0000

==========================================================================
cts final critical path delay
--------------------------------------------------------------------------
4.2458

==========================================================================
cts final critical path slack
--------------------------------------------------------------------------
5.8006

==========================================================================
cts final slack div critical path delay
--------------------------------------------------------------------------
136.619718

==========================================================================
cts final report_power
--------------------------------------------------------------------------
Group                  Internal  Switching    Leakage      Total
                          Power      Power      Power      Power (Watts)
----------------------------------------------------------------
Sequential             3.67e-03   4.77e-03   1.60e-07   8.44e-03   8.6%
Combinational          5.78e-02   3.00e-02   8.25e-07   8.78e-02  89.6%
Clock                  9.27e-04   7.73e-04   1.08e-08   1.70e-03   1.7%
Macro                  0.00e+00   0.00e+00   0.00e+00   0.00e+00   0.0%
Pad                    0.00e+00   0.00e+00   0.00e+00   0.00e+00   0.0%
----------------------------------------------------------------
Total                  6.24e-02   3.55e-02   9.96e-07   9.79e-02 100.0%
                          63.7%      36.3%       0.0%
